Component: Arm Compiler for Embedded 6.19 Tool: armlink [5e73cb00]

==============================================================================

Section Cross References

    startup_stm32g431xx.o(STACK) refers (Special) to heapauxi.o(.text) for __use_two_region_memory
    startup_stm32g431xx.o(HEAP) refers (Special) to heapauxi.o(.text) for __use_two_region_memory
    startup_stm32g431xx.o(RESET) refers (Special) to heapauxi.o(.text) for __use_two_region_memory
    startup_stm32g431xx.o(RESET) refers to startup_stm32g431xx.o(STACK) for __initial_sp
    startup_stm32g431xx.o(RESET) refers to startup_stm32g431xx.o(.text) for Reset_Handler
    startup_stm32g431xx.o(RESET) refers to stm32g4xx_it.o(.text.NMI_Handler) for NMI_Handler
    startup_stm32g431xx.o(RESET) refers to stm32g4xx_it.o(.text.HardFault_Handler) for HardFault_Handler
    startup_stm32g431xx.o(RESET) refers to stm32g4xx_it.o(.text.MemManage_Handler) for MemManage_Handler
    startup_stm32g431xx.o(RESET) refers to stm32g4xx_it.o(.text.BusFault_Handler) for BusFault_Handler
    startup_stm32g431xx.o(RESET) refers to stm32g4xx_it.o(.text.UsageFault_Handler) for UsageFault_Handler
    startup_stm32g431xx.o(RESET) refers to port.o(.text.SVC_Handler) for SVC_Handler
    startup_stm32g431xx.o(RESET) refers to stm32g4xx_it.o(.text.DebugMon_Handler) for DebugMon_Handler
    startup_stm32g431xx.o(RESET) refers to port.o(.text.PendSV_Handler) for PendSV_Handler
    startup_stm32g431xx.o(RESET) refers to cmsis_os2.o(.text.SysTick_Handler) for SysTick_Handler
    startup_stm32g431xx.o(RESET) refers to stm32g4xx_it.o(.text.DMA1_Channel1_IRQHandler) for DMA1_Channel1_IRQHandler
    startup_stm32g431xx.o(RESET) refers to stm32g4xx_it.o(.text.DMA1_Channel2_IRQHandler) for DMA1_Channel2_IRQHandler
    startup_stm32g431xx.o(RESET) refers to stm32g4xx_it.o(.text.DMA1_Channel3_IRQHandler) for DMA1_Channel3_IRQHandler
    startup_stm32g431xx.o(RESET) refers to stm32g4xx_it.o(.text.DMA1_Channel4_IRQHandler) for DMA1_Channel4_IRQHandler
    startup_stm32g431xx.o(RESET) refers to stm32g4xx_it.o(.text.DMA1_Channel5_IRQHandler) for DMA1_Channel5_IRQHandler
    startup_stm32g431xx.o(RESET) refers to stm32g4xx_it.o(.text.USB_LP_IRQHandler) for USB_LP_IRQHandler
    startup_stm32g431xx.o(RESET) refers to stm32g4xx_it.o(.text.TIM7_IRQHandler) for TIM7_IRQHandler
    startup_stm32g431xx.o(RESET) refers to stm32g4xx_it.o(.text.UCPD1_IRQHandler) for UCPD1_IRQHandler
    startup_stm32g431xx.o(.text) refers (Special) to heapauxi.o(.text) for __use_two_region_memory
    startup_stm32g431xx.o(.text) refers to system_stm32g4xx.o(.text.SystemInit) for SystemInit
    startup_stm32g431xx.o(.text) refers to __main.o(!!!main) for __main
    startup_stm32g431xx.o(.text) refers to startup_stm32g431xx.o(HEAP) for Heap_Mem
    startup_stm32g431xx.o(.text) refers to startup_stm32g431xx.o(STACK) for Stack_Mem
    main.o(.text.main) refers to stm32g4xx_hal.o(.text.HAL_Init) for HAL_Init
    main.o(.text.main) refers to stm32g4xx_hal_pwr_ex.o(.text.HAL_PWREx_ControlVoltageScaling) for HAL_PWREx_ControlVoltageScaling
    main.o(.text.main) refers to stm32g4xx_hal_rcc.o(.text.HAL_RCC_OscConfig) for HAL_RCC_OscConfig
    main.o(.text.main) refers to stm32g4xx_hal_rcc.o(.text.HAL_RCC_ClockConfig) for HAL_RCC_ClockConfig
    main.o(.text.main) refers to stm32g4xx_hal_rcc.o(.text.HAL_RCC_EnableCSS) for HAL_RCC_EnableCSS
    main.o(.text.main) refers to gpio.o(.text.MX_GPIO_Init) for MX_GPIO_Init
    main.o(.text.main) refers to dma.o(.text.MX_DMA_Init) for MX_DMA_Init
    main.o(.text.main) refers to adc.o(.text.MX_ADC1_Init) for MX_ADC1_Init
    main.o(.text.main) refers to adc.o(.text.MX_ADC2_Init) for MX_ADC2_Init
    main.o(.text.main) refers to comp.o(.text.MX_COMP1_Init) for MX_COMP1_Init
    main.o(.text.main) refers to comp.o(.text.MX_COMP2_Init) for MX_COMP2_Init
    main.o(.text.main) refers to comp.o(.text.MX_COMP4_Init) for MX_COMP4_Init
    main.o(.text.main) refers to dac.o(.text.MX_DAC1_Init) for MX_DAC1_Init
    main.o(.text.main) refers to dac.o(.text.MX_DAC3_Init) for MX_DAC3_Init
    main.o(.text.main) refers to i2c.o(.text.MX_I2C3_Init) for MX_I2C3_Init
    main.o(.text.main) refers to opamp.o(.text.MX_OPAMP1_Init) for MX_OPAMP1_Init
    main.o(.text.main) refers to opamp.o(.text.MX_OPAMP2_Init) for MX_OPAMP2_Init
    main.o(.text.main) refers to opamp.o(.text.MX_OPAMP3_Init) for MX_OPAMP3_Init
    main.o(.text.main) refers to spi.o(.text.MX_SPI2_Init) for MX_SPI2_Init
    main.o(.text.main) refers to tim.o(.text.MX_TIM1_Init) for MX_TIM1_Init
    main.o(.text.main) refers to tim.o(.text.MX_TIM2_Init) for MX_TIM2_Init
    main.o(.text.main) refers to tim.o(.text.MX_TIM3_Init) for MX_TIM3_Init
    main.o(.text.main) refers to tim.o(.text.MX_TIM8_Init) for MX_TIM8_Init
    main.o(.text.main) refers to tim.o(.text.MX_TIM15_Init) for MX_TIM15_Init
    main.o(.text.main) refers to tim.o(.text.MX_TIM17_Init) for MX_TIM17_Init
[...]
    USBD_StrDesc                             0x20000478   Data         512  usbd_desc.o(.bss.USBD_StrDesc)
    defaultTaskHandle                        0x2000068c   Data           4  app_freertos.o(.bss.defaultTaskHandle)
    hUsbDeviceFS                             0x20000690   Data         720  usb_device.o(.bss.hUsbDeviceFS)
    hadc1                                    0x20000960   Data         108  adc.o(.bss.hadc1)
    hadc2                                    0x200009cc   Data         108  adc.o(.bss.hadc2)
    hcomp1                                   0x20000a38   Data          36  comp.o(.bss.hcomp1)
    hcomp2                                   0x20000a5c   Data          36  comp.o(.bss.hcomp2)
    hcomp4                                   0x20000a80   Data          36  comp.o(.bss.hcomp4)
    hdac1                                    0x20000aa4   Data          20  dac.o(.bss.hdac1)
    hdac3                                    0x20000ab8   Data          20  dac.o(.bss.hdac3)
    hdma_adc2                                0x20000acc   Data          96  adc.o(.bss.hdma_adc2)
    hdma_tim2_ch3                            0x20000b2c   Data          96  tim.o(.bss.hdma_tim2_ch3)
    hi2c3                                    0x20000b8c   Data          84  i2c.o(.bss.hi2c3)
    hopamp1                                  0x20000be0   Data          60  opamp.o(.bss.hopamp1)
    hopamp2                                  0x20000c1c   Data          60  opamp.o(.bss.hopamp2)
    hopamp3                                  0x20000c58   Data          60  opamp.o(.bss.hopamp3)
    hpcd_USB_FS                              0x20000c94   Data         732  usbd_conf.o(.bss.hpcd_USB_FS)
    hspi2                                    0x20000f70   Data         100  spi.o(.bss.hspi2)
    htim1                                    0x20000fd4   Data          76  tim.o(.bss.htim1)
    htim15                                   0x20001020   Data          76  tim.o(.bss.htim15)
    htim17                                   0x2000106c   Data          76  tim.o(.bss.htim17)
    htim2                                    0x200010b8   Data          76  tim.o(.bss.htim2)
    htim3                                    0x20001104   Data          76  tim.o(.bss.htim3)
    htim7                                    0x20001150   Data          76  stm32g4xx_hal_timebase_tim.o(.bss.htim7)
    htim8                                    0x2000119c   Data          76  tim.o(.bss.htim8)
    huart1                                   0x200011e8   Data         148  usart.o(.bss.huart1)
    huart3                                   0x2000127c   Data         148  usart.o(.bss.huart3)
    timer_initcounter                        0x20001860   Data           1  usbpd_timersserver.o(.bss.timer_initcounter)
    uwTick                                   0x20002464   Data           4  stm32g4xx_hal.o(.bss.uwTick)
    xQueueRegistry                           0x20002b20   Data          64  queue.o(.bss.xQueueRegistry)



==============================================================================

Memory Map of the image

  Image Entry point : 0x080001d9

  Load Region LR_IROM1 (Base: 0x08000000, Size: 0x000107b0, Max: 0x00020000, ABSOLUTE, COMPRESSED[0x00010690])

    Execution Region ER_IROM1 (Exec base: 0x08000000, Load base: 0x08000000, Size: 0x0001058c, Max: 0x00020000, ABSOLUTE)

    Exec Addr    Load Addr    Size         Type   Attr      Idx    E Section Name        Object

    0x08000000   0x08000000   0x000001d8   Data   RO            3    RESET               startup_stm32g431xx.o
    0x080001d8   0x080001d8   0x00000008   Code   RO         3943  * !!!main             c_w.l(__main.o)
    0x080001e0   0x080001e0   0x00000034   Code   RO         4168    !!!scatter          c_w.l(__scatter.o)
    0x08000214   0x08000214   0x0000005a   Code   RO         4166    !!dczerorl2         c_w.l(__dczerorl2.o)
    0x0800026e   0x0800026e   0x00000002   PAD
    0x08000270   0x08000270   0x0000001c   Code   RO         4170    !!handler_zi        c_w.l(__scatter_zi.o)
    0x0800028c   0x0800028c   0x00000002   Code   RO         4101    .ARM.Collect$$libinit$$00000000  c_w.l(libinit.o)
    0x0800028e   0x0800028e   0x00000004   Code   RO         3983    .ARM.Collect$$libinit$$00000001  c_w.l(libinit2.o)
    0x08000292   0x08000292   0x00000000   Code   RO         3986    .ARM.Collect$$libinit$$00000004  c_w.l(libinit2.o)
    0x08000292   0x08000292   0x00000000   Code   RO         3988    .ARM.Collect$$libinit$$00000006  c_w.l(libinit2.o)
    0x08000292   0x08000292   0x00000008   Code   RO         3989    .ARM.Collect$$libinit$$00000007  c_w.l(libinit2.o)
    0x0800029a   0x0800029a   0x00000000   Code   RO         3991    .ARM.Collect$$libinit$$0000000C  c_w.l(libinit2.o)
    0x0800029a   0x0800029a   0x00000000   Code   RO         3993    .ARM.Collect$$libinit$$0000000E  c_w.l(libinit2.o)
    0x0800029a   0x0800029a   0x00000000   Code   RO         3995    .ARM.Collect$$libinit$$00000010  c_w.l(libinit2.o)
    0x0800029a   0x0800029a   0x00000000   Code   RO         3998    .ARM.Collect$$libinit$$00000013  c_w.l(libinit2.o)
    0x0800029a   0x0800029a   0x00000000   Code   RO         4000    .ARM.Collect$$libinit$$00000015  c_w.l(libinit2.o)
    0x0800029a   0x0800029a   0x00000000   Code   RO         4002    .ARM.Collect$$libinit$$00000017  c_w.l(libinit2.o)
    0x0800029a   0x0800029a   0x00000000   Code   RO         4004    .ARM.Collect$$libinit$$00000019  c_w.l(libinit2.o)
    0x0800029a   0x0800029a   0x00000000   Code   RO         4006    .ARM.Collect$$libinit$$0000001B  c_w.l(libinit2.o)
    0x0800029a   0x0800029a   0x00000000   Code   RO         4008    .ARM.Collect$$libinit$$0000001D  c_w.l(libinit2.o)
    0x0800029a   0x0800029a   0x00000000   Code   RO         4010    .ARM.Collect$$libinit$$0000001F  c_w.l(libinit2.o)
    0x0800029a   0x0800029a   0x00000000   Code   RO         4012    .ARM.Collect$$libinit$$00000021  c_w.l(libinit2.o)
    0x0800029a   0x0800029a   0x00000000   Code   RO         4014    .ARM.Collect$$libinit$$00000023  c_w.l(libinit2.o)
    0x0800029a   0x0800029a   0x00000000   Code   RO         4016    .ARM.Collect$$libinit$$00000025  c_w.l(libinit2.o)
    0x0800029a   0x0800029a   0x00000000   Code   RO         4018    .ARM.Collect$$libinit$$00000027  c_w.l(libinit2.o)
    0x0800029a   0x0800029a   0x00000000   Code   RO         4022    .ARM.Collect$$libinit$$0000002E  c_w.l(libinit2.o)
    0x0800029a   0x0800029a   0x00000000   Code   RO         4024    .ARM.Collect$$libinit$$00000030  c_w.l(libinit2.o)
    0x0800029a   0x0800029a   0x00000000   Code   RO         4026    .ARM.Collect$$libinit$$00000032  c_w.l(libinit2.o)
    0x0800029a   0x0800029a   0x00000000   Code   RO         4028    .ARM.Collect$$libinit$$00000034  c_w.l(libinit2.o)
    0x0800029a   0x0800029a   0x00000002   Code   RO         4029    .ARM.Collect$$libinit$$00000035  c_w.l(libinit2.o)
    0x0800029c   0x0800029c   0x00000002   Code   RO         4163    .ARM.Collect$$libshutdown$$00000000  c_w.l(libshutdown.o)
    0x0800029e   0x0800029e   0x00000000   Code   RO         4119    .ARM.Collect$$libshutdown$$00000002  c_w.l(libshutdown2.o)
    0x0800029e   0x0800029e   0x00000000   Code   RO         4121    .ARM.Collect$$libshutdown$$00000004  c_w.l(libshutdown2.o)
    0x0800029e   0x0800029e   0x00000000   Code   RO         4124    .ARM.Collect$$libshutdown$$00000007  c_w.l(libshutdown2.o)
    0x0800029e   0x0800029e   0x00000000   Code   RO         4127    .ARM.Collect$$libshutdown$$0000000A  c_w.l(libshutdown2.o)
    0x0800029e   0x0800029e   0x00000000   Code   RO         4129    .ARM.Collect$$libshutdown$$0000000C  c_w.l(libshutdown2.o)
    0x0800029e   0x0800029e   0x00000000   Code   RO         4132    .ARM.Collect$$libshutdown$$0000000F  c_w.l(libshutdown2.o)
    0x0800029e   0x0800029e   0x00000002   Code   RO         4133    .ARM.Collect$$libshutdown$$00000010  c_w.l(libshutdown2.o)
    0x080002a0   0x080002a0   0x00000000   Code   RO         3947    .ARM.Collect$$rtentry$$00000000  c_w.l(__rtentry.o)
    0x080002a0   0x080002a0   0x00000000   Code   RO         4038    .ARM.Collect$$rtentry$$00000002  c_w.l(__rtentry2.o)
    0x080002a0   0x080002a0   0x00000006   Code   RO         4050    .ARM.Collect$$rtentry$$00000004  c_w.l(__rtentry4.o)
    0x080002a6   0x080002a6   0x00000000   Code   RO         4040    .ARM.Collect$$rtentry$$00000009  c_w.l(__rtentry2.o)
    0x080002a6   0x080002a6   0x00000004   Code   RO         4041    .ARM.Collect$$rtentry$$0000000A  c_w.l(__rtentry2.o)
    0x080002aa   0x080002aa   0x00000000   Code   RO         4043    .ARM.Collect$$rtentry$$0000000C  c_w.l(__rtentry2.o)
    0x080002aa   0x080002aa   0x00000008   Code   RO         4044    .ARM.Collect$$rtentry$$0000000D  c_w.l(__rtentry2.o)
    0x080002b2   0x080002b2   0x00000002   Code   RO         4106    .ARM.Collect$$rtexit$$00000000  c_w.l(rtexit.o)
    0x080002b4   0x080002b4   0x00000000   Code   RO         4139    .ARM.Collect$$rtexit$$00000002  c_w.l(rtexit2.o)
    0x080002b4   0x080002b4   0x00000004   Code   RO         4140    .ARM.Collect$$rtexit$$00000003  c_w.l(rtexit2.o)
    0x080002b8   0x080002b8   0x00000006   Code   RO         4141    .ARM.Collect$$rtexit$$00000004  c_w.l(rtexit2.o)
    0x080002be   0x080002be   0x00000002   PAD
    0x080002c0   0x080002c0   0x00000040   Code   RO            4    .text               startup_stm32g431xx.o
    0x08000300   0x08000300   0x0000005e   Code   RO         3873    .text               c_w.l(h1_alloc.o)
    0x0800035e   0x0800035e   0x000000f0   Code   RO         3927    .text               c_w.l(lludivv7m.o)
    0x0800044e   0x0800044e   0x0000008a   Code   RO         3929    .text               c_w.l(rt_memcpy_v6.o)
    0x080004d8   0x080004d8   0x00000064   Code   RO         3931    .text               c_w.l(rt_memcpy_w.o)
    0x0800053c   0x0800053c   0x00000010   Code   RO         3933    .text               c_w.l(aeabi_memset.o)
    0x0800054c   0x0800054c   0x00000010   Code   RO         3935    .text               c_w.l(aeabi_memset4.o)
    0x0800055c   0x0800055c   0x00000044   Code   RO         3937    .text               c_w.l(rt_memclr.o)
    0x080005a0   0x080005a0   0x0000004e   Code   RO         3939    .text               c_w.l(rt_memclr_w.o)
    0x080005ee   0x080005ee   0x00000006   Code   RO         3941    .text               c_w.l(heapauxi.o)
    0x080005f4   0x080005f4   0x00000008   Code   RO         3955    .text               c_w.l(rt_heap_descriptor_intlibspace.o)
    0x080005fc   0x080005fc   0x00000004   Code   RO         3957    .text               c_w.l(hguard.o)
    0x08000600   0x08000600   0x0000008a   Code   RO         3959    .text               c_w.l(init_alloc.o)
    0x0800068a   0x0800068a   0x0000000e   Code   RO         3965    .text               c_w.l(h1_init.o)
    0x08000698   0x08000698   0x0000004e   Code   RO         3967    .text               c_w.l(h1_free.o)
    0x080006e6   0x080006e6   0x00000002   PAD
    0x080006e8   0x080006e8   0x00000008   Code   RO         4034    .text               c_w.l(libspace.o)
    0x080006f0   0x080006f0   0x00000000   Code   RO         4056    .text               c_w.l(maybetermalloc1.o)
    0x080006f0   0x080006f0   0x00000034   Code   RO         4058    .text               c_w.l(h1_extend.o)
    0x08000724   0x08000724   0x0000000e   Code   RO         4062    .text               c_w.l(defsig_rtmem_outer.o)
    0x08000732   0x08000732   0x00000002   Code   RO         4073    .text               c_w.l(use_no_semi.o)
    0x08000734   0x08000734   0x00000000   Code   RO         4075    .text               c_w.l(indicate_semi.o)
    0x08000734   0x08000734   0x0000004a   Code   RO         4076    .text               c_w.l(sys_stackheap_outer.o)
    0x0800077e   0x0800077e   0x00000012   Code   RO         4082    .text               c_w.l(exit.o)
    0x08000790   0x08000790   0x0000000a   Code   RO         4084    .text               c_w.l(defsig_exit.o)
    0x0800079a   0x0800079a   0x00000002   PAD
    0x0800079c   0x0800079c   0x00000050   Code   RO         4090    .text               c_w.l(defsig_rtmem_inner.o)
    0x080007ec   0x080007ec   0x0000000c   Code   RO         4102    .text               c_w.l(sys_exit.o)
    0x080007f8   0x080007f8   0x00000032   Code   RO         4114    .text               c_w.l(defsig_general.o)
    0x0800082a   0x0800082a   0x0000000e   Code   RO         4134    .text               c_w.l(sys_wrch.o)
    0x08000838   0x08000838   0x0000000a   Code   RO          355    .text.BSP_USBPD_PWR_Init  usbpd_pwr_user.o
    0x08000842   0x08000842   0x00000002   PAD
    0x08000844   0x08000844   0x00000010   Code   RO          367    .text.BSP_USBPD_PWR_VBUSDeInit  usbpd_pwr_user.o
    0x08000854   0x08000854   0x0000001c   Code   RO          381    .text.BSP_USBPD_PWR_VBUSGetVoltage  usbpd_pwr_user.o
    0x08000870   0x08000870   0x0000000a   Code   RO          365    .text.BSP_USBPD_PWR_VBUSInit  usbpd_pwr_user.o
    0x0800087a   0x0800087a   0x00000002   PAD
    0x0800087c   0x0800087c   0x00000002   Code   RO          646    .text.BusFault_Handler  stm32g4xx_it.o
    0x0800087e   0x0800087e   0x00000002   PAD
    0x08000880   0x08000880   0x00000038   Code   RO         3258    .text.CAD_Enter_ErrorRecovery  usbpd_cad_hw_if.o
    0x080008b8   0x080008b8   0x00000110   Code   RO         3254    .text.CAD_Init      usbpd_cad_hw_if.o
    0x080009c8   0x080009c8   0x00000110   Code   RO         3264    .text.CAD_StateMachine  usbpd_cad_hw_if.o
    0x08000ad8   0x08000ad8   0x000002a6   Code   RO         3256    .text.CAD_StateMachine_SNK  usbpd_cad_hw_if.o
    0x08000d7e   0x08000d7e   0x00000002   PAD
    0x08000d80   0x08000d80   0x0000000c   Code   RO          652    .text.DMA1_Channel1_IRQHandler  stm32g4xx_it.o
    0x08000d8c   0x08000d8c   0x0000000c   Code   RO          654    .text.DMA1_Channel2_IRQHandler  stm32g4xx_it.o
    0x08000d98   0x08000d98   0x0000000c   Code   RO          656    .text.DMA1_Channel3_IRQHandler  stm32g4xx_it.o
    0x08000da4   0x08000da4   0x00000002   Code   RO          658    .text.DMA1_Channel4_IRQHandler  stm32g4xx_it.o
    0x08000da6   0x08000da6   0x00000002   PAD
    0x08000da8   0x08000da8   0x00000002   Code   RO          660    .text.DMA1_Channel5_IRQHandler  stm32g4xx_it.o
    0x08000daa   0x08000daa   0x00000002   PAD
    0x08000dac   0x08000dac   0x00000002   Code   RO          650    .text.DebugMon_Handler  stm32g4xx_it.o
    0x08000dae   0x08000dae   0x00000002   PAD
    0x08000db0   0x08000db0   0x0000000a   Code   RO           15    .text.Error_Handler  main.o
    0x08000dba   0x08000dba   0x00000002   PAD
    0x08000dbc   0x08000dbc   0x000000c0   Code   RO         1505    .text.HAL_ADCEx_MultiModeConfigChannel  stm32g4xx_hal_adc_ex.o
    0x08000e7c   0x08000e7c   0x000003b2   Code   RO         1445    .text.HAL_ADC_ConfigChannel  stm32g4xx_hal_adc.o
    0x0800122e   0x0800122e   0x00000002   PAD
    0x08001230   0x08001230   0x00000240   Code   RO         1393    .text.HAL_ADC_Init  stm32g4xx_hal_adc.o
    0x08001470   0x08001470   0x0000017c   Code   RO           55    .text.HAL_ADC_MspInit  adc.o
    0x080015ec   0x080015ec   0x00000160   Code   RO         1551    .text.HAL_COMP_Init  stm32g4xx_hal_comp.o
    0x0800174c   0x0800174c   0x000000b4   Code   RO           77    .text.HAL_COMP_MspInit  comp.o
    0x08001800   0x08001800   0x000001e0   Code   RO         1619    .text.HAL_DAC_ConfigChannel  stm32g4xx_hal_dac.o
    0x080019e0   0x080019e0   0x00000028   Code   RO         1583    .text.HAL_DAC_Init  stm32g4xx_hal_dac.o
    0x08001a08   0x08001a08   0x0000005a   Code   RO           96    .text.HAL_DAC_MspInit  dac.o
    0x08001a62   0x08001a62   0x00000002   PAD
    0x08001a64   0x08001a64   0x000000aa   Code   RO         1189    .text.HAL_DMA_IRQHandler  stm32g4xx_hal_dma.o
    0x08001b0e   0x08001b0e   0x00000002   PAD
    0x08001b10   0x08001b10   0x0000012a   Code   RO         1175    .text.HAL_DMA_Init  stm32g4xx_hal_dma.o
    0x08001c3a   0x08001c3a   0x00000002   PAD
    0x08001c3c   0x08001c3c   0x00000028   Code   RO          905    .text.HAL_Delay     stm32g4xx_hal.o
    0x08001c64   0x08001c64   0x000001aa   Code   RO         1125    .text.HAL_GPIO_Init  stm32g4xx_hal_gpio.o
    0x08001e0e   0x08001e0e   0x00000002   PAD
    0x08001e10   0x08001e10   0x0000000c   Code   RO         1131    .text.HAL_GPIO_WritePin  stm32g4xx_hal_gpio.o
    0x08001e1c   0x08001e1c   0x0000000c   Code   RO          897    .text.HAL_GetTick   stm32g4xx_hal.o
    0x08001e28   0x08001e28   0x0000004a   Code   RO         1837    .text.HAL_I2CEx_ConfigAnalogFilter  stm32g4xx_hal_i2c_ex.o
    0x08001e72   0x08001e72   0x00000002   PAD
    0x08001e74   0x08001e74   0x00000048   Code   RO         1839    .text.HAL_I2CEx_ConfigDigitalFilter  stm32g4xx_hal_i2c_ex.o
    0x08001ebc   0x08001ebc   0x000000ae   Code   RO         1683    .text.HAL_I2C_Init  stm32g4xx_hal_i2c.o
    0x08001f6a   0x08001f6a   0x00000002   PAD
    0x08001f6c   0x08001f6c   0x0000008a   Code   RO          122    .text.HAL_I2C_MspInit  i2c.o
    0x08001ff6   0x08001ff6   0x00000002   PAD
    0x08001ff8   0x08001ff8   0x0000001a   Code   RO          895    .text.HAL_IncTick   stm32g4xx_hal.o
    0x08002012   0x08002012   0x00000002   PAD
    0x08002014   0x08002014   0x0000001e   Code   RO          885    .text.HAL_Init      stm32g4xx_hal.o
    0x08002032   0x08002032   0x00000002   PAD
    0x08002034   0x08002034   0x000000b0   Code   RO          684    .text.HAL_InitTick  stm32g4xx_hal_timebase_tim.o
    0x080020e4   0x080020e4   0x0000003c   Code   RO          675    .text.HAL_MspInit   stm32g4xx_hal_msp.o
    0x08002120   0x08002120   0x00000026   Code   RO         1351    .text.HAL_NVIC_EnableIRQ  stm32g4xx_hal_cortex.o
    0x08002146   0x08002146   0x00000002   PAD
    0x08002148   0x08002148   0x00000056   Code   RO         1349    .text.HAL_NVIC_SetPriority  stm32g4xx_hal_cortex.o
    0x0800219e   0x0800219e   0x00000002   PAD
    0x080021a0   0x080021a0   0x00000020   Code   RO         1347    .text.HAL_NVIC_SetPriorityGrouping  stm32g4xx_hal_cortex.o
    0x080021c0   0x080021c0   0x0000010c   Code   RO         1857    .text.HAL_OPAMP_Init  stm32g4xx_hal_opamp.o
    0x080022cc   0x080022cc   0x000000b4   Code   RO          141    .text.HAL_OPAMP_MspInit  opamp.o
    0x08002380   0x08002380   0x0000002a   Code   RO          819    .text.HAL_PCDEx_ActivateLPM  stm32g4xx_hal_pcd_ex.o
    0x080023aa   0x080023aa   0x00000002   PAD
    0x080023ac   0x080023ac   0x00000052   Code   RO          595    .text.HAL_PCDEx_LPM_Callback  usbd_conf.o
    0x080023fe   0x080023fe   0x00000002   PAD
    0x08002400   0x08002400   0x0000003a   Code   RO          809    .text.HAL_PCDEx_PMAConfig  stm32g4xx_hal_pcd_ex.o
    0x0800243a   0x0800243a   0x00000002   PAD
    0x0800243c   0x0800243c   0x00000014   Code   RO          549    .text.HAL_PCD_DataInStageCallback  usbd_conf.o
    0x08002450   0x08002450   0x00000016   Code   RO          547    .text.HAL_PCD_DataOutStageCallback  usbd_conf.o
    0x08002466   0x08002466   0x00000002   PAD
    0x08002468   0x08002468   0x0000004e   Code   RO          779    .text.HAL_PCD_EP_Close  stm32g4xx_hal_pcd.o
    0x080024b6   0x080024b6   0x00000002   PAD
    0x080024b8   0x080024b8   0x00000062   Code   RO          789    .text.HAL_PCD_EP_ClrStall  stm32g4xx_hal_pcd.o
    0x0800251a   0x0800251a   0x00000002   PAD
    0x0800251c   0x0800251c   0x00000060   Code   RO          777    .text.HAL_PCD_EP_Open  stm32g4xx_hal_pcd.o
    0x0800257c   0x0800257c   0x00000032   Code   RO          781    .text.HAL_PCD_EP_Receive  stm32g4xx_hal_pcd.o
    0x080025ae   0x080025ae   0x00000002   PAD
    0x080025b0   0x080025b0   0x00000064   Code   RO          787    .text.HAL_PCD_EP_SetStall  stm32g4xx_hal_pcd.o
    0x08002614   0x08002614   0x00000036   Code   RO          785    .text.HAL_PCD_EP_Transmit  stm32g4xx_hal_pcd.o
    0x0800264a   0x0800264a   0x00000002   PAD
    0x0800264c   0x0800264c   0x00000962   Code   RO          747    .text.HAL_PCD_IRQHandler  stm32g4xx_hal_pcd.o
    0x08002fae   0x08002fae   0x00000002   PAD
    0x08002fb0   0x08002fb0   0x00000216   Code   RO          735    .text.HAL_PCD_Init  stm32g4xx_hal_pcd.o
    0x080031c6   0x080031c6   0x00000002   PAD
    0x080031c8   0x080031c8   0x00000066   Code   RO          541    .text.HAL_PCD_MspInit  usbd_conf.o
    0x0800322e   0x0800322e   0x00000002   PAD
    0x08003230   0x08003230   0x00000024   Code   RO          553    .text.HAL_PCD_ResetCallback  usbd_conf.o
    0x08003254   0x08003254   0x00000028   Code   RO          557    .text.HAL_PCD_ResumeCallback  usbd_conf.o
    0x0800327c   0x0800327c   0x00000008   Code   RO          551    .text.HAL_PCD_SOFCallback  usbd_conf.o
    0x08003284   0x08003284   0x00000026   Code   RO          751    .text.HAL_PCD_SetAddress  stm32g4xx_hal_pcd.o
    0x080032aa   0x080032aa   0x00000002   PAD
    0x080032ac   0x080032ac   0x0000000e   Code   RO          545    .text.HAL_PCD_SetupStageCallback  usbd_conf.o
    0x080032ba   0x080032ba   0x00000002   PAD
    0x080032bc   0x080032bc   0x0000002a   Code   RO          743    .text.HAL_PCD_Start  stm32g4xx_hal_pcd.o
    0x080032e6   0x080032e6   0x00000002   PAD
    0x080032e8   0x080032e8   0x00000026   Code   RO          555    .text.HAL_PCD_SuspendCallback  usbd_conf.o
    0x0800330e   0x0800330e   0x00000002   PAD
    0x08003310   0x08003310   0x00000126   Code   RO         1267    .text.HAL_PWREx_ControlVoltageScaling  stm32g4xx_hal_pwr_ex.o
    0x08003436   0x08003436   0x00000002   PAD
    0x08003438   0x08003438   0x0000026a   Code   RO         1009    .text.HAL_RCCEx_PeriphCLKConfig  stm32g4xx_hal_rcc_ex.o
    0x080036a2   0x080036a2   0x00000002   PAD
    0x080036a4   0x080036a4   0x00000002   Code   RO          999    .text.HAL_RCC_CSSCallback  stm32g4xx_hal_rcc.o
    0x080036a6   0x080036a6   0x00000002   PAD
    0x080036a8   0x080036a8   0x00000314   Code   RO          975    .text.HAL_RCC_ClockConfig  stm32g4xx_hal_rcc.o
    0x080039bc   0x080039bc   0x00000012   Code   RO          991    .text.HAL_RCC_EnableCSS  stm32g4xx_hal_rcc.o
    0x080039ce   0x080039ce   0x00000002   PAD
    0x080039d0   0x080039d0   0x00000042   Code   RO          989    .text.HAL_RCC_GetClockConfig  stm32g4xx_hal_rcc.o
    0x08003a12   0x08003a12   0x00000002   PAD
    0x08003a14   0x08003a14   0x0000000c   Code   RO          981    .text.HAL_RCC_GetHCLKFreq  stm32g4xx_hal_rcc.o
    0x08003a20   0x08003a20   0x0000002a   Code   RO          983    .text.HAL_RCC_GetPCLK1Freq  stm32g4xx_hal_rcc.o
    0x08003a4a   0x08003a4a   0x00000002   PAD
    0x08003a4c   0x08003a4c   0x0000002a   Code   RO          985    .text.HAL_RCC_GetPCLK2Freq  stm32g4xx_hal_rcc.o
    0x08003a76   0x08003a76   0x00000002   PAD
    0x08003a78   0x08003a78   0x0000007e   Code   RO          977    .text.HAL_RCC_GetSysClockFreq  stm32g4xx_hal_rcc.o
    0x08003af6   0x08003af6   0x00000002   PAD
    0x08003af8   0x08003af8   0x0000001e   Code   RO          997    .text.HAL_RCC_NMI_IRQHandler  stm32g4xx_hal_rcc.o
    0x08003b16   0x08003b16   0x00000002   PAD
    0x08003b18   0x08003b18   0x000004aa   Code   RO          973    .text.HAL_RCC_OscConfig  stm32g4xx_hal_rcc.o
    0x08003fc2   0x08003fc2   0x00000002   PAD
    0x08003fc4   0x08003fc4   0x000000e4   Code   RO         1896    .text.HAL_SPI_Init  stm32g4xx_hal_spi.o
    0x080040a8   0x080040a8   0x0000006a   Code   RO          158    .text.HAL_SPI_MspInit  spi.o
    0x08004112   0x08004112   0x00000002   PAD
    0x08004114   0x08004114   0x00000002   Code   RO         2372    .text.HAL_TIMEx_Break2Callback  stm32g4xx_hal_tim_ex.o
    0x08004116   0x08004116   0x00000002   PAD
    0x08004118   0x08004118   0x00000002   Code   RO         2370    .text.HAL_TIMEx_BreakCallback  stm32g4xx_hal_tim_ex.o
    0x0800411a   0x0800411a   0x00000002   PAD
    0x0800411c   0x0800411c   0x00000002   Code   RO         2366    .text.HAL_TIMEx_CommutCallback  stm32g4xx_hal_tim_ex.o
    0x0800411e   0x0800411e   0x00000002   PAD
    0x08004120   0x08004120   0x000000ca   Code   RO         2318    .text.HAL_TIMEx_ConfigBreakDeadTime  stm32g4xx_hal_tim_ex.o
    0x080041ea   0x080041ea   0x00000002   PAD
    0x080041ec   0x080041ec   0x00000002   Code   RO         2376    .text.HAL_TIMEx_DirectionChangeCallback  stm32g4xx_hal_tim_ex.o
    0x080041ee   0x080041ee   0x00000002   PAD
    0x080041f0   0x080041f0   0x00000002   Code   RO         2374    .text.HAL_TIMEx_EncoderIndexCallback  stm32g4xx_hal_tim_ex.o
    0x080041f2   0x080041f2   0x00000002   PAD
    0x080041f4   0x080041f4   0x00000002   Code   RO         2378    .text.HAL_TIMEx_IndexErrorCallback  stm32g4xx_hal_tim_ex.o
    0x080041f6   0x080041f6   0x00000002   PAD
    0x080041f8   0x080041f8   0x000000a2   Code   RO         2316    .text.HAL_TIMEx_MasterConfigSynchronization  stm32g4xx_hal_tim_ex.o
    0x0800429a   0x0800429a   0x00000002   PAD
    0x0800429c   0x0800429c   0x00000002   Code   RO         2380    .text.HAL_TIMEx_TransitionErrorCallback  stm32g4xx_hal_tim_ex.o
    0x0800429e   0x0800429e   0x00000002   PAD
    0x080042a0   0x080042a0   0x00000062   Code   RO         2021    .text.HAL_TIM_Base_Init  stm32g4xx_hal_tim.o
    0x08004302   0x08004302   0x00000002   PAD
    0x08004304   0x08004304   0x00000032   Code   RO          191    .text.HAL_TIM_Base_MspInit  tim.o
    0x08004336   0x08004336   0x00000002   PAD
    0x08004338   0x08004338   0x00000092   Code   RO         2035    .text.HAL_TIM_Base_Start_IT  stm32g4xx_hal_tim.o
    0x080043ca   0x080043ca   0x00000002   PAD
    0x080043cc   0x080043cc   0x000000b6   Code   RO         2135    .text.HAL_TIM_Encoder_Init  stm32g4xx_hal_tim.o
    0x08004482   0x08004482   0x00000002   PAD
    0x08004484   0x08004484   0x00000062   Code   RO          189    .text.HAL_TIM_Encoder_MspInit  tim.o
    0x080044e6   0x080044e6   0x00000002   PAD
    0x080044e8   0x080044e8   0x00000002   Code   RO         2157    .text.HAL_TIM_IC_CaptureCallback  stm32g4xx_hal_tim.o
    0x080044ea   0x080044ea   0x00000002   PAD
    0x080044ec   0x080044ec   0x000001cc   Code   RO         2155    .text.HAL_TIM_IRQHandler  stm32g4xx_hal_tim.o
    0x080046b8   0x080046b8   0x0000017a   Code   RO          173    .text.HAL_TIM_MspPostInit  tim.o
    0x08004832   0x08004832   0x00000002   PAD
    0x08004834   0x08004834   0x00000332   Code   RO         2167    .text.HAL_TIM_OC_ConfigChannel  stm32g4xx_hal_tim.o
    0x08004b66   0x08004b66   0x00000002   PAD
    0x08004b68   0x08004b68   0x00000002   Code   RO         2159    .text.HAL_TIM_OC_DelayElapsedCallback  stm32g4xx_hal_tim.o
    0x08004b6a   0x08004b6a   0x00000002   PAD
    0x08004b6c   0x08004b6c   0x00000062   Code   RO         2049    .text.HAL_TIM_OC_Init  stm32g4xx_hal_tim.o
    0x08004bce   0x08004bce   0x00000002   PAD
    0x08004bd0   0x08004bd0   0x0000005a   Code   RO          185    .text.HAL_TIM_OC_MspInit  tim.o
    0x08004c2a   0x08004c2a   0x00000002   PAD
    0x08004c2c   0x08004c2c   0x000003ce   Code   RO         2175    .text.HAL_TIM_PWM_ConfigChannel  stm32g4xx_hal_tim.o
    0x08004ffa   0x08004ffa   0x00000002   PAD
    0x08004ffc   0x08004ffc   0x00000062   Code   RO         2075    .text.HAL_TIM_PWM_Init  stm32g4xx_hal_tim.o
    0x0800505e   0x0800505e   0x00000002   PAD
    0x08005060   0x08005060   0x00000092   Code   RO          187    .text.HAL_TIM_PWM_MspInit  tim.o
    0x080050f2   0x080050f2   0x00000002   PAD
    0x080050f4   0x080050f4   0x00000002   Code   RO         2161    .text.HAL_TIM_PWM_PulseFinishedCallback  stm32g4xx_hal_tim.o
    0x080050f6   0x080050f6   0x00000002   PAD
    0x080050f8   0x080050f8   0x00000014   Code   RO           17    .text.HAL_TIM_PeriodElapsedCallback  main.o
    0x0800510c   0x0800510c   0x00000002   Code   RO         2165    .text.HAL_TIM_TriggerCallback  stm32g4xx_hal_tim.o
    0x0800510e   0x0800510e   0x00000002   PAD
    0x08005110   0x08005110   0x00000036   Code   RO         2599    .text.HAL_UARTEx_DisableFifoMode  stm32g4xx_hal_uart_ex.o
    0x08005146   0x08005146   0x00000002   PAD
    0x08005148   0x08005148   0x0000008c   Code   RO         2603    .text.HAL_UARTEx_SetRxFifoThreshold  stm32g4xx_hal_uart_ex.o
    0x080051d4   0x080051d4   0x0000008c   Code   RO         2601    .text.HAL_UARTEx_SetTxFifoThreshold  stm32g4xx_hal_uart_ex.o
    0x08005260   0x08005260   0x00000064   Code   RO         2437    .text.HAL_UART_Init  stm32g4xx_hal_uart.o
    0x080052c4   0x080052c4   0x000000dc   Code   RO          229    .text.HAL_UART_MspInit  usart.o
    0x080053a0   0x080053a0   0x00000012   Code   RO         3400    .text.HW_IF_PWR_GetVoltage  usbpd_pwr_hw_if.o
    0x080053b2   0x080053b2   0x00000002   PAD
    0x080053b4   0x080053b4   0x000000ce   Code   RO         3377    .text.HW_SignalAttachement  usbpd_phy_hw_if.o
    0x08005482   0x08005482   0x00000002   PAD
    0x08005484   0x08005484   0x0000007e   Code   RO         3379    .text.HW_SignalDetachment  usbpd_phy_hw_if.o
    0x08005502   0x08005502   0x00000002   PAD
    0x08005504   0x08005504   0x00000002   Code   RO          642    .text.HardFault_Handler  stm32g4xx_it.o
    0x08005506   0x08005506   0x00000002   PAD
    0x08005508   0x08005508   0x00000084   Code   RO         2425    .text.LL_DMA_Init   stm32g4xx_ll_dma.o
    0x0800558c   0x0800558c   0x0000000a   Code   RO         2427    .text.LL_DMA_StructInit  stm32g4xx_ll_dma.o
    0x08005596   0x08005596   0x00000002   PAD
    0x08005598   0x08005598   0x000000e2   Code   RO         2411    .text.LL_GPIO_Init  stm32g4xx_ll_gpio.o
    0x0800567a   0x0800567a   0x00000002   PAD
    0x0800567c   0x0800567c   0x0000005e   Code   RO         2397    .text.LL_UCPD_Init  stm32g4xx_ll_ucpd.o
    0x080056da   0x080056da   0x00000002   PAD
    0x080056dc   0x080056dc   0x00000012   Code   RO         2399    .text.LL_UCPD_StructInit  stm32g4xx_ll_ucpd.o
    0x080056ee   0x080056ee   0x00000002   PAD
    0x080056f0   0x080056f0   0x000000aa   Code   RO           51    .text.MX_ADC1_Init  adc.o
    0x0800579a   0x0800579a   0x00000002   PAD
    0x0800579c   0x0800579c   0x00000080   Code   RO           53    .text.MX_ADC2_Init  adc.o
    0x0800581c   0x0800581c   0x00000034   Code   RO           71    .text.MX_COMP1_Init  comp.o
    0x08005850   0x08005850   0x0000003a   Code   RO           73    .text.MX_COMP2_Init  comp.o
    0x0800588a   0x0800588a   0x00000002   PAD
    0x0800588c   0x0800588c   0x00000034   Code   RO           75    .text.MX_COMP4_Init  comp.o
    0x080058c0   0x080058c0   0x00000076   Code   RO           92    .text.MX_DAC1_Init  dac.o
    0x08005936   0x08005936   0x00000002   PAD
    0x08005938   0x08005938   0x0000005e   Code   RO           94    .text.MX_DAC3_Init  dac.o
    0x08005996   0x08005996   0x00000002   PAD
    0x08005998   0x08005998   0x000000de   Code   RO          110    .text.MX_DMA_Init   dma.o
    0x08005a76   0x08005a76   0x00000002   PAD
    0x08005a78   0x08005a78   0x00000024   Code   RO           37    .text.MX_FREERTOS_Init  app_freertos.o
    0x08005a9c   0x08005a9c   0x000000d2   Code   RO           28    .text.MX_GPIO_Init  gpio.o
    0x08005b6e   0x08005b6e   0x00000002   PAD
    0x08005b70   0x08005b70   0x0000006c   Code   RO          120    .text.MX_I2C3_Init  i2c.o
    0x08005bdc   0x08005bdc   0x0000003c   Code   RO          135    .text.MX_OPAMP1_Init  opamp.o
    0x08005c18   0x08005c18   0x0000003c   Code   RO          137    .text.MX_OPAMP2_Init  opamp.o
    0x08005c54   0x08005c54   0x0000003c   Code   RO          139    .text.MX_OPAMP3_Init  opamp.o
    0x08005c90   0x08005c90   0x0000004e   Code   RO          156    .text.MX_SPI2_Init  spi.o
    0x08005cde   0x08005cde   0x00000002   PAD
    0x08005ce0   0x08005ce0   0x000000ca   Code   RO          181    .text.MX_TIM15_Init  tim.o
    0x08005daa   0x08005daa   0x00000002   PAD
    0x08005dac   0x08005dac   0x000000b2   Code   RO          183    .text.MX_TIM17_Init  tim.o
    0x08005e5e   0x08005e5e   0x00000002   PAD
    0x08005e60   0x08005e60   0x000000d6   Code   RO          171    .text.MX_TIM1_Init  tim.o
    0x08005f36   0x08005f36   0x00000002   PAD
    0x08005f38   0x08005f38   0x00000086   Code   RO          175    .text.MX_TIM2_Init  tim.o
    0x08005fbe   0x08005fbe   0x00000002   PAD
    0x08005fc0   0x08005fc0   0x00000068   Code   RO          177    .text.MX_TIM3_Init  tim.o
    0x08006028   0x08006028   0x000000d6   Code   RO          179    .text.MX_TIM8_Init  tim.o
    0x080060fe   0x080060fe   0x00000002   PAD
    0x08006100   0x08006100   0x00000150   Code   RO          216    .text.MX_UCPD1_Init  ucpd.o
    0x08006250   0x08006250   0x00000082   Code   RO          225    .text.MX_USART1_UART_Init  usart.o
    0x080062d2   0x080062d2   0x00000002   PAD
    0x080062d4   0x080062d4   0x00000082   Code   RO          227    .text.MX_USART3_UART_Init  usart.o
    0x08006356   0x08006356   0x00000002   PAD
    0x08006358   0x08006358   0x0000002c   Code   RO          243    .text.MX_USBPD_Init  usbpd.o
    0x08006384   0x08006384   0x00000056   Code   RO          532    .text.MX_USB_Device_Init  usb_device.o
    0x080063da   0x080063da   0x00000002   PAD
    0x080063dc   0x080063dc   0x00000002   Code   RO          644    .text.MemManage_Handler  stm32g4xx_it.o
    0x080063de   0x080063de   0x00000002   PAD
    0x080063e0   0x080063e0   0x00000006   Code   RO          640    .text.NMI_Handler   stm32g4xx_it.o
    0x080063e6   0x080063e6   0x00000002   PAD
    0x080063e8   0x080063e8   0x00000064   Code   RO         3312    .text.PHY_Rx_Completed  usbpd_phy.o
    0x0800644c   0x0800644c   0x00000214   Code   RO         3299    .text.PORTx_IRQHandler  usbpd_hw_if_it.o
    0x08006660   0x08006660   0x00000064   Code   RO         3225    .text.PendSV_Handler  port.o
    0x080066c4   0x080066c4   0x0000000c   PAD
    0x080066d0   0x080066d0   0x00000024   Code   RO         3209    .text.SVC_Handler   port.o
    0x080066f4   0x080066f4   0x00000008   Code   RO           39    .text.StartDefaultTask  app_freertos.o
    0x080066fc   0x080066fc   0x0000001e   Code   RO         3020    .text.SysTick_Handler  cmsis_os2.o
    0x0800671a   0x0800671a   0x00000002   PAD
    0x0800671c   0x0800671c   0x00000080   Code   RO           13    .text.SystemClock_Config  main.o
    0x0800679c   0x0800679c   0x00000012   Code   RO         2656    .text.SystemInit    system_stm32g4xx.o
    0x080067ae   0x080067ae   0x00000002   PAD
    0x080067b0   0x080067b0   0x0000000c   Code   RO          664    .text.TIM7_IRQHandler  stm32g4xx_it.o
    0x080067bc   0x080067bc   0x0000011a   Code   RO         2025    .text.TIM_Base_SetConfig  stm32g4xx_hal_tim.o
    0x080068d6   0x080068d6   0x00000002   PAD
    0x080068d8   0x080068d8   0x000000e8   Code   RO         2441    .text.UART_AdvFeatureConfig  stm32g4xx_hal_uart.o
    0x080069c0   0x080069c0   0x0000016e   Code   RO         2445    .text.UART_CheckIdleState  stm32g4xx_hal_uart.o
    0x08006b2e   0x08006b2e   0x00000002   PAD
    0x08006b30   0x08006b30   0x000002a4   Code   RO         2443    .text.UART_SetConfig  stm32g4xx_hal_uart.o
    0x08006dd4   0x08006dd4   0x00000336   Code   RO         2459    .text.UART_WaitOnFlagUntilTimeout  stm32g4xx_hal_uart.o
    0x0800710a   0x0800710a   0x00000002   PAD
    0x0800710c   0x0800710c   0x00000004   Code   RO          666    .text.UCPD1_IRQHandler  stm32g4xx_it.o
    0x08007110   0x08007110   0x00000010   Code   RO         3445    .text.USBD_ClrClassConfig  usbd_core.o
    0x08007120   0x08007120   0x00000010   Code   RO         3506    .text.USBD_CtlContinueRx  usbd_ioreq.o
    0x08007130   0x08007130   0x00000010   Code   RO         3502    .text.USBD_CtlContinueSendData  usbd_ioreq.o
    0x08007140   0x08007140   0x00000016   Code   RO         3481    .text.USBD_CtlError  usbd_ctlreq.o
    0x08007156   0x08007156   0x00000002   PAD
    0x08007158   0x08007158   0x00000016   Code   RO         3510    .text.USBD_CtlReceiveStatus  usbd_ioreq.o
    0x0800716e   0x0800716e   0x00000002   PAD
    0x08007170   0x08007170   0x0000001a   Code   RO         3500    .text.USBD_CtlSendData  usbd_ioreq.o
    0x0800718a   0x0800718a   0x00000002   PAD
    0x0800718c   0x0800718c   0x00000016   Code   RO         3508    .text.USBD_CtlSendStatus  usbd_ioreq.o
    0x080071a2   0x080071a2   0x00000002   PAD
    0x080071a4   0x080071a4   0x000000da   Code   RO         3489    .text.USBD_GetString  usbd_ctlreq.o
    0x0800727e   0x0800727e   0x00000002   PAD
    0x08007280   0x08007280   0x00000024   Code   RO          623    .text.USBD_HID_ConfigStrDescriptor  usbd_desc.o
    0x080072a4   0x080072a4   0x0000000c   Code   RO         3528    .text.USBD_HID_DataIn  usbd_hid.o
    0x080072b0   0x080072b0   0x00000020   Code   RO         3524    .text.USBD_HID_DeInit  usbd_hid.o
    0x080072d0   0x080072d0   0x0000000e   Code   RO          613    .text.USBD_HID_DeviceDescriptor  usbd_desc.o
    0x080072de   0x080072de   0x00000002   PAD
    0x080072e0   0x080072e0   0x00000010   Code   RO         3536    .text.USBD_HID_GetDeviceQualifierDesc  usbd_hid.o
    0x080072f0   0x080072f0   0x00000010   Code   RO         3532    .text.USBD_HID_GetFSCfgDesc  usbd_hid.o
    0x08007300   0x08007300   0x00000010   Code   RO         3530    .text.USBD_HID_GetHSCfgDesc  usbd_hid.o
    0x08007310   0x08007310   0x00000010   Code   RO         3534    .text.USBD_HID_GetOtherSpeedCfgDesc  usbd_hid.o
    0x08007320   0x08007320   0x0000003e   Code   RO         3522    .text.USBD_HID_Init  usbd_hid.o
    0x0800735e   0x0800735e   0x00000002   PAD
    0x08007360   0x08007360   0x00000028   Code   RO          625    .text.USBD_HID_InterfaceStrDescriptor  usbd_desc.o
    0x08007388   0x08007388   0x0000000e   Code   RO          615    .text.USBD_HID_LangIDStrDescriptor  usbd_desc.o
    0x08007396   0x08007396   0x00000002   PAD
    0x08007398   0x08007398   0x0000002c   Code   RO          617    .text.USBD_HID_ManufacturerStrDescriptor  usbd_desc.o
    0x080073c4   0x080073c4   0x00000030   Code   RO          619    .text.USBD_HID_ProductStrDescriptor  usbd_desc.o
    0x080073f4   0x080073f4   0x0000016c   Code   RO          621    .text.USBD_HID_SerialStrDescriptor  usbd_desc.o
    0x08007560   0x08007560   0x0000010e   Code   RO         3526    .text.USBD_HID_Setup  usbd_hid.o
    0x0800766e   0x0800766e   0x00000002   PAD
    0x08007670   0x08007670   0x0000002a   Code   RO         3431    .text.USBD_Init     usbd_core.o
    0x0800769a   0x0800769a   0x00000002   PAD
    0x0800769c   0x0800769c   0x00000022   Code   RO          583    .text.USBD_LL_ClearStallEP  usbd_conf.o
    0x080076be   0x080076be   0x00000002   PAD
    0x080076c0   0x080076c0   0x00000022   Code   RO          577    .text.USBD_LL_CloseEP  usbd_conf.o
    0x080076e2   0x080076e2   0x00000002   PAD
    0x080076e4   0x080076e4   0x000000a8   Code   RO         3451    .text.USBD_LL_DataInStage  usbd_core.o
    0x0800778c   0x0800778c   0x0000006e   Code   RO         3449    .text.USBD_LL_DataOutStage  usbd_core.o
    0x080077fa   0x080077fa   0x00000002   PAD
    0x080077fc   0x080077fc   0x00000068   Code   RO          567    .text.USBD_LL_Init  usbd_conf.o
    0x08007864   0x08007864   0x00000022   Code   RO          585    .text.USBD_LL_IsStallEP  usbd_conf.o
    0x08007886   0x08007886   0x00000002   PAD
    0x08007888   0x08007888   0x00000028   Code   RO          575    .text.USBD_LL_OpenEP  usbd_conf.o
    0x080078b0   0x080078b0   0x00000022   Code   RO          591    .text.USBD_LL_PrepareReceive  usbd_conf.o
    0x080078d2   0x080078d2   0x00000002   PAD
    0x080078d4   0x080078d4   0x00000068   Code   RO         3453    .text.USBD_LL_Reset  usbd_core.o
    0x0800793c   0x0800793c   0x00000014   Code   RO         3459    .text.USBD_LL_Resume  usbd_core.o
    0x08007950   0x08007950   0x00000020   Code   RO         3461    .text.USBD_LL_SOF   usbd_core.o
    0x08007970   0x08007970   0x00000008   Code   RO         3455    .text.USBD_LL_SetSpeed  usbd_core.o
    0x08007978   0x08007978   0x00000022   Code   RO          587    .text.USBD_LL_SetUSBAddress  usbd_conf.o
    0x0800799a   0x0800799a   0x00000002   PAD
    0x0800799c   0x0800799c   0x00000062   Code   RO         3447    .text.USBD_LL_SetupStage  usbd_core.o
    0x080079fe   0x080079fe   0x00000002   PAD
    0x08007a00   0x08007a00   0x00000022   Code   RO          581    .text.USBD_LL_StallEP  usbd_conf.o
    0x08007a22   0x08007a22   0x00000002   PAD
    0x08007a24   0x08007a24   0x00000022   Code   RO          571    .text.USBD_LL_Start  usbd_conf.o
    0x08007a46   0x08007a46   0x00000002   PAD
    0x08007a48   0x08007a48   0x00000014   Code   RO         3457    .text.USBD_LL_Suspend  usbd_core.o
    0x08007a5c   0x08007a5c   0x00000022   Code   RO          589    .text.USBD_LL_Transmit  usbd_conf.o
    0x08007a7e   0x08007a7e   0x00000002   PAD
    0x08007a80   0x08007a80   0x00000016   Code   RO         3487    .text.USBD_ParseSetupRequest  usbd_ctlreq.o
    0x08007a96   0x08007a96   0x00000002   PAD
    0x08007a98   0x08007a98   0x0000002e   Code   RO         3435    .text.USBD_RegisterClass  usbd_core.o
    0x08007ac6   0x08007ac6   0x00000002   PAD
    0x08007ac8   0x08007ac8   0x00000010   Code   RO         3443    .text.USBD_SetClassConfig  usbd_core.o
    0x08007ad8   0x08007ad8   0x00000004   Code   RO         3437    .text.USBD_Start    usbd_core.o
    0x08007adc   0x08007adc   0x00000374   Code   RO         3479    .text.USBD_StdDevReq  usbd_ctlreq.o
    0x08007e50   0x08007e50   0x00000146   Code   RO         3485    .text.USBD_StdEPReq  usbd_ctlreq.o
    0x08007f96   0x08007f96   0x00000002   PAD
    0x08007f98   0x08007f98   0x0000007a   Code   RO         3483    .text.USBD_StdItfReq  usbd_ctlreq.o
    0x08008012   0x08008012   0x00000002   PAD
    0x08008014   0x08008014   0x00000002   Code   RO          601    .text.USBD_static_free  usbd_conf.o
    0x08008016   0x08008016   0x00000002   PAD
    0x08008018   0x08008018   0x0000000a   Code   RO          599    .text.USBD_static_malloc  usbd_conf.o
    0x08008022   0x08008022   0x00000002   PAD
    0x08008024   0x08008024   0x00000072   Code   RO         3363    .text.USBPDM1_AssertRd  usbpd_phy_hw_if.o
    0x08008096   0x08008096   0x00000002   PAD
    0x08008098   0x08008098   0x00000040   Code   RO         3367    .text.USBPDM1_EnterErrorRecovery  usbpd_phy_hw_if.o
    0x080080d8   0x080080d8   0x00000020   Code   RO          505    .text.USBPD_CAD_Task  usbpd_dpm_core.o
    0x080080f8   0x080080f8   0x0000034a   Code   RO          499    .text.USBPD_DPM_CADCallback  usbpd_dpm_core.o
    0x08008442   0x08008442   0x00000002   PAD
    0x08008444   0x08008444   0x00000022   Code   RO          501    .text.USBPD_DPM_CADTaskWakeUp  usbpd_dpm_core.o
    0x08008466   0x08008466   0x00000002   PAD
    0x08008468   0x08008468   0x00000004   Code   RO          277    .text.USBPD_DPM_EnterErrorRecovery  usbpd_dpm_user.o
    0x0800846c   0x0800846c   0x00000054   Code   RO          279    .text.USBPD_DPM_EvaluateDataRoleSwap  usbpd_dpm_user.o
    0x080084c0   0x080084c0   0x00000002   Code   RO          275    .text.USBPD_DPM_ExtendedMessageReceived  usbpd_dpm_user.o
    0x080084c2   0x080084c2   0x00000002   PAD
    0x080084c4   0x080084c4   0x00000002   Code   RO          265    .text.USBPD_DPM_GetDataInfo  usbpd_dpm_user.o
    0x080084c6   0x080084c6   0x00000002   PAD
    0x080084c8   0x080084c8   0x00000002   Code   RO          263    .text.USBPD_DPM_HardReset  usbpd_dpm_user.o
    0x080084ca   0x080084ca   0x00000002   PAD
    0x080084cc   0x080084cc   0x0000008e   Code   RO          495    .text.USBPD_DPM_InitCore  usbpd_dpm_core.o
    0x0800855a   0x0800855a   0x00000002   PAD
    0x0800855c   0x0800855c   0x00000048   Code   RO          503    .text.USBPD_DPM_InitOS  usbpd_dpm_core.o
    0x080085a4   0x080085a4   0x0000000e   Code   RO          281    .text.USBPD_DPM_IsPowerReady  usbpd_dpm_user.o
    0x080085b2   0x080085b2   0x00000002   PAD
    0x080085b4   0x080085b4   0x00000002   Code   RO          261    .text.USBPD_DPM_Notification  usbpd_dpm_user.o
    0x080085b6   0x080085b6   0x00000002   PAD
    0x080085b8   0x080085b8   0x00000002   Code   RO          269    .text.USBPD_DPM_SNK_EvaluateCapabilities  usbpd_dpm_user.o
    0x080085ba   0x080085ba   0x00000002   PAD
    0x080085bc   0x080085bc   0x00000002   Code   RO          267    .text.USBPD_DPM_SetDataInfo  usbpd_dpm_user.o
    0x080085be   0x080085be   0x00000002   PAD
    0x080085c0   0x080085c0   0x00000002   Code   RO          257    .text.USBPD_DPM_UserCableDetection  usbpd_dpm_user.o
    0x080085c2   0x080085c2   0x00000002   PAD
    0x080085c4   0x080085c4   0x00000004   Code   RO          251    .text.USBPD_DPM_UserInit  usbpd_dpm_user.o
    0x080085c8   0x080085c8   0x00000002   Code   RO         3279    .text.USBPD_HW_DeInit_DMARxInstance  usbpd_hw.o
    0x080085ca   0x080085ca   0x00000002   PAD
    0x080085cc   0x080085cc   0x00000002   Code   RO         3283    .text.USBPD_HW_DeInit_DMATxInstance  usbpd_hw.o
    0x080085ce   0x080085ce   0x00000002   PAD
    0x080085d0   0x080085d0   0x0000000a   Code   RO         3275    .text.USBPD_HW_GetUSPDInstance  usbpd_hw.o
    0x080085da   0x080085da   0x00000002   PAD
    0x080085dc   0x080085dc   0x0000001a   Code   RO         3375    .text.USBPD_HW_IF_DisableRX  usbpd_phy_hw_if.o
    0x080085f6   0x080085f6   0x00000002   PAD
    0x080085f8   0x080085f8   0x0000001a   Code   RO         3373    .text.USBPD_HW_IF_EnableRX  usbpd_phy_hw_if.o
    0x08008612   0x08008612   0x00000002   PAD
    0x08008614   0x08008614   0x00000032   Code   RO         3351    .text.USBPD_HW_IF_GlobalHwInit  usbpd_phy_hw_if.o
    0x08008646   0x08008646   0x00000002   PAD
    0x08008648   0x08008648   0x00000046   Code   RO         3385    .text.USBPD_HW_IF_IsResistor_SinkTxOk  usbpd_phy_hw_if.o
    0x0800868e   0x0800868e   0x00000002   PAD
    0x08008690   0x08008690   0x00000106   Code   RO         3355    .text.USBPD_HW_IF_SendBuffer  usbpd_phy_hw_if.o
    0x08008796   0x08008796   0x00000002   PAD
    0x08008798   0x08008798   0x00000024   Code   RO         3357    .text.USBPD_HW_IF_Send_BIST_Pattern  usbpd_phy_hw_if.o
    0x080087bc   0x080087bc   0x0000001c   Code   RO         3381    .text.USBPD_HW_IF_SetResistor_SinkTxNG  usbpd_phy_hw_if.o
    0x080087d8   0x080087d8   0x0000002a   Code   RO         3353    .text.USBPD_HW_IF_StopBISTMode2  usbpd_phy_hw_if.o
    0x08008802   0x08008802   0x00000002   PAD
    0x08008804   0x08008804   0x0000005e   Code   RO         3277    .text.USBPD_HW_Init_DMARxInstance  usbpd_hw.o
    0x08008862   0x08008862   0x00000002   PAD
    0x08008864   0x08008864   0x00000060   Code   RO         3281    .text.USBPD_HW_Init_DMATxInstance  usbpd_hw.o
    0x080088c4   0x080088c4   0x00000002   Code   RO         3287    .text.USBPD_HW_SetFRSSignalling  usbpd_hw.o
    0x080088c6   0x080088c6   0x00000002   PAD
    0x080088c8   0x080088c8   0x00000026   Code   RO          497    .text.USBPD_PE_TaskWakeUp  usbpd_dpm_core.o
    0x080088ee   0x080088ee   0x00000002   PAD
    0x080088f0   0x080088f0   0x00000022   Code   RO          511    .text.USBPD_PE_Task_P0  usbpd_dpm_core.o
    0x08008912   0x08008912   0x00000002   PAD
    0x08008914   0x08008914   0x00000022   Code   RO          513    .text.USBPD_PE_Task_P1  usbpd_dpm_core.o
    0x08008936   0x08008936   0x00000002   PAD
    0x08008938   0x08008938   0x00000004   Code   RO         3340    .text.USBPD_PHY_DisableRX  usbpd_phy.o
    0x0800893c   0x0800893c   0x00000004   Code   RO         3338    .text.USBPD_PHY_EnableRX  usbpd_phy.o
    0x08008940   0x08008940   0x00000012   Code   RO         3326    .text.USBPD_PHY_ExitTransmit  usbpd_phy.o
    0x08008952   0x08008952   0x00000002   PAD
    0x08008954   0x08008954   0x00000004   Code   RO         3316    .text.USBPD_PHY_GetMinGOODCRCTimerValue  usbpd_phy.o
    0x08008958   0x08008958   0x00000006   Code   RO         3314    .text.USBPD_PHY_GetRetryTimerValue  usbpd_phy.o
    0x0800895e   0x0800895e   0x00000002   PAD
    0x08008960   0x08008960   0x00000054   Code   RO         3310    .text.USBPD_PHY_Init  usbpd_phy.o
    0x080089b4   0x080089b4   0x00000004   Code   RO         3334    .text.USBPD_PHY_IsResistor_SinkTxOk  usbpd_phy.o
    0x080089b8   0x080089b8   0x00000002   Code   RO         3318    .text.USBPD_PHY_Reset  usbpd_phy.o
    0x080089ba   0x080089ba   0x00000002   PAD
    0x080089bc   0x080089bc   0x00000008   Code   RO         3320    .text.USBPD_PHY_ResetRequest  usbpd_phy.o
    0x080089c4   0x080089c4   0x00000010   Code   RO         3332    .text.USBPD_PHY_SOPSupported  usbpd_phy.o
    0x080089d4   0x080089d4   0x00000004   Code   RO         3322    .text.USBPD_PHY_SendMessage  usbpd_phy.o
    0x080089d8   0x080089d8   0x0000000a   Code   RO         3324    .text.USBPD_PHY_Send_BIST_Pattern  usbpd_phy.o
    0x080089e2   0x080089e2   0x00000002   PAD
    0x080089e4   0x080089e4   0x00000004   Code   RO         3328    .text.USBPD_PHY_SetResistor_SinkTxNG  usbpd_phy.o
    0x080089e8   0x080089e8   0x00000006   Code   RO         3297    .text.USBPD_PORT0_IRQHandler  usbpd_hw_if_it.o
    0x080089ee   0x080089ee   0x00000002   PAD
    0x080089f0   0x080089f0   0x00000044   Code   RO          431    .text.USBPD_PWR_IF_GetVBUSStatus  usbpd_pwr_if.o
    0x08008a34   0x08008a34   0x0000003c   Code   RO          415    .text.USBPD_PWR_IF_SupplyReady  usbpd_pwr_if.o
    0x08008a70   0x08008a70   0x00000026   Code   RO         3416    .text.USBPD_TIM_DeInit  usbpd_timersserver.o
    0x08008a96   0x08008a96   0x00000002   PAD
    0x08008a98   0x08008a98   0x00000122   Code   RO         3414    .text.USBPD_TIM_Init  usbpd_timersserver.o
    0x08008bba   0x08008bba   0x00000002   PAD
    0x08008bbc   0x08008bbc   0x0000001e   Code   RO         3420    .text.USBPD_TIM_IsExpired  usbpd_timersserver.o
    0x08008bda   0x08008bda   0x00000002   PAD
    0x08008bdc   0x08008bdc   0x000000b6   Code   RO         3418    .text.USBPD_TIM_Start  usbpd_timersserver.o
    0x08008c92   0x08008c92   0x00000002   PAD
    0x08008c94   0x08008c94   0x0000024c   Code   RO          847    .text.USB_ActivateEndpoint  stm32g4xx_ll_usb.o
    0x08008ee0   0x08008ee0   0x000000e2   Code   RO          849    .text.USB_DeactivateEndpoint  stm32g4xx_ll_usb.o
    0x08008fc2   0x08008fc2   0x00000002   PAD
    0x08008fc4   0x08008fc4   0x00000012   Code   RO          865    .text.USB_DevConnect  stm32g4xx_ll_usb.o
    0x08008fd6   0x08008fd6   0x00000002   PAD
    0x08008fd8   0x08008fd8   0x0000001a   Code   RO          841    .text.USB_DevInit   stm32g4xx_ll_usb.o
    0x08008ff2   0x08008ff2   0x00000002   PAD
    0x08008ff4   0x08008ff4   0x00000014   Code   RO          837    .text.USB_DisableGlobalInt  stm32g4xx_ll_usb.o
    0x08009008   0x08009008   0x0000007c   Code   RO          857    .text.USB_EPClearStall  stm32g4xx_ll_usb.o
    0x08009084   0x08009084   0x00000032   Code   RO          855    .text.USB_EPSetStall  stm32g4xx_ll_usb.o
    0x080090b6   0x080090b6   0x00000002   PAD
    0x080090b8   0x080090b8   0x0000085e   Code   RO          851    .text.USB_EPStartXfer  stm32g4xx_ll_usb.o
    0x08009916   0x08009916   0x00000002   PAD
    0x08009918   0x08009918   0x00000014   Code   RO          835    .text.USB_EnableGlobalInt  stm32g4xx_ll_usb.o
    0x0800992c   0x0800992c   0x0000000c   Code   RO          662    .text.USB_LP_IRQHandler  stm32g4xx_it.o
    0x08009938   0x08009938   0x00000006   Code   RO          869    .text.USB_ReadInterrupts  stm32g4xx_ll_usb.o
    0x0800993e   0x0800993e   0x00000002   PAD
    0x08009940   0x08009940   0x0000009c   Code   RO          875    .text.USB_ReadPMA   stm32g4xx_ll_usb.o
    0x080099dc   0x080099dc   0x0000000e   Code   RO          863    .text.USB_SetDevAddress  stm32g4xx_ll_usb.o
    0x080099ea   0x080099ea   0x00000002   PAD
    0x080099ec   0x080099ec   0x00000082   Code   RO          853    .text.USB_WritePMA  stm32g4xx_ll_usb.o
    0x08009a6e   0x08009a6e   0x00000002   PAD
    0x08009a70   0x08009a70   0x00000002   Code   RO          648    .text.UsageFault_Handler  stm32g4xx_it.o
    0x08009a72   0x08009a72   0x00000002   PAD
    0x08009a74   0x08009a74   0x00000090   Code   RO         2869    .text.eTaskGetState  tasks.o
    0x08009b04   0x08009b04   0x000000ee   Code   RO           11    .text.main          main.o
    0x08009bf2   0x08009bf2   0x00000002   PAD
    0x08009bf4   0x08009bf4   0x00000020   Code   RO         3080    .text.osDelay       cmsis_os2.o
    0x08009c14   0x08009c14   0x00000028   Code   RO         3022    .text.osKernelInitialize  cmsis_os2.o
    0x08009c3c   0x08009c3c   0x0000003c   Code   RO         3028    .text.osKernelStart  cmsis_os2.o
    0x08009c78   0x08009c78   0x00000088   Code   RO         3134    .text.osMessageQueueGet  cmsis_os2.o
    0x08009d00   0x08009d00   0x00000094   Code   RO         3130    .text.osMessageQueueNew  cmsis_os2.o
    0x08009d94   0x08009d94   0x000000a8   Code   RO         3132    .text.osMessageQueuePut  cmsis_os2.o
    0x08009e3c   0x08009e3c   0x000000ae   Code   RO         3044    .text.osThreadNew   cmsis_os2.o
    0x08009eea   0x08009eea   0x00000002   PAD
    0x08009eec   0x08009eec   0x00000036   Code   RO         3066    .text.osThreadTerminate  cmsis_os2.o
    0x08009f22   0x08009f22   0x00000002   PAD
    0x08009f24   0x08009f24   0x0000028a   Code   RO         2855    .text.prvAddNewTaskToReadyList  tasks.o
    0x0800a1ae   0x0800a1ae   0x00000002   PAD
    0x0800a1b0   0x0800a1b0   0x00000086   Code   RO         2887    .text.prvIdleTask   tasks.o
    0x0800a236   0x0800a236   0x00000002   PAD
    0x0800a238   0x0800a238   0x00000128   Code   RO         2853    .text.prvInitialiseNewTask  tasks.o
    0x0800a360   0x0800a360   0x00000028   Code   RO         3217    .text.prvPortStartFirstTask  port.o
    0x0800a388   0x0800a388   0x0000003e   Code   RO         3207    .text.prvTaskExitError  port.o
    0x0800a3c6   0x0800a3c6   0x00000002   PAD
    0x0800a3c8   0x0800a3c8   0x0000038a   Code   RO         2972    .text.prvTimerTask  timers.o
    0x0800a752   0x0800a752   0x00000002   PAD
    0x0800a754   0x0800a754   0x00000074   Code   RO         2752    .text.prvUnlockQueue  queue.o
    0x0800a7c8   0x0800a7c8   0x0000020a   Code   RO         3183    .text.pvPortMalloc  heap_4.o
    0x0800a9d2   0x0800a9d2   0x00000002   PAD
    0x0800a9d4   0x0800a9d4   0x00000028   Code   RO         3205    .text.pxPortInitialiseStack  port.o
    0x0800a9fc   0x0800a9fc   0x00000024   Code   RO         2716    .text.uxListRemove  list.o
    0x0800aa20   0x0800aa20   0x0000001a   Code   RO         3166    .text.vApplicationGetIdleTaskMemory  cmsis_os2.o
    0x0800aa3a   0x0800aa3a   0x00000002   PAD
    0x0800aa3c   0x0800aa3c   0x0000001c   Code   RO         3168    .text.vApplicationGetTimerTaskMemory  cmsis_os2.o
    0x0800aa58   0x0800aa58   0x00000016   Code   RO         2708    .text.vListInitialise  list.o
    0x0800aa6e   0x0800aa6e   0x00000002   PAD
    0x0800aa70   0x0800aa70   0x00000006   Code   RO         2710    .text.vListInitialiseItem  list.o
    0x0800aa76   0x0800aa76   0x00000002   PAD
    0x0800aa78   0x0800aa78   0x00000062   Code   RO         2714    .text.vListInsert   list.o
    0x0800aada   0x0800aada   0x00000002   PAD
    0x0800aadc   0x0800aadc   0x0000001c   Code   RO         2712    .text.vListInsertEnd  list.o
    0x0800aaf8   0x0800aaf8   0x00000014   Code   RO         3215    .text.vPortEnableVFP  port.o
    0x0800ab0c   0x0800ab0c   0x00000046   Code   RO         3221    .text.vPortEnterCritical  port.o
    0x0800ab52   0x0800ab52   0x00000002   PAD
    0x0800ab54   0x0800ab54   0x0000002e   Code   RO         3223    .text.vPortExitCritical  port.o
    0x0800ab82   0x0800ab82   0x00000002   PAD
    0x0800ab84   0x0800ab84   0x000000d4   Code   RO         3185    .text.vPortFree     heap_4.o
    0x0800ac58   0x0800ac58   0x00000034   Code   RO         3213    .text.vPortSetupTimerInterrupt  port.o
    0x0800ac8c   0x0800ac8c   0x0000005e   Code   RO         3229    .text.vPortValidateInterruptPriority  port.o
    0x0800acea   0x0800acea   0x00000002   PAD
    0x0800acec   0x0800acec   0x000000b0   Code   RO         2786    .text.vQueueAddToRegistry  queue.o
    0x0800ad9c   0x0800ad9c   0x00000052   Code   RO         2790    .text.vQueueWaitForMessageRestricted  queue.o
    0x0800adee   0x0800adee   0x00000002   PAD
    0x0800adf0   0x0800adf0   0x00000080   Code   RO         2867    .text.vTaskDelay    tasks.o
    0x0800ae70   0x0800ae70   0x000000e2   Code   RO         2859    .text.vTaskDelete   tasks.o
    0x0800af52   0x0800af52   0x00000002   PAD
    0x0800af54   0x0800af54   0x00000012   Code   RO         2917    .text.vTaskInternalSetTimeOutState  tasks.o
    0x0800af66   0x0800af66   0x00000002   PAD
    0x0800af68   0x0800af68   0x0000000e   Code   RO         2921    .text.vTaskMissedYield  tasks.o
    0x0800af76   0x0800af76   0x00000002   PAD
    0x0800af78   0x0800af78   0x00000074   Code   RO         2905    .text.vTaskPlaceOnEventList  tasks.o
    0x0800afec   0x0800afec   0x0000007a   Code   RO         2909    .text.vTaskPlaceOnEventListRestricted  tasks.o
    0x0800b066   0x0800b066   0x00000002   PAD
    0x0800b068   0x0800b068   0x000000f0   Code   RO         2885    .text.vTaskStartScheduler  tasks.o
    0x0800b158   0x0800b158   0x00000010   Code   RO         2863    .text.vTaskSuspendAll  tasks.o
    0x0800b168   0x0800b168   0x000000bc   Code   RO         2879    .text.vTaskSwitchContext  tasks.o
    0x0800b224   0x0800b224   0x00000184   Code   RO         3211    .text.xPortStartScheduler  port.o
    0x0800b3a8   0x0800b3a8   0x0000002e   Code   RO         3227    .text.xPortSysTickHandler  port.o
    0x0800b3d6   0x0800b3d6   0x00000002   PAD
    0x0800b3d8   0x0800b3d8   0x00000086   Code   RO         2730    .text.xQueueGenericCreate  queue.o
    0x0800b45e   0x0800b45e   0x00000002   PAD
    0x0800b460   0x0800b460   0x000000de   Code   RO         2728    .text.xQueueGenericCreateStatic  queue.o
    0x0800b53e   0x0800b53e   0x00000002   PAD
    0x0800b540   0x0800b540   0x0000022a   Code   RO         2742    .text.xQueueGenericSend  queue.o
    0x0800b76a   0x0800b76a   0x00000002   PAD
    0x0800b76c   0x0800b76c   0x00000158   Code   RO         2754    .text.xQueueGenericSendFromISR  queue.o
    0x0800b8c4   0x0800b8c4   0x000001a2   Code   RO         2758    .text.xQueueReceive  queue.o
    0x0800ba66   0x0800ba66   0x00000002   PAD
    0x0800ba68   0x0800ba68   0x000000e4   Code   RO         2762    .text.xQueueReceiveFromISR  queue.o
    0x0800bb4c   0x0800bb4c   0x000000a2   Code   RO         2919    .text.xTaskCheckForTimeOut  tasks.o
    0x0800bbee   0x0800bbee   0x00000002   PAD
    0x0800bbf0   0x0800bbf0   0x00000060   Code   RO         2857    .text.xTaskCreate   tasks.o
    0x0800bc50   0x0800bc50   0x00000076   Code   RO         2851    .text.xTaskCreateStatic  tasks.o
    0x0800bcc6   0x0800bcc6   0x00000002   PAD
    0x0800bcc8   0x0800bcc8   0x0000001e   Code   RO         2933    .text.xTaskGetSchedulerState  tasks.o
    0x0800bce6   0x0800bce6   0x00000002   PAD
    0x0800bce8   0x0800bce8   0x0000000c   Code   RO         2893    .text.xTaskGetTickCount  tasks.o
    0x0800bcf4   0x0800bcf4   0x00000104   Code   RO         2891    .text.xTaskIncrementTick  tasks.o
    0x0800bdf8   0x0800bdf8   0x0000008a   Code   RO         2937    .text.xTaskPriorityDisinherit  tasks.o
    0x0800be82   0x0800be82   0x00000002   PAD
    0x0800be84   0x0800be84   0x00000072   Code   RO         2911    .text.xTaskRemoveFromEventList  tasks.o
    0x0800bef6   0x0800bef6   0x00000002   PAD
    0x0800bef8   0x0800bef8   0x000000ee   Code   RO         2865    .text.xTaskResumeAll  tasks.o
    0x0800bfe6   0x0800bfe6   0x00000002   PAD
    0x0800bfe8   0x0800bfe8   0x000000b4   Code   RO         2970    .text.xTimerCreateTimerTask  timers.o
    0x0800c09c   0x0800c09c   0x0000002a   Code   RO         3654    i.PE_CalculateMinTiming  USBPDCORE_PD3_FULL_CM4_Keil.lib(usbpd_pe.o)
    0x0800c0c6   0x0800c0c6   0x0000000e   Code   RO         3655    i.PE_CallHardResetCallback  USBPDCORE_PD3_FULL_CM4_Keil.lib(usbpd_pe.o)
    0x0800c0d4   0x0800c0d4   0x00000010   Code   RO         3656    i.PE_ChangePowerRole  USBPDCORE_PD3_FULL_CM4_Keil.lib(usbpd_pe.o)
    0x0800c0e4   0x0800c0e4   0x00000040   Code   RO         3657    i.PE_CheckDataSizeFromGetDataInfo  USBPDCORE_PD3_FULL_CM4_Keil.lib(usbpd_pe.o)
    0x0800c124   0x0800c124   0x0000006a   Code   RO         3818    i.PE_CheckSendMessageStatus  USBPDCORE_PD3_FULL_CM4_Keil.lib(usbpd_pe_msg.o)
    0x0800c18e   0x0800c18e   0x00000098   Code   RO         3658    i.PE_Check_AMSConflict  USBPDCORE_PD3_FULL_CM4_Keil.lib(usbpd_pe.o)
    0x0800c226   0x0800c226   0x000001be   Code   RO         3819    i.PE_Check_ControlMessage  USBPDCORE_PD3_FULL_CM4_Keil.lib(usbpd_pe_msg.o)
    0x0800c3e4   0x0800c3e4   0x000000d6   Code   RO         3820    i.PE_Check_DataMessage  USBPDCORE_PD3_FULL_CM4_Keil.lib(usbpd_pe_msg.o)
    0x0800c4ba   0x0800c4ba   0x000000de   Code   RO         3767    i.PE_Check_DataMessageVDM  USBPDCORE_PD3_FULL_CM4_Keil.lib(usbpd_pe_vdm.o)
    0x0800c598   0x0800c598   0x000001e0   Code   RO         3821    i.PE_Check_ExtendedMessage  USBPDCORE_PD3_FULL_CM4_Keil.lib(usbpd_pe_msg.o)
    0x0800c778   0x0800c778   0x00000054   Code   RO         3659    i.PE_Clear_RxEvent  USBPDCORE_PD3_FULL_CM4_Keil.lib(usbpd_pe.o)
    0x0800c7cc   0x0800c7cc   0x0000001a   Code   RO         3660    i.PE_Convert_SOPRxEvent  USBPDCORE_PD3_FULL_CM4_Keil.lib(usbpd_pe.o)
    0x0800c7e6   0x0800c7e6   0x00000002   PAD
    0x0800c7e8   0x0800c7e8   0x00000044   Code   RO         3661    i.PE_ExtRevisionInteroperability  USBPDCORE_PD3_FULL_CM4_Keil.lib(usbpd_pe.o)
    0x0800c82c   0x0800c82c   0x00000022   Code   RO         3860    i.PE_ExtRevisionInteroperability_Cable  USBPDCORE_PD3_FULL_CM4_Keil.lib(usbpd_pe_vconn.o)
    0x0800c84e   0x0800c84e   0x00000066   Code   RO         3662    i.PE_Get_RxEvent    USBPDCORE_PD3_FULL_CM4_Keil.lib(usbpd_pe.o)
    0x0800c8b4   0x0800c8b4   0x00000014   Code   RO         3664    i.PE_Get_UnchunkedSupport  USBPDCORE_PD3_FULL_CM4_Keil.lib(usbpd_pe.o)
    0x0800c8c8   0x0800c8c8   0x00000020   Code   RO         3822    i.PE_ManageRXEvent  USBPDCORE_PD3_FULL_CM4_Keil.lib(usbpd_pe_msg.o)
    0x0800c8e8   0x0800c8e8   0x00000002   Code   RO         3665    i.PE_PRL_BistCompleted  USBPDCORE_PD3_FULL_CM4_Keil.lib(usbpd_pe.o)
    0x0800c8ea   0x0800c8ea   0x00000002   PAD
    0x0800c8ec   0x0800c8ec   0x00000020   Code   RO         3666    i.PE_PRL_Control_RxEvent  USBPDCORE_PD3_FULL_CM4_Keil.lib(usbpd_pe.o)
    0x0800c90c   0x0800c90c   0x0000002c   Code   RO         3667    i.PE_PRL_FastRoleSwapReception  USBPDCORE_PD3_FULL_CM4_Keil.lib(usbpd_pe.o)
    0x0800c938   0x0800c938   0x0000003c   Code   RO         3668    i.PE_PRL_PostReceiveEvent  USBPDCORE_PD3_FULL_CM4_Keil.lib(usbpd_pe.o)
    0x0800c974   0x0800c974   0x0000004c   Code   RO         3669    i.PE_PRL_PostReceiveEventComplete  USBPDCORE_PD3_FULL_CM4_Keil.lib(usbpd_pe.o)
    0x0800c9c0   0x0800c9c0   0x00000038   Code   RO         3670    i.PE_PRL_PostReceiveEventCopy  USBPDCORE_PD3_FULL_CM4_Keil.lib(usbpd_pe.o)
    0x0800c9f8   0x0800c9f8   0x00000030   Code   RO         3671    i.PE_PRL_PostReceiveEventError  USBPDCORE_PD3_FULL_CM4_Keil.lib(usbpd_pe.o)
    0x0800ca28   0x0800ca28   0x00000054   Code   RO         3672    i.PE_PRL_ResetReceived  USBPDCORE_PD3_FULL_CM4_Keil.lib(usbpd_pe.o)
    0x0800ca7c   0x0800ca7c   0x00000082   Code   RO         3823    i.PE_Receive_BIST   USBPDCORE_PD3_FULL_CM4_Keil.lib(usbpd_pe_msg.o)
    0x0800cafe   0x0800cafe   0x00000116   Code   RO         3768    i.PE_Receive_SVDM   USBPDCORE_PD3_FULL_CM4_Keil.lib(usbpd_pe_vdm.o)
    0x0800cc14   0x0800cc14   0x0000000c   Code   RO         3673    i.PE_Reset_Counter  USBPDCORE_PD3_FULL_CM4_Keil.lib(usbpd_pe.o)
    0x0800cc20   0x0800cc20   0x0000006e   Code   RO         3674    i.PE_Reset_HardReset  USBPDCORE_PD3_FULL_CM4_Keil.lib(usbpd_pe.o)
    0x0800cc8e   0x0800cc8e   0x00000066   Code   RO         3676    i.PE_Reset_ZI       USBPDCORE_PD3_FULL_CM4_Keil.lib(usbpd_pe.o)
    0x0800ccf4   0x0800ccf4   0x0000019c   Code   RO         3769    i.PE_SVDM_CheckIdentity  USBPDCORE_PD3_FULL_CM4_Keil.lib(usbpd_pe_vdm.o)
    0x0800ce90   0x0800ce90   0x0000004c   Code   RO         3770    i.PE_SVDM_CheckModes  USBPDCORE_PD3_FULL_CM4_Keil.lib(usbpd_pe_vdm.o)
    0x0800cedc   0x0800cedc   0x00000078   Code   RO         3771    i.PE_SVDM_CheckSVIDs  USBPDCORE_PD3_FULL_CM4_Keil.lib(usbpd_pe_vdm.o)
    0x0800cf54   0x0800cf54   0x0000005a   Code   RO         3824    i.PE_Send_CtrlMessage  USBPDCORE_PD3_FULL_CM4_Keil.lib(usbpd_pe_msg.o)
    0x0800cfae   0x0800cfae   0x00000002   PAD
    0x0800cfb0   0x0800cfb0   0x00000082   Code   RO         3825    i.PE_Send_DataMessage  USBPDCORE_PD3_FULL_CM4_Keil.lib(usbpd_pe_msg.o)
    0x0800d032   0x0800d032   0x00000050   Code   RO         3826    i.PE_Send_ExtendedMessage  USBPDCORE_PD3_FULL_CM4_Keil.lib(usbpd_pe_msg.o)
    0x0800d082   0x0800d082   0x00000030   Code   RO         3677    i.PE_Send_RESET     USBPDCORE_PD3_FULL_CM4_Keil.lib(usbpd_pe.o)
    0x0800d0b2   0x0800d0b2   0x00000022   Code   RO         3679    i.PE_SetPowerNegotiation  USBPDCORE_PD3_FULL_CM4_Keil.lib(usbpd_pe.o)
    0x0800d0d4   0x0800d0d4   0x00000114   Code   RO         3755    i.PE_StateMachine_SNK_ReadyWait  USBPDCORE_PD3_FULL_CM4_Keil.lib(usbpd_pe_snk.o)
    0x0800d1e8   0x0800d1e8   0x000000c8   Code   RO         3756    i.PE_StateMachine_SNK_SelectCapa  USBPDCORE_PD3_FULL_CM4_Keil.lib(usbpd_pe_snk.o)
    0x0800d2b0   0x0800d2b0   0x00000072   Code   RO         3772    i.PE_StateMachine_UVDM  USBPDCORE_PD3_FULL_CM4_Keil.lib(usbpd_pe_vdm.o)
    0x0800d322   0x0800d322   0x00000002   PAD
    0x0800d324   0x0800d324   0x00000ca2   Code   RO         3773    i.PE_StateMachine_VDM  USBPDCORE_PD3_FULL_CM4_Keil.lib(usbpd_pe_vdm.o)
    0x0800dfc6   0x0800dfc6   0x0000026e   Code   RO         3861    i.PE_StateMachine_VDMCable  USBPDCORE_PD3_FULL_CM4_Keil.lib(usbpd_pe_vconn.o)
    0x0800e234   0x0800e234   0x000001f0   Code   RO         3827    i.PE_SubStateMachine_ExtendedMessages  USBPDCORE_PD3_FULL_CM4_Keil.lib(usbpd_pe_msg.o)
    0x0800e424   0x0800e424   0x000005ac   Code   RO         3680    i.PE_SubStateMachine_Generic  USBPDCORE_PD3_FULL_CM4_Keil.lib(usbpd_pe.o)
    0x0800e9d0   0x0800e9d0   0x0000004c   Code   RO         3681    i.PE_SubStateMachine_ReceiveDRS  USBPDCORE_PD3_FULL_CM4_Keil.lib(usbpd_pe.o)
    0x0800ea1c   0x0800ea1c   0x0000025e   Code   RO         3862    i.PE_SubStateMachine_VconnSwap  USBPDCORE_PD3_FULL_CM4_Keil.lib(usbpd_pe_vconn.o)
    0x0800ec7a   0x0800ec7a   0x0000003e   Code   RO         3682    i.PE_SwitchDataRole  USBPDCORE_PD3_FULL_CM4_Keil.lib(usbpd_pe.o)
    0x0800ecb8   0x0800ecb8   0x00000002   Code   RO         3803    i.PE_Trace_Empty    USBPDCORE_PD3_FULL_CM4_Keil.lib(usbpd_pe_lib.o)
    0x0800ecba   0x0800ecba   0x00000004   Code   RO         3563    i.PRL_BistCompleted  USBPDCORE_PD3_FULL_CM4_Keil.lib(usbpd_prl.o)
    0x0800ecbe   0x0800ecbe   0x00000004   Code   RO         3564    i.PRL_FastRoleSwapReception  USBPDCORE_PD3_FULL_CM4_Keil.lib(usbpd_prl.o)
    0x0800ecc2   0x0800ecc2   0x00000002   PAD
    0x0800ecc4   0x0800ecc4   0x0000031c   Code   RO         3565    i.PRL_Received      USBPDCORE_PD3_FULL_CM4_Keil.lib(usbpd_prl.o)
    0x0800efe0   0x0800efe0   0x00000010   Code   RO         3566    i.PRL_ResetCompleted  USBPDCORE_PD3_FULL_CM4_Keil.lib(usbpd_prl.o)
    0x0800eff0   0x0800eff0   0x00000060   Code   RO         3567    i.PRL_ResetIndicate  USBPDCORE_PD3_FULL_CM4_Keil.lib(usbpd_prl.o)
    0x0800f050   0x0800f050   0x00000174   Code   RO         3568    i.PRL_StateTXConstructMessage  USBPDCORE_PD3_FULL_CM4_Keil.lib(usbpd_prl.o)
    0x0800f1c4   0x0800f1c4   0x00000048   Code   RO         3569    i.PRL_TxCompleted   USBPDCORE_PD3_FULL_CM4_Keil.lib(usbpd_prl.o)
    0x0800f20c   0x0800f20c   0x0000000c   Code   RO         3570    i.USBDPD_PRL_BistCarrierEyeMode  USBPDCORE_PD3_FULL_CM4_Keil.lib(usbpd_prl.o)
    0x0800f218   0x0800f218   0x0000000e   Code   RO         3571    i.USBDPD_PRL_BistCarrierEyeModeExit  USBPDCORE_PD3_FULL_CM4_Keil.lib(usbpd_prl.o)
    0x0800f226   0x0800f226   0x00000004   Code   RO         3631    i.USBPD_CAD_EnterErrorRecovery  USBPDCORE_PD3_FULL_CM4_Keil.lib(usbpd_cad.o)
    0x0800f22a   0x0800f22a   0x00000004   Code   RO         3632    i.USBPD_CAD_GetMemoryConsumption  USBPDCORE_PD3_FULL_CM4_Keil.lib(usbpd_cad.o)
    0x0800f22e   0x0800f22e   0x00000002   PAD
    0x0800f230   0x0800f230   0x00000050   Code   RO         3633    i.USBPD_CAD_Init    USBPDCORE_PD3_FULL_CM4_Keil.lib(usbpd_cad.o)
    0x0800f280   0x0800f280   0x00000014   Code   RO         3634    i.USBPD_CAD_PortEnable  USBPDCORE_PD3_FULL_CM4_Keil.lib(usbpd_cad.o)
    0x0800f294   0x0800f294   0x00000104   Code   RO         3635    i.USBPD_CAD_Process  USBPDCORE_PD3_FULL_CM4_Keil.lib(usbpd_cad.o)
    0x0800f398   0x0800f398   0x00000014   Code   RO         3804    i.USBPD_PE_CheckLIB  USBPDCORE_PD3_FULL_CM4_Keil.lib(usbpd_pe_lib.o)
    0x0800f3ac   0x0800f3ac   0x00000012   Code   RO         3805    i.USBPD_PE_GetMemoryConsumption  USBPDCORE_PD3_FULL_CM4_Keil.lib(usbpd_pe_lib.o)
    0x0800f3be   0x0800f3be   0x00000002   PAD
    0x0800f3c0   0x0800f3c0   0x000000ac   Code   RO         3685    i.USBPD_PE_Init     USBPDCORE_PD3_FULL_CM4_Keil.lib(usbpd_pe.o)
    0x0800f46c   0x0800f46c   0x0000001c   Code   RO         3687    i.USBPD_PE_IsCableConnected  USBPDCORE_PD3_FULL_CM4_Keil.lib(usbpd_pe.o)
    0x0800f488   0x0800f488   0x0000003c   Code   RO         3688    i.USBPD_PE_Notification  USBPDCORE_PD3_FULL_CM4_Keil.lib(usbpd_pe.o)
    0x0800f4c4   0x0800f4c4   0x00000ac4   Code   RO         3757    i.USBPD_PE_StateMachine_SNK  USBPDCORE_PD3_FULL_CM4_Keil.lib(usbpd_pe_snk.o)
    0x0800ff88   0x0800ff88   0x00000024   Code   RO         3572    i.USBPD_PRL_CBL_SetHeaderSpecification  USBPDCORE_PD3_FULL_CM4_Keil.lib(usbpd_prl.o)
    0x0800ffac   0x0800ffac   0x00000006   Code   RO         3575    i.USBPD_PRL_GetMemoryConsumption  USBPDCORE_PD3_FULL_CM4_Keil.lib(usbpd_prl.o)
    0x0800ffb2   0x0800ffb2   0x00000002   PAD
    0x0800ffb4   0x0800ffb4   0x00000060   Code   RO         3576    i.USBPD_PRL_Init    USBPDCORE_PD3_FULL_CM4_Keil.lib(usbpd_prl.o)
    0x08010014   0x08010014   0x00000004   Code   RO         3577    i.USBPD_PRL_IsResistor_SinkTxOK  USBPDCORE_PD3_FULL_CM4_Keil.lib(usbpd_prl.o)
    0x08010018   0x08010018   0x00000054   Code   RO         3578    i.USBPD_PRL_PrepareChunkRequest  USBPDCORE_PD3_FULL_CM4_Keil.lib(usbpd_prl.o)
    0x0801006c   0x0801006c   0x00000044   Code   RO         3579    i.USBPD_PRL_PrepareExtendedTxChunkSending  USBPDCORE_PD3_FULL_CM4_Keil.lib(usbpd_prl.o)
    0x080100b0   0x080100b0   0x0000003c   Code   RO         3580    i.USBPD_PRL_Reset   USBPDCORE_PD3_FULL_CM4_Keil.lib(usbpd_prl.o)
    0x080100ec   0x080100ec   0x00000064   Code   RO         3581    i.USBPD_PRL_ResetRequestProcess  USBPDCORE_PD3_FULL_CM4_Keil.lib(usbpd_prl.o)
    0x08010150   0x08010150   0x00000004   Code   RO         3582    i.USBPD_PRL_SOPCapability  USBPDCORE_PD3_FULL_CM4_Keil.lib(usbpd_prl.o)
    0x08010154   0x08010154   0x00000004   Code   RO         3584    i.USBPD_PRL_SRCSetSinkNG  USBPDCORE_PD3_FULL_CM4_Keil.lib(usbpd_prl.o)
    0x08010158   0x08010158   0x00000298   Code   RO         3585    i.USBPD_PRL_SendMessage  USBPDCORE_PD3_FULL_CM4_Keil.lib(usbpd_prl.o)
    0x080103f0   0x080103f0   0x0000002c   Code   RO         3586    i.USBPD_PRL_SetHeader  USBPDCORE_PD3_FULL_CM4_Keil.lib(usbpd_prl.o)
    0x0801041c   0x0801041c   0x00000014   Code   RO         3587    i.USBPD_PRL_SetHeaderDataRole  USBPDCORE_PD3_FULL_CM4_Keil.lib(usbpd_prl.o)
    0x08010430   0x08010430   0x00000014   Code   RO         3588    i.USBPD_PRL_SetHeaderPowerRole  USBPDCORE_PD3_FULL_CM4_Keil.lib(usbpd_prl.o)
    0x08010444   0x08010444   0x00000014   Code   RO         3589    i.USBPD_PRL_SetHeaderSpecification  USBPDCORE_PD3_FULL_CM4_Keil.lib(usbpd_prl.o)
    0x08010458   0x08010458   0x0000001a   Code   RO         4071    x$fpl$fpinit        fz_wm.l(fpinit.o)
    0x08010472   0x08010472   0x00000002   PAD
    0x08010474   0x08010474   0x0000001c   Data   RO         3593    .constdata          USBPDCORE_PD3_FULL_CM4_Keil.lib(usbpd_prl.o)
    0x08010490   0x08010490   0x00000010   Data   RO         2661    .rodata.AHBPrescTable  system_stm32g4xx.o
    0x080104a0   0x080104a0   0x00000008   Data   RO         2662    .rodata.APBPrescTable  system_stm32g4xx.o
    0x080104a8   0x080104a8   0x00000018   Data   RO         2571    .rodata.UARTPrescTable  stm32g4xx_hal_uart.o
    0x080104c0   0x080104c0   0x00000008   Data   RO          521    .rodata.USBPD_DPM_InitCore.CAD_cbs  usbpd_dpm_core.o
    0x080104c8   0x080104c8   0x00000040   Data   RO          520    .rodata.USBPD_DPM_InitCore.dpmCallbacks  usbpd_dpm_core.o
    0x08010508   0x08010508   0x00000010   Data   RO         2572    .rodata.cst16       stm32g4xx_hal_uart.o
    0x08010518   0x08010518   0x00000010   Data   RO         2613    .rodata.cst8        stm32g4xx_hal_uart_ex.o
    0x08010528   0x08010528   0x00000024   Data   RO           42    .rodata.defaultTask_attributes  app_freertos.o
    0x0801054c   0x0801054c   0x0000000c   Data   RO           41    .rodata.str1.1      app_freertos.o
    0x08010558   0x08010558   0x0000000e   Data   RO          518    .rodata.str1.1      usbpd_dpm_core.o
    0x08010566   0x08010566   0x00000005   Data   RO         3010    .rodata.str1.1      timers.o
    0x0801056b   0x0801056b   0x00000001   PAD
    0x0801056c   0x0801056c   0x00000020   Data   RO         4165    Region$$Table       anon$$obj.o


    Execution Region RW_IRAM1 (Exec base: 0x20000000, Load base: 0x08010590, Size: 0x00003160, Max: 0x00008000, ABSOLUTE, COMPRESSED[0x00000100])

    Exec Addr    Load Addr    Size         Type   Attr      Idx    E Section Name        Object

    0x20000000   COMPRESSED   0x00000004   Data   RW         3807    .data               USBPDCORE_PD3_FULL_CM4_Keil.lib(usbpd_pe_lib.o)
    0x20000004   COMPRESSED   0x00000048   Data   RW          522    .data..L_MergedGlobals  usbpd_dpm_core.o
    0x2000004c   COMPRESSED   0x00000008   Data   RW          962    .data..L_MergedGlobals  stm32g4xx_hal.o
    0x20000054   COMPRESSED   0x00000056   Data   RW         3547    .data..L_MergedGlobals  usbd_hid.o
    0x200000aa   COMPRESSED   0x00000002   PAD
    0x200000ac   COMPRESSED   0x00000024   Data   RW          519    .data.CAD_Thread_Atrr  usbpd_dpm_core.o
    0x200000d0   COMPRESSED   0x0000000c   Data   RW          515    .data.DPM_Settings  usbpd_dpm_core.o
    0x200000dc   COMPRESSED   0x00000038   Data   RW          517    .data.DPM_USER_Settings  usbpd_dpm_core.o
    0x20000114   COMPRESSED   0x00000020   Data   RW          627    .data.HID_Desc      usbd_desc.o
    0x20000134   COMPRESSED   0x00000004   Data   RW         2660    .data.SystemCoreClock  system_stm32g4xx.o
    0x20000138   COMPRESSED   0x00000038   Data   RW         3542    .data.USBD_HID      usbd_hid.o
    0x20000170   COMPRESSED   0x00000022   Data   RW         3543    .data.USBD_HID_CfgFSDesc  usbd_hid.o
    0x20000192   COMPRESSED   0x00000002   PAD
    0x20000194   COMPRESSED   0x00000022   Data   RW         3544    .data.USBD_HID_CfgHSDesc  usbd_hid.o
    0x200001b6   COMPRESSED   0x00000002   PAD
    0x200001b8   COMPRESSED   0x00000012   Data   RW          628    .data.USBD_HID_DeviceDesc  usbd_desc.o
    0x200001ca   COMPRESSED   0x00000002   PAD
    0x200001cc   COMPRESSED   0x0000000a   Data   RW         3546    .data.USBD_HID_DeviceQualifierDesc  usbd_hid.o
    0x200001d6   COMPRESSED   0x00000002   PAD
    0x200001d8   COMPRESSED   0x00000022   Data   RW         3545    .data.USBD_HID_OtherSpeedCfgDesc  usbd_hid.o
    0x200001fa   COMPRESSED   0x00000002   PAD
    0x200001fc   COMPRESSED   0x00000004   Data   RW          629    .data.USBD_LangIDDesc  usbd_desc.o
    0x20000200   COMPRESSED   0x0000001a   Data   RW          630    .data.USBD_StringSerial  usbd_desc.o
    0x2000021a   COMPRESSED   0x00000002   PAD
    0x2000021c   COMPRESSED   0x00000004   Data   RW         3231    .data.uxCriticalNesting  port.o
    0x20000220        -       0x0000000c   Zero   RW         3592    .bss                USBPDCORE_PD3_FULL_CM4_Keil.lib(usbpd_prl.o)
    0x2000022c        -       0x0000000c   Zero   RW         3638    .bss                USBPDCORE_PD3_FULL_CM4_Keil.lib(usbpd_cad.o)
    0x20000238        -       0x0000000c   Zero   RW         3700    .bss                USBPDCORE_PD3_FULL_CM4_Keil.lib(usbpd_pe.o)
    0x20000244        -       0x00000060   Zero   RW         4035    .bss                c_w.l(libspace.o)
    0x200002a4        -       0x00000064   Zero   RW           62    .bss..L_MergedGlobals  adc.o
    0x20000308        -       0x00000078   Zero   RW         2960    .bss..L_MergedGlobals  tasks.o
    0x20000380        -       0x0000003c   Zero   RW         3011    .bss..L_MergedGlobals  timers.o
    0x200003bc        -       0x00000020   Zero   RW         3196    .bss..L_MergedGlobals  heap_4.o
    0x200003dc        -       0x00000008   Zero   RW         3232    .bss..L_MergedGlobals  port.o
    0x200003e4        -       0x00000028   Zero   RW         2961    .bss..L_MergedGlobals.1  tasks.o
    0x2000040c        -       0x00000010   Zero   RW          523    .bss..L_MergedGlobals.3  usbpd_dpm_core.o
    0x2000041c        -       0x0000000c   Zero   RW         3266    .bss.CAD_HW_Handles  usbpd_cad_hw_if.o
    0x20000428        -       0x00000004   Zero   RW         3170    .bss.KernelState    cmsis_os2.o
    0x2000042c        -       0x00000008   Zero   RW         3342    .bss.PHY_Ports      usbpd_phy.o
    0x20000434        -       0x00000001   Zero   RW         3301    .bss.PORTx_IRQHandler.ovrflag  usbpd_hw_if_it.o
    0x20000435   COMPRESSED   0x00000003   PAD
    0x20000438        -       0x0000003c   Zero   RW         3389    .bss.Ports          usbpd_phy_hw_if.o
    0x20000474        -       0x00000001   Zero   RW         3491    .bss.USBD_SetConfig.cfgidx  usbd_ctlreq.o
    0x20000475   COMPRESSED   0x00000003   PAD
    0x20000478        -       0x00000200   Zero   RW          631    .bss.USBD_StrDesc   usbd_desc.o
    0x20000678        -       0x00000014   Zero   RW          604    .bss.USBD_static_malloc.mem  usbd_conf.o
    0x2000068c        -       0x00000004   Zero   RW           43    .bss.defaultTaskHandle  app_freertos.o
    0x20000690        -       0x000002d0   Zero   RW          534    .bss.hUsbDeviceFS   usb_device.o
    0x20000960        -       0x0000006c   Zero   RW           59    .bss.hadc1          adc.o
    0x200009cc        -       0x0000006c   Zero   RW           60    .bss.hadc2          adc.o
    0x20000a38        -       0x00000024   Zero   RW           81    .bss.hcomp1         comp.o
    0x20000a5c        -       0x00000024   Zero   RW           82    .bss.hcomp2         comp.o
    0x20000a80        -       0x00000024   Zero   RW           83    .bss.hcomp4         comp.o
    0x20000aa4        -       0x00000014   Zero   RW          100    .bss.hdac1          dac.o
    0x20000ab8        -       0x00000014   Zero   RW          101    .bss.hdac3          dac.o
    0x20000acc        -       0x00000060   Zero   RW           61    .bss.hdma_adc2      adc.o
    0x20000b2c        -       0x00000060   Zero   RW          207    .bss.hdma_tim2_ch3  tim.o
    0x20000b8c        -       0x00000054   Zero   RW          126    .bss.hi2c3          i2c.o
    0x20000be0        -       0x0000003c   Zero   RW          145    .bss.hopamp1        opamp.o
    0x20000c1c        -       0x0000003c   Zero   RW          146    .bss.hopamp2        opamp.o
    0x20000c58        -       0x0000003c   Zero   RW          147    .bss.hopamp3        opamp.o
    0x20000c94        -       0x000002dc   Zero   RW          603    .bss.hpcd_USB_FS    usbd_conf.o
    0x20000f70        -       0x00000064   Zero   RW          162    .bss.hspi2          spi.o
    0x20000fd4        -       0x0000004c   Zero   RW          201    .bss.htim1          tim.o
    0x20001020        -       0x0000004c   Zero   RW          205    .bss.htim15         tim.o
    0x2000106c        -       0x0000004c   Zero   RW          206    .bss.htim17         tim.o
    0x200010b8        -       0x0000004c   Zero   RW          202    .bss.htim2          tim.o
    0x20001104        -       0x0000004c   Zero   RW          203    .bss.htim3          tim.o
    0x20001150        -       0x0000004c   Zero   RW          690    .bss.htim7          stm32g4xx_hal_timebase_tim.o
    0x2000119c        -       0x0000004c   Zero   RW          204    .bss.htim8          tim.o
    0x200011e8        -       0x00000094   Zero   RW          233    .bss.huart1         usart.o
    0x2000127c        -       0x00000094   Zero   RW          234    .bss.huart3         usart.o
    0x20001310        -       0x000000a0   Zero   RW         3009    .bss.prvCheckForValidListAndQueue.ucStaticTimerQueueStorage  timers.o
    0x200013b0        -       0x00000050   Zero   RW         3008    .bss.prvCheckForValidListAndQueue.xStaticTimerQueue  timers.o
    0x20001400        -       0x00000460   Zero   RW         2959    .bss.pxReadyTasksLists  tasks.o
    0x20001860        -       0x00000001   Zero   RW         3422    .bss.timer_initcounter  usbpd_timersserver.o
    0x20001861        -       0x00000c00   Zero   RW         3195    .bss.ucHeap         heap_4.o
    0x20002461   COMPRESSED   0x00000003   PAD
    0x20002464        -       0x00000004   Zero   RW          961    .bss.uwTick         stm32g4xx_hal.o
    0x20002468        -       0x00000200   Zero   RW         3172    .bss.vApplicationGetIdleTaskMemory.Idle_Stack  cmsis_os2.o
    0x20002668        -       0x0000005c   Zero   RW         3171    .bss.vApplicationGetIdleTaskMemory.Idle_TCB  cmsis_os2.o
    0x200026c4        -       0x00000400   Zero   RW         3174    .bss.vApplicationGetTimerTaskMemory.Timer_Stack  cmsis_os2.o
    0x20002ac4        -       0x0000005c   Zero   RW         3173    .bss.vApplicationGetTimerTaskMemory.Timer_TCB  cmsis_os2.o
    0x20002b20        -       0x00000040   Zero   RW         2792    .bss.xQueueRegistry  queue.o
    0x20002b60        -       0x00000200   Zero   RW            2    HEAP                startup_stm32g431xx.o
    0x20002d60        -       0x00000400   Zero   RW            1    STACK               startup_stm32g431xx.o


==============================================================================

Image component sizes


      Code (inc. data)   RO Data    RW Data    ZI Data      Debug   Object Name

       678          0          0          0        412       7789   adc.o
        44          0         48          0          4       2824   app_freertos.o
       896          0          0          0       1724      44391   cmsis_os2.o
       342          0          0          0        108       3963   comp.o
       302          0          0          0         40       5503   dac.o
       222          0          0          0          0       5405   dma.o
       210          0          0          0          0       2438   gpio.o
       734          0          0          0       3104       5620   heap_4.o
       246          0          0          0         84       6532   i2c.o
       190          0          0          0          0       2346   list.o
       396          0          0          0          0       6081   main.o
       360          0          0          0        180       4347   opamp.o
       994         16          0          4          8       4192   port.o
      2274          0          0          0         64      28149   queue.o
       184          0          0          0        100       5634   spi.o
        64         26        472          0       1536        864   startup_stm32g431xx.o
       108          0          0          8          4       8875   stm32g4xx_hal.o
      1522          0          0          0          0      28095   stm32g4xx_hal_adc.o
       192          0          0          0          0      22492   stm32g4xx_hal_adc_ex.o
       352          0          0          0          0       5987   stm32g4xx_hal_comp.o
       156          0          0          0          0      10257   stm32g4xx_hal_cortex.o
       520          0          0          0          0      10018   stm32g4xx_hal_dac.o
       468          0          0          0          0       9361   stm32g4xx_hal_dma.o
       438          0          0          0          0       5255   stm32g4xx_hal_gpio.o
       174          0          0          0          0      58128   stm32g4xx_hal_i2c.o
       146          0          0          0          0       6562   stm32g4xx_hal_i2c_ex.o
        60          0          0          0          0       3469   stm32g4xx_hal_msp.o
       268          0          0          0          0       6658   stm32g4xx_hal_opamp.o
      3492          0          0          0          0      16173   stm32g4xx_hal_pcd.o
       100          0          0          0          0       5613   stm32g4xx_hal_pcd_ex.o
       294          0          0          0          0       9795   stm32g4xx_hal_pwr_ex.o
      2320          0          0          0          0       9956   stm32g4xx_hal_rcc.o
       618          0          0          0          0      10694   stm32g4xx_hal_rcc_ex.o
       228          0          0          0          0      26297   stm32g4xx_hal_spi.o
      3164         24          0          0          0      60571   stm32g4xx_hal_tim.o
       378          0          0          0          0      29979   stm32g4xx_hal_tim_ex.o
       176          0          0          0         76       7780   stm32g4xx_hal_timebase_tim.o
      2196         48         40          0          0      41532   stm32g4xx_hal_uart.o
       334          0         16          0          0      11466   stm32g4xx_hal_uart_ex.o
        84          0          0          0          0       7708   stm32g4xx_it.o
       142          8          0          0          0       5521   stm32g4xx_ll_dma.o
       226          0          0          0          0       3977   stm32g4xx_ll_gpio.o
       112          0          0          0          0       3442   stm32g4xx_ll_ucpd.o
      3520          4          0          0          0      20885   stm32g4xx_ll_usb.o
        18          0         24          4          0       2779   system_stm32g4xx.o
      3460          8          0          0       1280      43017   tasks.o
      1808          0          0          0        552      10646   tim.o
      1086         20          5          0        300      16093   timers.o
       336          0          0          0          0       7862   ucpd.o
       480          0          0          0        296       6955   usart.o
        86          0          0          0        720       3064   usb_device.o
       790          0          0          0        752      18544   usbd_conf.o
       684          0          0          0          0       8455   usbd_core.o
      1594         44          0          0          1      10030   usbd_ctlreq.o
       560         72          0         80        512       4323   usbd_desc.o
       440         24          0        254          0       7016   usbd_hid.o
       102          0          0          0          0       4632   usbd_ioreq.o
        44          0          0          0          0       1167   usbpd.o
      1278          0          0          0         12      16272   usbpd_cad_hw_if.o
      1228          8         86        176         16      18809   usbpd_dpm_core.o
       120          0          0          0          0      18237   usbpd_dpm_user.o
       206          0          0          0          0       3967   usbpd_hw.o
       538          0          0          0          1       3225   usbpd_hw_if_it.o
       268          8          0          0          8       5708   usbpd_phy.o
      1050         10          0          0         60      13961   usbpd_phy_hw_if.o
        18          0          0          0          0       2339   usbpd_pwr_hw_if.o
       128          0          0          0          0       5210   usbpd_pwr_if.o
        64          0          0          0          0       7550   usbpd_pwr_user.o
       540          6          0          0          1       5851   usbpd_timersserver.o

    ----------------------------------------------------------------------
     47268        338        724        540      11964     828336   Object Totals
         0          0         32          0          0          0   (incl. Generated)
       418         12          1         14          9          0   (incl. Padding)

    ----------------------------------------------------------------------

      Code (inc. data)   RO Data    RW Data    ZI Data      Debug   Library Member Name

       368         16          0          0         12        616   usbpd_cad.o
      3146        122          0          0         12       3652   usbpd_pe.o
        40          6          0          4          0        356   usbpd_pe_lib.o
      2204         44          0          0          0       1372   usbpd_pe_msg.o
      3232        116          0          0          0        412   usbpd_pe_snk.o
      1262          8          0          0          0        416   usbpd_pe_vconn.o
      4456         78          0          0          0        964   usbpd_pe_vdm.o
      2616        152         28          0         12       3036   usbpd_prl.o
        90          0          0          0          0          0   __dczerorl2.o
         8          0          0          0          0         68   __main.o
         0          0          0          0          0          0   __rtentry.o
        12          0          0          0          0          0   __rtentry2.o
         6          0          0          0          0          0   __rtentry4.o
        52          8          0          0          0          0   __scatter.o
        28          0          0          0          0          0   __scatter_zi.o
        16          0          0          0          0         68   aeabi_memset.o
        16          0          0          0          0         68   aeabi_memset4.o
        10          0          0          0          0         68   defsig_exit.o
        50          0          0          0          0         88   defsig_general.o
        80         58          0          0          0         76   defsig_rtmem_inner.o
        14          0          0          0          0         80   defsig_rtmem_outer.o
        18          0          0          0          0         80   exit.o
        94          0          0          0          0         80   h1_alloc.o
        52          0          0          0          0         68   h1_extend.o
        78          0          0          0          0         80   h1_free.o
        14          0          0          0          0         84   h1_init.o
         6          0          0          0          0        152   heapauxi.o
         4          0          0          0          0        136   hguard.o
         0          0          0          0          0          0   indicate_semi.o
       138          0          0          0          0        168   init_alloc.o
         2          0          0          0          0          0   libinit.o
        14          0          0          0          0          0   libinit2.o
         2          0          0          0          0          0   libshutdown.o
         2          0          0          0          0          0   libshutdown2.o
         8          4          0          0         96         68   libspace.o
       240          0          0          0          0        100   lludivv7m.o
         0          0          0          0          0          0   maybetermalloc1.o
         8          4          0          0          0         68   rt_heap_descriptor_intlibspace.o
        68          0          0          0          0         68   rt_memclr.o
        78          0          0          0          0         80   rt_memclr_w.o
       138          0          0          0          0         68   rt_memcpy_v6.o
       100          0          0          0          0         80   rt_memcpy_w.o
         2          0          0          0          0          0   rtexit.o
        10          0          0          0          0          0   rtexit2.o
        12          4          0          0          0         68   sys_exit.o
        74          0          0          0          0         80   sys_stackheap_outer.o
        14          0          0          0          0         76   sys_wrch.o
         2          0          0          0          0         68   use_no_semi.o
        26          0          0          0          0        116   fpinit.o

    ----------------------------------------------------------------------
     18936        620         28          4        132      13128   Library Totals
        26          0          0          0          0          0   (incl. Padding)

    ----------------------------------------------------------------------

      Code (inc. data)   RO Data    RW Data    ZI Data      Debug   Library Name

     17324        542         28          4         36      10824   USBPDCORE_PD3_FULL_CM4_Keil.lib
      1560         78          0          0         96       2188   c_w.l
        26          0          0          0          0        116   fz_wm.l

    ----------------------------------------------------------------------
     18936        620         28          4        132      13128   Library Totals

    ----------------------------------------------------------------------

==============================================================================


      Code (inc. data)   RO Data    RW Data    ZI Data      Debug   

     66204        958        752        544      12096     831128   Grand Totals
     66204        958        752        256      12096     831128   ELF Image Totals (compressed)
     66204        958        752        256          0          0   ROM Totals

==============================================================================

    Total RO  Size (Code + RO Data)                66956 (  65.39kB)
    Total RW  Size (RW Data + ZI Data)             12640 (  12.34kB)
    Total ROM Size (Code + RO Data + RW Data)      67212 (  65.64kB)

==============================================================================

