<!doctype html public "-//w3c//dtd html 4.0 transitional//en">
<html><head>
<title>Static Call Graph - [DigitalPowerNew\DigitalPowerNew.axf]</title></head>
<body><HR>
<H1>Static Call Graph for image DigitalPowerNew\DigitalPowerNew.axf</H1><HR>
<BR><P>#&#060CALLGRAPH&#062# ARM Linker, 6190004: Last Updated: Mon Mar  3 14:32:20 2025
<BR><P>
<H3>Maximum Stack Usage =        376 bytes + Unknown(Functions without stacksize, Cycles, Untraceable Function Pointers)</H3><H3>
Call chain for Maximum Stack Depth:</H3>
USBPD_PE_Task_P0 &rArr; USBPD_PE_StateMachine_SNK &rArr; PE_StateMachine_VDM &rArr; PE_Send_DataMessage &rArr; USBPD_PRL_SendMessage &rArr; PRL_StateTXConstructMessage &rArr; USBPD_PHY_SendMessage &rArr; USBPD_HW_IF_SendBuffer
<P>
<H3>
Functions with no stack information
</H3><UL>
 <LI><a href="#[10b]">__user_initial_stackheap</a>
</UL>
</UL>
<P>
<H3>
Mutually Recursive functions
</H3> <LI><a href="#[1c]">ADC1_2_IRQHandler</a>&nbsp;&nbsp;&nbsp;&rArr;&nbsp;&nbsp;&nbsp;<a href="#[1c]">ADC1_2_IRQHandler</a><BR>
 <LI><a href="#[5]">BusFault_Handler</a>&nbsp;&nbsp;&nbsp;&rArr;&nbsp;&nbsp;&nbsp;<a href="#[5]">BusFault_Handler</a><BR>
 <LI><a href="#[4]">MemManage_Handler</a>&nbsp;&nbsp;&nbsp;&rArr;&nbsp;&nbsp;&nbsp;<a href="#[4]">MemManage_Handler</a><BR>
 <LI><a href="#[6]">UsageFault_Handler</a>&nbsp;&nbsp;&nbsp;&rArr;&nbsp;&nbsp;&nbsp;<a href="#[6]">UsageFault_Handler</a><BR>
</UL>
<P>
<H3>
Function Pointers
</H3><UL>
 <LI><a href="#[1c]">ADC1_2_IRQHandler</a> from startup_stm32g431xx.o(.text) referenced from startup_stm32g431xx.o(RESET)
 <LI><a href="#[57]">ADC_DMAConvCplt</a> from lto-llvm-1dc57d.o(.text.ADC_DMAConvCplt) referenced 2 times from lto-llvm-1dc57d.o(.text.HAL_ADC_Start_DMA)
 <LI><a href="#[59]">ADC_DMAError</a> from lto-llvm-1dc57d.o(.text.ADC_DMAError) referenced 2 times from lto-llvm-1dc57d.o(.text.HAL_ADC_Start_DMA)
 <LI><a href="#[58]">ADC_DMAHalfConvCplt</a> from lto-llvm-1dc57d.o(.text.ADC_DMAHalfConvCplt) referenced 2 times from lto-llvm-1dc57d.o(.text.HAL_ADC_Start_DMA)
 <LI><a href="#[5]">BusFault_Handler</a> from lto-llvm-1dc57d.o(.text.BusFault_Handler) referenced from startup_stm32g431xx.o(RESET)
 <LI><a href="#[56]">CAD_StateMachine_SNK</a> from lto-llvm-1dc57d.o(.text.CAD_StateMachine_SNK) referenced 2 times from lto-llvm-1dc57d.o(.text.CAD_Init)
 <LI><a href="#[44]">COMP1_2_3_IRQHandler</a> from startup_stm32g431xx.o(.text) referenced from startup_stm32g431xx.o(RESET)
 <LI><a href="#[45]">COMP4_IRQHandler</a> from startup_stm32g431xx.o(.text) referenced from startup_stm32g431xx.o(RESET)
 <LI><a href="#[4f]">CORDIC_IRQHandler</a> from startup_stm32g431xx.o(.text) referenced from startup_stm32g431xx.o(RESET)
 <LI><a href="#[46]">CRS_IRQHandler</a> from startup_stm32g431xx.o(.text) referenced from startup_stm32g431xx.o(RESET)
 <LI><a href="#[16]">DMA1_Channel1_IRQHandler</a> from lto-llvm-1dc57d.o(.text.DMA1_Channel1_IRQHandler) referenced from startup_stm32g431xx.o(RESET)
 <LI><a href="#[17]">DMA1_Channel2_IRQHandler</a> from lto-llvm-1dc57d.o(.text.DMA1_Channel2_IRQHandler) referenced from startup_stm32g431xx.o(RESET)
 <LI><a href="#[18]">DMA1_Channel3_IRQHandler</a> from lto-llvm-1dc57d.o(.text.DMA1_Channel3_IRQHandler) referenced from startup_stm32g431xx.o(RESET)
 <LI><a href="#[19]">DMA1_Channel4_IRQHandler</a> from lto-llvm-1dc57d.o(.text.DMA1_Channel4_IRQHandler) referenced from startup_stm32g431xx.o(RESET)
 <LI><a href="#[1a]">DMA1_Channel5_IRQHandler</a> from lto-llvm-1dc57d.o(.text.DMA1_Channel5_IRQHandler) referenced from startup_stm32g431xx.o(RESET)
 <LI><a href="#[1b]">DMA1_Channel6_IRQHandler</a> from lto-llvm-1dc57d.o(.text.DMA1_Channel6_IRQHandler) referenced from startup_stm32g431xx.o(RESET)
 <LI><a href="#[3e]">DMA2_Channel1_IRQHandler</a> from lto-llvm-1dc57d.o(.text.DMA2_Channel1_IRQHandler) referenced from startup_stm32g431xx.o(RESET)
 <LI><a href="#[3f]">DMA2_Channel2_IRQHandler</a> from startup_stm32g431xx.o(.text) referenced from startup_stm32g431xx.o(RESET)
 <LI><a href="#[40]">DMA2_Channel3_IRQHandler</a> from startup_stm32g431xx.o(.text) referenced from startup_stm32g431xx.o(RESET)
 <LI><a href="#[41]">DMA2_Channel4_IRQHandler</a> from startup_stm32g431xx.o(.text) referenced from startup_stm32g431xx.o(RESET)
 <LI><a href="#[42]">DMA2_Channel5_IRQHandler</a> from startup_stm32g431xx.o(.text) referenced from startup_stm32g431xx.o(RESET)
 <LI><a href="#[4e]">DMA2_Channel6_IRQHandler</a> from startup_stm32g431xx.o(.text) referenced from startup_stm32g431xx.o(RESET)
 <LI><a href="#[4d]">DMAMUX_OVR_IRQHandler</a> from startup_stm32g431xx.o(.text) referenced from startup_stm32g431xx.o(RESET)
 <LI><a href="#[8]">DebugMon_Handler</a> from lto-llvm-1dc57d.o(.text.DebugMon_Handler) referenced from startup_stm32g431xx.o(RESET)
 <LI><a href="#[11]">EXTI0_IRQHandler</a> from startup_stm32g431xx.o(.text) referenced from startup_stm32g431xx.o(RESET)
 <LI><a href="#[32]">EXTI15_10_IRQHandler</a> from startup_stm32g431xx.o(.text) referenced from startup_stm32g431xx.o(RESET)
 <LI><a href="#[12]">EXTI1_IRQHandler</a> from startup_stm32g431xx.o(.text) referenced from startup_stm32g431xx.o(RESET)
 <LI><a href="#[13]">EXTI2_IRQHandler</a> from startup_stm32g431xx.o(.text) referenced from startup_stm32g431xx.o(RESET)
 <LI><a href="#[14]">EXTI3_IRQHandler</a> from startup_stm32g431xx.o(.text) referenced from startup_stm32g431xx.o(RESET)
 <LI><a href="#[15]">EXTI4_IRQHandler</a> from startup_stm32g431xx.o(.text) referenced from startup_stm32g431xx.o(RESET)
 <LI><a href="#[21]">EXTI9_5_IRQHandler</a> from lto-llvm-1dc57d.o(.text.EXTI9_5_IRQHandler) referenced from startup_stm32g431xx.o(RESET)
 <LI><a href="#[1f]">FDCAN1_IT0_IRQHandler</a> from startup_stm32g431xx.o(.text) referenced from startup_stm32g431xx.o(RESET)
 <LI><a href="#[20]">FDCAN1_IT1_IRQHandler</a> from startup_stm32g431xx.o(.text) referenced from startup_stm32g431xx.o(RESET)
 <LI><a href="#[f]">FLASH_IRQHandler</a> from startup_stm32g431xx.o(.text) referenced from startup_stm32g431xx.o(RESET)
 <LI><a href="#[50]">FMAC_IRQHandler</a> from startup_stm32g431xx.o(.text) referenced from startup_stm32g431xx.o(RESET)
 <LI><a href="#[48]">FPU_IRQHandler</a> from startup_stm32g431xx.o(.text) referenced from startup_stm32g431xx.o(RESET)
 <LI><a href="#[3]">HardFault_Handler</a> from lto-llvm-1dc57d.o(.text.HardFault_Handler) referenced from startup_stm32g431xx.o(RESET)
 <LI><a href="#[2a]">I2C1_ER_IRQHandler</a> from startup_stm32g431xx.o(.text) referenced from startup_stm32g431xx.o(RESET)
 <LI><a href="#[29]">I2C1_EV_IRQHandler</a> from startup_stm32g431xx.o(.text) referenced from startup_stm32g431xx.o(RESET)
 <LI><a href="#[2c]">I2C2_ER_IRQHandler</a> from startup_stm32g431xx.o(.text) referenced from startup_stm32g431xx.o(RESET)
 <LI><a href="#[2b]">I2C2_EV_IRQHandler</a> from startup_stm32g431xx.o(.text) referenced from startup_stm32g431xx.o(RESET)
 <LI><a href="#[4c]">I2C3_ER_IRQHandler</a> from lto-llvm-1dc57d.o(.text.I2C3_ER_IRQHandler) referenced from startup_stm32g431xx.o(RESET)
 <LI><a href="#[4b]">I2C3_EV_IRQHandler</a> from lto-llvm-1dc57d.o(.text.I2C3_EV_IRQHandler) referenced from startup_stm32g431xx.o(RESET)
 <LI><a href="#[5f]">I2C_DMAAbort</a> from lto-llvm-1dc57d.o(.text.I2C_DMAAbort) referenced 2 times from lto-llvm-1dc57d.o(.text.I2C_ITError)
 <LI><a href="#[70]">I2C_Master_ISR_IT</a> from lto-llvm-1dc57d.o(.text.I2C_Master_ISR_IT) referenced 4 times from lto-llvm-1dc57d.o(.text.user_main)
 <LI><a href="#[5e]">I2C_Slave_ISR_IT</a> from lto-llvm-1dc57d.o(.text.I2C_Slave_ISR_IT) referenced 2 times from lto-llvm-1dc57d.o(.text.I2C_ITError)
 <LI><a href="#[39]">LPTIM1_IRQHandler</a> from startup_stm32g431xx.o(.text) referenced from startup_stm32g431xx.o(RESET)
 <LI><a href="#[4a]">LPUART1_IRQHandler</a> from startup_stm32g431xx.o(.text) referenced from startup_stm32g431xx.o(RESET)
 <LI><a href="#[4]">MemManage_Handler</a> from lto-llvm-1dc57d.o(.text.MemManage_Handler) referenced from startup_stm32g431xx.o(RESET)
 <LI><a href="#[2]">NMI_Handler</a> from lto-llvm-1dc57d.o(.text.NMI_Handler) referenced from startup_stm32g431xx.o(RESET)
 <LI><a href="#[0]">PE_Trace_Empty</a> from usbpd_pe_lib.o(i.PE_Trace_Empty) referenced 2 times from usbpd_pe_lib.o(.data)
 <LI><a href="#[62]">PHY_Rx_Completed</a> from lto-llvm-1dc57d.o(.text.PHY_Rx_Completed) referenced 2 times from lto-llvm-1dc57d.o(.text.USBPD_PHY_Init)
 <LI><a href="#[78]">PRL_BistCompleted</a> from usbpd_prl.o(i.PRL_BistCompleted) referenced from usbpd_prl.o(.constdata)
 <LI><a href="#[7a]">PRL_FastRoleSwapReception</a> from usbpd_prl.o(i.PRL_FastRoleSwapReception) referenced from usbpd_prl.o(.constdata)
 <LI><a href="#[75]">PRL_Received</a> from usbpd_prl.o(i.PRL_Received) referenced from usbpd_prl.o(.constdata)
 <LI><a href="#[77]">PRL_ResetCompleted</a> from usbpd_prl.o(i.PRL_ResetCompleted) referenced from usbpd_prl.o(.constdata)
 <LI><a href="#[76]">PRL_ResetIndicate</a> from usbpd_prl.o(i.PRL_ResetIndicate) referenced from usbpd_prl.o(.constdata)
 <LI><a href="#[79]">PRL_TxCompleted</a> from usbpd_prl.o(i.PRL_TxCompleted) referenced from usbpd_prl.o(.constdata)
 <LI><a href="#[c]">PVD_PVM_IRQHandler</a> from startup_stm32g431xx.o(.text) referenced from startup_stm32g431xx.o(RESET)
 <LI><a href="#[9]">PendSV_Handler</a> from port.o(.text.PendSV_Handler) referenced from startup_stm32g431xx.o(RESET)
 <LI><a href="#[10]">RCC_IRQHandler</a> from startup_stm32g431xx.o(.text) referenced from startup_stm32g431xx.o(RESET)
 <LI><a href="#[49]">RNG_IRQHandler</a> from startup_stm32g431xx.o(.text) referenced from startup_stm32g431xx.o(RESET)
 <LI><a href="#[33]">RTC_Alarm_IRQHandler</a> from startup_stm32g431xx.o(.text) referenced from startup_stm32g431xx.o(RESET)
 <LI><a href="#[d]">RTC_TAMP_LSECSS_IRQHandler</a> from startup_stm32g431xx.o(.text) referenced from startup_stm32g431xx.o(RESET)
 <LI><a href="#[e]">RTC_WKUP_IRQHandler</a> from startup_stm32g431xx.o(.text) referenced from startup_stm32g431xx.o(RESET)
 <LI><a href="#[1]">Reset_Handler</a> from startup_stm32g431xx.o(.text) referenced from startup_stm32g431xx.o(RESET)
 <LI><a href="#[47]">SAI1_IRQHandler</a> from startup_stm32g431xx.o(.text) referenced from startup_stm32g431xx.o(RESET)
 <LI><a href="#[2d]">SPI1_IRQHandler</a> from startup_stm32g431xx.o(.text) referenced from startup_stm32g431xx.o(RESET)
 <LI><a href="#[2e]">SPI2_IRQHandler</a> from startup_stm32g431xx.o(.text) referenced from startup_stm32g431xx.o(RESET)
 <LI><a href="#[3a]">SPI3_IRQHandler</a> from startup_stm32g431xx.o(.text) referenced from startup_stm32g431xx.o(RESET)
 <LI><a href="#[5c]">SPI_DMAError</a> from lto-llvm-1dc57d.o(.text.SPI_DMAError) referenced 2 times from lto-llvm-1dc57d.o(.text.HAL_SPI_Transmit_DMA)
 <LI><a href="#[5a]">SPI_DMAHalfTransmitCplt</a> from lto-llvm-1dc57d.o(.text.SPI_DMAHalfTransmitCplt) referenced 2 times from lto-llvm-1dc57d.o(.text.HAL_SPI_Transmit_DMA)
 <LI><a href="#[5b]">SPI_DMATransmitCplt</a> from lto-llvm-1dc57d.o(.text.SPI_DMATransmitCplt) referenced 2 times from lto-llvm-1dc57d.o(.text.HAL_SPI_Transmit_DMA)
 <LI><a href="#[7]">SVC_Handler</a> from port.o(.text.SVC_Handler) referenced from startup_stm32g431xx.o(RESET)
 <LI><a href="#[a]">SysTick_Handler</a> from cmsis_os2.o(.text.SysTick_Handler) referenced from startup_stm32g431xx.o(RESET)
 <LI><a href="#[51]">SystemInit</a> from lto-llvm-1dc57d.o(.text.SystemInit) referenced from startup_stm32g431xx.o(.text)
 <LI><a href="#[22]">TIM1_BRK_TIM15_IRQHandler</a> from startup_stm32g431xx.o(.text) referenced from startup_stm32g431xx.o(RESET)
 <LI><a href="#[25]">TIM1_CC_IRQHandler</a> from startup_stm32g431xx.o(.text) referenced from startup_stm32g431xx.o(RESET)
 <LI><a href="#[24]">TIM1_TRG_COM_TIM17_IRQHandler</a> from startup_stm32g431xx.o(.text) referenced from startup_stm32g431xx.o(RESET)
 <LI><a href="#[23]">TIM1_UP_TIM16_IRQHandler</a> from lto-llvm-1dc57d.o(.text.TIM1_UP_TIM16_IRQHandler) referenced from startup_stm32g431xx.o(RESET)
 <LI><a href="#[26]">TIM2_IRQHandler</a> from startup_stm32g431xx.o(.text) referenced from startup_stm32g431xx.o(RESET)
 <LI><a href="#[27]">TIM3_IRQHandler</a> from startup_stm32g431xx.o(.text) referenced from startup_stm32g431xx.o(RESET)
 <LI><a href="#[28]">TIM4_IRQHandler</a> from startup_stm32g431xx.o(.text) referenced from startup_stm32g431xx.o(RESET)
 <LI><a href="#[3c]">TIM6_DAC_IRQHandler</a> from lto-llvm-1dc57d.o(.text.TIM6_DAC_IRQHandler) referenced from startup_stm32g431xx.o(RESET)
 <LI><a href="#[3d]">TIM7_IRQHandler</a> from lto-llvm-1dc57d.o(.text.TIM7_IRQHandler) referenced from startup_stm32g431xx.o(RESET)
 <LI><a href="#[35]">TIM8_BRK_IRQHandler</a> from startup_stm32g431xx.o(.text) referenced from startup_stm32g431xx.o(RESET)
 <LI><a href="#[38]">TIM8_CC_IRQHandler</a> from startup_stm32g431xx.o(.text) referenced from startup_stm32g431xx.o(RESET)
 <LI><a href="#[37]">TIM8_TRG_COM_IRQHandler</a> from startup_stm32g431xx.o(.text) referenced from startup_stm32g431xx.o(RESET)
 <LI><a href="#[36]">TIM8_UP_IRQHandler</a> from startup_stm32g431xx.o(.text) referenced from startup_stm32g431xx.o(RESET)
 <LI><a href="#[64]">TIM_DMADelayPulseCplt</a> from lto-llvm-1dc57d.o(.text.TIM_DMADelayPulseCplt) referenced 8 times from lto-llvm-1dc57d.o(.text._ZN9SerialLedILj9EE6updateEv)
 <LI><a href="#[65]">TIM_DMADelayPulseHalfCplt</a> from lto-llvm-1dc57d.o(.text.TIM_DMADelayPulseHalfCplt) referenced 8 times from lto-llvm-1dc57d.o(.text._ZN9SerialLedILj9EE6updateEv)
 <LI><a href="#[66]">TIM_DMAError</a> from lto-llvm-1dc57d.o(.text.TIM_DMAError) referenced 8 times from lto-llvm-1dc57d.o(.text._ZN9SerialLedILj9EE6updateEv)
 <LI><a href="#[6c]">TimerCallback</a> from cmsis_os2.o(.text.TimerCallback) referenced 4 times from cmsis_os2.o(.text.osTimerNew)
 <LI><a href="#[3b]">UART4_IRQHandler</a> from startup_stm32g431xx.o(.text) referenced from startup_stm32g431xx.o(RESET)
 <LI><a href="#[5d]">UART_DMAAbortOnError</a> from lto-llvm-1dc57d.o(.text.UART_DMAAbortOnError) referenced 2 times from lto-llvm-1dc57d.o(.text.HAL_UART_IRQHandler)
 <LI><a href="#[72]">UART_TxISR_16BIT</a> from lto-llvm-1dc57d.o(.text.UART_TxISR_16BIT) referenced 2 times from lto-llvm-1dc57d.o(.text.user_main)
 <LI><a href="#[71]">UART_TxISR_16BIT_FIFOEN</a> from lto-llvm-1dc57d.o(.text.UART_TxISR_16BIT_FIFOEN) referenced 2 times from lto-llvm-1dc57d.o(.text.user_main)
 <LI><a href="#[6f]">UART_TxISR_8BIT</a> from lto-llvm-1dc57d.o(.text.UART_TxISR_8BIT) referenced 2 times from lto-llvm-1dc57d.o(.text.user_main)
 <LI><a href="#[6e]">UART_TxISR_8BIT_FIFOEN</a> from lto-llvm-1dc57d.o(.text.UART_TxISR_8BIT_FIFOEN) referenced 2 times from lto-llvm-1dc57d.o(.text.user_main)
 <LI><a href="#[43]">UCPD1_IRQHandler</a> from lto-llvm-1dc57d.o(.text.UCPD1_IRQHandler) referenced from startup_stm32g431xx.o(RESET)
 <LI><a href="#[2f]">USART1_IRQHandler</a> from lto-llvm-1dc57d.o(.text.USART1_IRQHandler) referenced from startup_stm32g431xx.o(RESET)
 <LI><a href="#[30]">USART2_IRQHandler</a> from startup_stm32g431xx.o(.text) referenced from startup_stm32g431xx.o(RESET)
 <LI><a href="#[31]">USART3_IRQHandler</a> from lto-llvm-1dc57d.o(.text.USART3_IRQHandler) referenced from startup_stm32g431xx.o(RESET)
 <LI><a href="#[67]">USBPD_CAD_Task</a> from lto-llvm-1dc57d.o(.text.USBPD_CAD_Task) referenced 2 times from lto-llvm-1dc57d.o(.text.main)
 <LI><a href="#[7b]">USBPD_DPM_CADCallback</a> from lto-llvm-1dc57d.o(.text.USBPD_DPM_CADCallback) referenced from lto-llvm-1dc57d.o(.rodata.USBPD_DPM_InitCore.CAD_cbs)
 <LI><a href="#[7c]">USBPD_DPM_CADTaskWakeUp</a> from lto-llvm-1dc57d.o(.text.USBPD_DPM_CADTaskWakeUp) referenced from lto-llvm-1dc57d.o(.rodata.USBPD_DPM_InitCore.CAD_cbs)
 <LI><a href="#[84]">USBPD_DPM_EnterErrorRecovery</a> from lto-llvm-1dc57d.o(.text.USBPD_DPM_EnterErrorRecovery) referenced from lto-llvm-1dc57d.o(.rodata.USBPD_DPM_InitCore.dpmCallbacks)
 <LI><a href="#[85]">USBPD_DPM_EvaluateDataRoleSwap</a> from lto-llvm-1dc57d.o(.text.USBPD_DPM_EvaluateDataRoleSwap) referenced from lto-llvm-1dc57d.o(.rodata.USBPD_DPM_InitCore.dpmCallbacks)
 <LI><a href="#[7f]">USBPD_DPM_ExtendedMessageReceived</a> from lto-llvm-1dc57d.o(.text.USBPD_DPM_ExtendedMessageReceived) referenced from lto-llvm-1dc57d.o(.rodata.USBPD_DPM_InitCore.dpmCallbacks)
 <LI><a href="#[80]">USBPD_DPM_GetDataInfo</a> from lto-llvm-1dc57d.o(.text.USBPD_DPM_GetDataInfo) referenced from lto-llvm-1dc57d.o(.rodata.USBPD_DPM_InitCore.dpmCallbacks)
 <LI><a href="#[7d]">USBPD_DPM_HardReset</a> from lto-llvm-1dc57d.o(.text.USBPD_DPM_HardReset) referenced from lto-llvm-1dc57d.o(.rodata.USBPD_DPM_InitCore.dpmCallbacks)
 <LI><a href="#[86]">USBPD_DPM_IsPowerReady</a> from lto-llvm-1dc57d.o(.text.USBPD_DPM_IsPowerReady) referenced from lto-llvm-1dc57d.o(.rodata.USBPD_DPM_InitCore.dpmCallbacks)
 <LI><a href="#[7e]">USBPD_DPM_Notification</a> from lto-llvm-1dc57d.o(.text.USBPD_DPM_Notification) referenced from lto-llvm-1dc57d.o(.rodata.USBPD_DPM_InitCore.dpmCallbacks)
 <LI><a href="#[82]">USBPD_DPM_SNK_EvaluateCapabilities</a> from lto-llvm-1dc57d.o(.text.USBPD_DPM_SNK_EvaluateCapabilities) referenced from lto-llvm-1dc57d.o(.rodata.USBPD_DPM_InitCore.dpmCallbacks)
 <LI><a href="#[81]">USBPD_DPM_SetDataInfo</a> from lto-llvm-1dc57d.o(.text.USBPD_DPM_SetDataInfo) referenced from lto-llvm-1dc57d.o(.rodata.USBPD_DPM_InitCore.dpmCallbacks)
 <LI><a href="#[83]">USBPD_PE_TaskWakeUp</a> from lto-llvm-1dc57d.o(.text.USBPD_PE_TaskWakeUp) referenced from lto-llvm-1dc57d.o(.rodata.USBPD_DPM_InitCore.dpmCallbacks)
 <LI><a href="#[60]">USBPD_PE_Task_P0</a> from lto-llvm-1dc57d.o(.text.USBPD_PE_Task_P0) referenced 4 times from lto-llvm-1dc57d.o(.text.USBPD_DPM_CADCallback)
 <LI><a href="#[61]">USBPD_PE_Task_P1</a> from lto-llvm-1dc57d.o(.text.USBPD_PE_Task_P1) referenced 4 times from lto-llvm-1dc57d.o(.text.USBPD_DPM_CADCallback)
 <LI><a href="#[34]">USBWakeUp_IRQHandler</a> from startup_stm32g431xx.o(.text) referenced from startup_stm32g431xx.o(RESET)
 <LI><a href="#[1d]">USB_HP_IRQHandler</a> from startup_stm32g431xx.o(.text) referenced from startup_stm32g431xx.o(RESET)
 <LI><a href="#[1e]">USB_LP_IRQHandler</a> from lto-llvm-1dc57d.o(.text.USB_LP_IRQHandler) referenced from startup_stm32g431xx.o(RESET)
 <LI><a href="#[6]">UsageFault_Handler</a> from lto-llvm-1dc57d.o(.text.UsageFault_Handler) referenced from startup_stm32g431xx.o(RESET)
 <LI><a href="#[b]">WWDG_IRQHandler</a> from startup_stm32g431xx.o(.text) referenced from startup_stm32g431xx.o(RESET)
 <LI><a href="#[97]">_GLOBAL__sub_I_onboard_resource.cpp</a> from lto-llvm-1dc57d.o(.text._GLOBAL__sub_I_onboard_resource.cpp) referenced from lto-llvm-1dc57d.o(.init_array)
 <LI><a href="#[8e]">exgraphics::DrawingInterface::draw_circle(exgraphics::Offset, exgraphics::Color, unsigned short, exgraphics::DrawingInterface::CirclePart)</a> from lto-llvm-1dc57d.o(.text._ZN10exgraphics16DrawingInterface11draw_circleENS_6OffsetENS_5ColorEtNS0_10CirclePartE) referenced from lto-llvm-1dc57d.o(.rodata._ZTVN10exgraphics8GraphicsILj135ELj240ENS_13DisplayBufferILj135ELj12E6RGB565EEEE)
 <LI><a href="#[8f]">exgraphics::DrawingInterface::fill_circle(exgraphics::Offset, exgraphics::Color, unsigned short, exgraphics::DrawingInterface::CirclePart)</a> from lto-llvm-1dc57d.o(.text._ZN10exgraphics16DrawingInterface11fill_circleENS_6OffsetENS_5ColorEtNS0_10CirclePartE) referenced from lto-llvm-1dc57d.o(.rodata._ZTVN10exgraphics8GraphicsILj135ELj240ENS_13DisplayBufferILj135ELj12E6RGB565EEEE)
 <LI><a href="#[8c]">exgraphics::DrawingInterface::draw_rounded_rect(exgraphics::Offset, exgraphics::Size, exgraphics::Color, short)</a> from lto-llvm-1dc57d.o(.text._ZN10exgraphics16DrawingInterface17draw_rounded_rectENS_6OffsetENS_4SizeENS_5ColorEs) referenced from lto-llvm-1dc57d.o(.rodata._ZTVN10exgraphics8GraphicsILj135ELj240ENS_13DisplayBufferILj135ELj12E6RGB565EEEE)
 <LI><a href="#[8d]">exgraphics::DrawingInterface::fill_rounded_rect(exgraphics::Offset, exgraphics::Size, exgraphics::Color, short)</a> from lto-llvm-1dc57d.o(.text._ZN10exgraphics16DrawingInterface17fill_rounded_rectENS_6OffsetENS_4SizeENS_5ColorEs) referenced from lto-llvm-1dc57d.o(.rodata._ZTVN10exgraphics8GraphicsILj135ELj240ENS_13DisplayBufferILj135ELj12E6RGB565EEEE)
 <LI><a href="#[90]">exgraphics::DrawingInterface::draw_pill(exgraphics::Offset, exgraphics::Size, exgraphics::Color)</a> from lto-llvm-1dc57d.o(.text._ZN10exgraphics16DrawingInterface9draw_pillENS_6OffsetENS_4SizeENS_5ColorE) referenced from lto-llvm-1dc57d.o(.rodata._ZTVN10exgraphics8GraphicsILj135ELj240ENS_13DisplayBufferILj135ELj12E6RGB565EEEE)
 <LI><a href="#[8a]">exgraphics::DrawingInterface::draw_rect(exgraphics::Offset, exgraphics::Size, exgraphics::Color)</a> from lto-llvm-1dc57d.o(.text._ZN10exgraphics16DrawingInterface9draw_rectENS_6OffsetENS_4SizeENS_5ColorE) referenced from lto-llvm-1dc57d.o(.rodata._ZTVN10exgraphics8GraphicsILj135ELj240ENS_13DisplayBufferILj135ELj12E6RGB565EEEE)
 <LI><a href="#[91]">exgraphics::DrawingInterface::fill_pill(exgraphics::Offset, exgraphics::Size, exgraphics::Color)</a> from lto-llvm-1dc57d.o(.text._ZN10exgraphics16DrawingInterface9fill_pillENS_6OffsetENS_4SizeENS_5ColorE) referenced from lto-llvm-1dc57d.o(.rodata._ZTVN10exgraphics8GraphicsILj135ELj240ENS_13DisplayBufferILj135ELj12E6RGB565EEEE)
 <LI><a href="#[88]">exgraphics::Graphics&lang;135u, 240u, exgraphics::DisplayBuffer&lang;135u, 12u, RGB565&rang;&rang;::draw_pixel(exgraphics::Offset, exgraphics::Color)</a> from lto-llvm-1dc57d.o(.text._ZN10exgraphics8GraphicsILj135ELj240ENS_13DisplayBufferILj135ELj12E6RGB565EEE10draw_pixelENS_6OffsetENS_5ColorE) referenced from lto-llvm-1dc57d.o(.rodata._ZTVN10exgraphics8GraphicsILj135ELj240ENS_13DisplayBufferILj135ELj12E6RGB565EEEE)
 <LI><a href="#[92]">exgraphics::Graphics&lang;135u, 240u, exgraphics::DisplayBuffer&lang;135u, 12u, RGB565&rang;&rang;::draw_bitmap(exgraphics::Offset, exgraphics::MonoBitmapReader&, exgraphics::Color, exgraphics::Rotation)</a> from lto-llvm-1dc57d.o(.text._ZN10exgraphics8GraphicsILj135ELj240ENS_13DisplayBufferILj135ELj12E6RGB565EEE11draw_bitmapENS_6OffsetERNS_16MonoBitmapReaderENS_5ColorENS_8RotationE) referenced from lto-llvm-1dc57d.o(.rodata._ZTVN10exgraphics8GraphicsILj135ELj240ENS_13DisplayBufferILj135ELj12E6RGB565EEEE)
 <LI><a href="#[95]">exgraphics::Graphics&lang;135u, 240u, exgraphics::DisplayBuffer&lang;135u, 12u, RGB565&rang;&rang;::get_clip_window(exgraphics::Offset&, exgraphics::Size&)</a> from lto-llvm-1dc57d.o(.text._ZN10exgraphics8GraphicsILj135ELj240ENS_13DisplayBufferILj135ELj12E6RGB565EEE15get_clip_windowERNS_6OffsetERNS_4SizeE) referenced from lto-llvm-1dc57d.o(.rodata._ZTVN10exgraphics8GraphicsILj135ELj240ENS_13DisplayBufferILj135ELj12E6RGB565EEEE)
 <LI><a href="#[94]">exgraphics::Graphics&lang;135u, 240u, exgraphics::DisplayBuffer&lang;135u, 12u, RGB565&rang;&rang;::set_clip_window(exgraphics::Offset, exgraphics::Size)</a> from lto-llvm-1dc57d.o(.text._ZN10exgraphics8GraphicsILj135ELj240ENS_13DisplayBufferILj135ELj12E6RGB565EEE15set_clip_windowENS_6OffsetENS_4SizeE) referenced from lto-llvm-1dc57d.o(.rodata._ZTVN10exgraphics8GraphicsILj135ELj240ENS_13DisplayBufferILj135ELj12E6RGB565EEEE)
 <LI><a href="#[96]">exgraphics::Graphics&lang;135u, 240u, exgraphics::DisplayBuffer&lang;135u, 12u, RGB565&rang;&rang;::reset_clip_window()</a> from lto-llvm-1dc57d.o(.text._ZN10exgraphics8GraphicsILj135ELj240ENS_13DisplayBufferILj135ELj12E6RGB565EEE17reset_clip_windowEv) referenced from lto-llvm-1dc57d.o(.rodata._ZTVN10exgraphics8GraphicsILj135ELj240ENS_13DisplayBufferILj135ELj12E6RGB565EEEE)
 <LI><a href="#[93]">exgraphics::Graphics&lang;135u, 240u, exgraphics::DisplayBuffer&lang;135u, 12u, RGB565&rang;&rang;::is_in_drawable_area(exgraphics::Offset, exgraphics::Size)</a> from lto-llvm-1dc57d.o(.text._ZN10exgraphics8GraphicsILj135ELj240ENS_13DisplayBufferILj135ELj12E6RGB565EEE19is_in_drawable_areaENS_6OffsetENS_4SizeE) referenced from lto-llvm-1dc57d.o(.rodata._ZTVN10exgraphics8GraphicsILj135ELj240ENS_13DisplayBufferILj135ELj12E6RGB565EEEE)
 <LI><a href="#[89]">exgraphics::Graphics&lang;135u, 240u, exgraphics::DisplayBuffer&lang;135u, 12u, RGB565&rang;&rang;::draw_line(exgraphics::Offset, exgraphics::Offset, exgraphics::Color)</a> from lto-llvm-1dc57d.o(.text._ZN10exgraphics8GraphicsILj135ELj240ENS_13DisplayBufferILj135ELj12E6RGB565EEE9draw_lineENS_6OffsetES5_NS_5ColorE) referenced from lto-llvm-1dc57d.o(.rodata._ZTVN10exgraphics8GraphicsILj135ELj240ENS_13DisplayBufferILj135ELj12E6RGB565EEEE)
 <LI><a href="#[8b]">exgraphics::Graphics&lang;135u, 240u, exgraphics::DisplayBuffer&lang;135u, 12u, RGB565&rang;&rang;::fill_rect(exgraphics::Offset, exgraphics::Size, exgraphics::Color)</a> from lto-llvm-1dc57d.o(.text._ZN10exgraphics8GraphicsILj135ELj240ENS_13DisplayBufferILj135ELj12E6RGB565EEE9fill_rectENS_6OffsetENS_4SizeENS_5ColorE) referenced from lto-llvm-1dc57d.o(.rodata._ZTVN10exgraphics8GraphicsILj135ELj240ENS_13DisplayBufferILj135ELj12E6RGB565EEEE)
 <LI><a href="#[87]">Lcd::update_area(exgraphics::Offset, exgraphics::Size, RGB565 const*)</a> from lto-llvm-1dc57d.o(.text._ZN3Lcd11update_areaEN10exgraphics6OffsetENS0_4SizeEPK6RGB565) referenced from lto-llvm-1dc57d.o(.rodata._ZTV3Lcd)
 <LI><a href="#[63]">USBPD::~USBPD__sub_object()</a> from lto-llvm-1dc57d.o(.text._ZN5USBPDD2Ev) referenced 2 times from lto-llvm-1dc57d.o(.text._GLOBAL__sub_I_onboard_resource.cpp)
 <LI><a href="#[52]">__main</a> from __main.o(!!!main) referenced from startup_stm32g431xx.o(.text)
 <LI><a href="#[55]">_get_lc_ctype</a> from lc_ctype_c.o(locale$$code) referenced from rt_ctype_table.o(.text)
 <LI><a href="#[54]">_printf_input_char</a> from _printf_char_common.o(.text) referenced from _printf_char_common.o(.text)
 <LI><a href="#[53]">_snputc</a> from _snputc.o(.text) referenced 2 times from vsnprintf.o(.text)
 <LI><a href="#[6a]">gui_thread</a> from lto-llvm-1dc57d.o(.text.gui_thread) referenced 2 times from lto-llvm-1dc57d.o(.text.main)
 <LI><a href="#[68]">power_control_timer_handle</a> from lto-llvm-1dc57d.o(.text.power_control_timer_handle) referenced 2 times from lto-llvm-1dc57d.o(.text.main)
 <LI><a href="#[73]">prvIdleTask</a> from tasks.o(.text.prvIdleTask) referenced 2 times from tasks.o(.text.vTaskStartScheduler)
 <LI><a href="#[6d]">prvTaskExitError</a> from port.o(.text.prvTaskExitError) referenced 2 times from port.o(.text.pxPortInitialiseStack)
 <LI><a href="#[74]">prvTimerTask</a> from timers.o(.text.prvTimerTask) referenced 2 times from timers.o(.text.xTimerCreateTimerTask)
 <LI><a href="#[6b]">usb_thread</a> from lto-llvm-1dc57d.o(.text.usb_thread) referenced 2 times from lto-llvm-1dc57d.o(.text.main)
 <LI><a href="#[69]">user_main</a> from lto-llvm-1dc57d.o(.text.user_main) referenced 2 times from lto-llvm-1dc57d.o(.text.main)
</UL>
<P>
<H3>
Global Symbols
</H3>
<P><STRONG><a name="[52]"></a>__main</STRONG> (Thumb, 8 bytes, Stack size 0 bytes, __main.o(!!!main))
<BR><BR>[Calls]<UL><LI><a href="#[9a]">&gt;&gt;</a>&nbsp;&nbsp;&nbsp;__rt_entry
<LI><a href="#[99]">&gt;&gt;</a>&nbsp;&nbsp;&nbsp;__scatterload
</UL>
<BR>[Address Reference Count : 1]<UL><LI> startup_stm32g431xx.o(.text)
</UL>
<P><STRONG><a name="[99]"></a>__scatterload</STRONG> (Thumb, 0 bytes, Stack size unknown bytes, __scatter.o(!!!scatter))
<BR><BR>[Called By]<UL><LI><a href="#[52]">&gt;&gt;</a>&nbsp;&nbsp;&nbsp;__main
</UL>

<P><STRONG><a name="[9b]"></a>__scatterload_rt2</STRONG> (Thumb, 44 bytes, Stack size unknown bytes, __scatter.o(!!!scatter), UNUSED)
<BR><BR>[Calls]<UL><LI><a href="#[9a]">&gt;&gt;</a>&nbsp;&nbsp;&nbsp;__rt_entry
</UL>

<P><STRONG><a name="[201]"></a>__scatterload_rt2_thumb_only</STRONG> (Thumb, 0 bytes, Stack size unknown bytes, __scatter.o(!!!scatter), UNUSED)

<P><STRONG><a name="[202]"></a>__scatterload_null</STRONG> (Thumb, 0 bytes, Stack size unknown bytes, __scatter.o(!!!scatter), UNUSED)

<P><STRONG><a name="[203]"></a>__decompress</STRONG> (Thumb, 58 bytes, Stack size unknown bytes, __dczerorl.o(!!dczerorl), UNUSED)

<P><STRONG><a name="[204]"></a>__decompress0</STRONG> (Thumb, 0 bytes, Stack size unknown bytes, __dczerorl.o(!!dczerorl), UNUSED)

<P><STRONG><a name="[205]"></a>__scatterload_zeroinit</STRONG> (Thumb, 28 bytes, Stack size unknown bytes, __scatter_zi.o(!!handler_zi), UNUSED)

<P><STRONG><a name="[9c]"></a>_printf_n</STRONG> (Thumb, 0 bytes, Stack size unknown bytes, _printf_n.o(.ARM.Collect$$_printf_percent$$00000001))
<BR><BR>[Calls]<UL><LI><a href="#[9d]">&gt;&gt;</a>&nbsp;&nbsp;&nbsp;_printf_charcount
</UL>

<P><STRONG><a name="[e1]"></a>_printf_percent</STRONG> (Thumb, 0 bytes, Stack size unknown bytes, _printf_percent.o(.ARM.Collect$$_printf_percent$$00000000))
<BR><BR>[Called By]<UL><LI><a href="#[df]">&gt;&gt;</a>&nbsp;&nbsp;&nbsp;__printf
</UL>

<P><STRONG><a name="[9e]"></a>_printf_p</STRONG> (Thumb, 0 bytes, Stack size unknown bytes, _printf_p.o(.ARM.Collect$$_printf_percent$$00000002))
<BR><BR>[Stack]<UL><LI>Max Depth = 64 + Unknown Stack Size
<LI>Call Chain = _printf_p &rArr; _printf_hex_ptr &rArr; _printf_longlong_hex &rArr; _printf_int_common &rArr; _printf_post_padding
</UL>
<BR>[Calls]<UL><LI><a href="#[9f]">&gt;&gt;</a>&nbsp;&nbsp;&nbsp;_printf_hex_ptr
</UL>

<P><STRONG><a name="[a0]"></a>_printf_f</STRONG> (Thumb, 0 bytes, Stack size unknown bytes, _printf_f.o(.ARM.Collect$$_printf_percent$$00000003))
<BR><BR>[Stack]<UL><LI>Max Depth = 324 + Unknown Stack Size
<LI>Call Chain = _printf_f &rArr; _printf_fp_dec &rArr; _printf_fp_dec_real &rArr; _fp_digits &rArr; _btod_etento &rArr; _btod_emul &rArr; _e2e
</UL>
<BR>[Calls]<UL><LI><a href="#[a1]">&gt;&gt;</a>&nbsp;&nbsp;&nbsp;_printf_fp_dec
</UL>

<P><STRONG><a name="[a2]"></a>_printf_e</STRONG> (Thumb, 0 bytes, Stack size unknown bytes, _printf_e.o(.ARM.Collect$$_printf_percent$$00000004))
<BR><BR>[Stack]<UL><LI>Max Depth = 324 + Unknown Stack Size
<LI>Call Chain = _printf_e &rArr; _printf_fp_dec &rArr; _printf_fp_dec_real &rArr; _fp_digits &rArr; _btod_etento &rArr; _btod_emul &rArr; _e2e
</UL>
<BR>[Calls]<UL><LI><a href="#[a1]">&gt;&gt;</a>&nbsp;&nbsp;&nbsp;_printf_fp_dec
</UL>

<P><STRONG><a name="[a3]"></a>_printf_g</STRONG> (Thumb, 0 bytes, Stack size unknown bytes, _printf_g.o(.ARM.Collect$$_printf_percent$$00000005))
<BR><BR>[Stack]<UL><LI>Max Depth = 324 + Unknown Stack Size
<LI>Call Chain = _printf_g &rArr; _printf_fp_dec &rArr; _printf_fp_dec_real &rArr; _fp_digits &rArr; _btod_etento &rArr; _btod_emul &rArr; _e2e
</UL>
<BR>[Calls]<UL><LI><a href="#[a1]">&gt;&gt;</a>&nbsp;&nbsp;&nbsp;_printf_fp_dec
</UL>

<P><STRONG><a name="[a4]"></a>_printf_a</STRONG> (Thumb, 0 bytes, Stack size unknown bytes, _printf_a.o(.ARM.Collect$$_printf_percent$$00000006))
<BR><BR>[Stack]<UL><LI>Max Depth = 112 + Unknown Stack Size
<LI>Call Chain = _printf_a &rArr; _printf_fp_hex &rArr; _printf_fp_hex_real &rArr; _printf_fp_infnan &rArr; _printf_post_padding
</UL>
<BR>[Calls]<UL><LI><a href="#[a5]">&gt;&gt;</a>&nbsp;&nbsp;&nbsp;_printf_fp_hex
</UL>

<P><STRONG><a name="[206]"></a>_printf_ll</STRONG> (Thumb, 0 bytes, Stack size unknown bytes, _printf_ll.o(.ARM.Collect$$_printf_percent$$00000007))

<P><STRONG><a name="[a6]"></a>_printf_i</STRONG> (Thumb, 0 bytes, Stack size unknown bytes, _printf_i.o(.ARM.Collect$$_printf_percent$$00000008))
<BR><BR>[Stack]<UL><LI>Max Depth = 72 + Unknown Stack Size
<LI>Call Chain = _printf_i &rArr; _printf_int_dec &rArr; _printf_int_common &rArr; _printf_post_padding
</UL>
<BR>[Calls]<UL><LI><a href="#[a7]">&gt;&gt;</a>&nbsp;&nbsp;&nbsp;_printf_int_dec
</UL>

<P><STRONG><a name="[a8]"></a>_printf_d</STRONG> (Thumb, 0 bytes, Stack size unknown bytes, _printf_d.o(.ARM.Collect$$_printf_percent$$00000009))
<BR><BR>[Stack]<UL><LI>Max Depth = 72 + Unknown Stack Size
<LI>Call Chain = _printf_d &rArr; _printf_int_dec &rArr; _printf_int_common &rArr; _printf_post_padding
</UL>
<BR>[Calls]<UL><LI><a href="#[a7]">&gt;&gt;</a>&nbsp;&nbsp;&nbsp;_printf_int_dec
</UL>

<P><STRONG><a name="[a9]"></a>_printf_u</STRONG> (Thumb, 0 bytes, Stack size unknown bytes, _printf_u.o(.ARM.Collect$$_printf_percent$$0000000A))
<BR><BR>[Stack]<UL><LI>Max Depth = 72 + Unknown Stack Size
<LI>Call Chain = _printf_u &rArr; _printf_int_dec &rArr; _printf_int_common &rArr; _printf_post_padding
</UL>
<BR>[Calls]<UL><LI><a href="#[a7]">&gt;&gt;</a>&nbsp;&nbsp;&nbsp;_printf_int_dec
</UL>

<P><STRONG><a name="[aa]"></a>_printf_o</STRONG> (Thumb, 0 bytes, Stack size unknown bytes, _printf_o.o(.ARM.Collect$$_printf_percent$$0000000B))
<BR><BR>[Stack]<UL><LI>Max Depth = 64 + Unknown Stack Size
<LI>Call Chain = _printf_o &rArr; _printf_int_oct &rArr; _printf_longlong_oct &rArr; _printf_int_common &rArr; _printf_post_padding
</UL>
<BR>[Calls]<UL><LI><a href="#[ab]">&gt;&gt;</a>&nbsp;&nbsp;&nbsp;_printf_int_oct
</UL>

<P><STRONG><a name="[ac]"></a>_printf_x</STRONG> (Thumb, 0 bytes, Stack size unknown bytes, _printf_x.o(.ARM.Collect$$_printf_percent$$0000000C))
<BR><BR>[Stack]<UL><LI>Max Depth = 80 + Unknown Stack Size
<LI>Call Chain = _printf_x &rArr; _printf_int_hex &rArr; _printf_longlong_hex &rArr; _printf_int_common &rArr; _printf_post_padding
</UL>
<BR>[Calls]<UL><LI><a href="#[ad]">&gt;&gt;</a>&nbsp;&nbsp;&nbsp;_printf_int_hex
</UL>

<P><STRONG><a name="[ae]"></a>_printf_lli</STRONG> (Thumb, 0 bytes, Stack size unknown bytes, _printf_lli.o(.ARM.Collect$$_printf_percent$$0000000D))
<BR><BR>[Stack]<UL><LI>Max Depth = 72 + Unknown Stack Size
<LI>Call Chain = _printf_lli &rArr; _printf_longlong_dec &rArr; _printf_int_common &rArr; _printf_post_padding
</UL>
<BR>[Calls]<UL><LI><a href="#[af]">&gt;&gt;</a>&nbsp;&nbsp;&nbsp;_printf_longlong_dec
</UL>

<P><STRONG><a name="[b0]"></a>_printf_lld</STRONG> (Thumb, 0 bytes, Stack size unknown bytes, _printf_lld.o(.ARM.Collect$$_printf_percent$$0000000E))
<BR><BR>[Stack]<UL><LI>Max Depth = 72 + Unknown Stack Size
<LI>Call Chain = _printf_lld &rArr; _printf_longlong_dec &rArr; _printf_int_common &rArr; _printf_post_padding
</UL>
<BR>[Calls]<UL><LI><a href="#[af]">&gt;&gt;</a>&nbsp;&nbsp;&nbsp;_printf_longlong_dec
</UL>

<P><STRONG><a name="[b1]"></a>_printf_llu</STRONG> (Thumb, 0 bytes, Stack size unknown bytes, _printf_llu.o(.ARM.Collect$$_printf_percent$$0000000F))
<BR><BR>[Stack]<UL><LI>Max Depth = 72 + Unknown Stack Size
<LI>Call Chain = _printf_llu &rArr; _printf_longlong_dec &rArr; _printf_int_common &rArr; _printf_post_padding
</UL>
<BR>[Calls]<UL><LI><a href="#[af]">&gt;&gt;</a>&nbsp;&nbsp;&nbsp;_printf_longlong_dec
</UL>

<P><STRONG><a name="[b2]"></a>_printf_llo</STRONG> (Thumb, 0 bytes, Stack size unknown bytes, _printf_llo.o(.ARM.Collect$$_printf_percent$$00000010))
<BR><BR>[Stack]<UL><LI>Max Depth = 56 + Unknown Stack Size
<LI>Call Chain = _printf_llo &rArr; _printf_ll_oct &rArr; _printf_longlong_oct &rArr; _printf_int_common &rArr; _printf_post_padding
</UL>
<BR>[Calls]<UL><LI><a href="#[b3]">&gt;&gt;</a>&nbsp;&nbsp;&nbsp;_printf_ll_oct
</UL>

<P><STRONG><a name="[b4]"></a>_printf_llx</STRONG> (Thumb, 0 bytes, Stack size unknown bytes, _printf_llx.o(.ARM.Collect$$_printf_percent$$00000011))
<BR><BR>[Stack]<UL><LI>Max Depth = 64 + Unknown Stack Size
<LI>Call Chain = _printf_llx &rArr; _printf_ll_hex &rArr; _printf_longlong_hex &rArr; _printf_int_common &rArr; _printf_post_padding
</UL>
<BR>[Calls]<UL><LI><a href="#[b5]">&gt;&gt;</a>&nbsp;&nbsp;&nbsp;_printf_ll_hex
</UL>

<P><STRONG><a name="[207]"></a>_printf_l</STRONG> (Thumb, 0 bytes, Stack size unknown bytes, _printf_l.o(.ARM.Collect$$_printf_percent$$00000012))

<P><STRONG><a name="[b6]"></a>_printf_c</STRONG> (Thumb, 0 bytes, Stack size unknown bytes, _printf_c.o(.ARM.Collect$$_printf_percent$$00000013))
<BR><BR>[Stack]<UL><LI>Max Depth = 40 + Unknown Stack Size
<LI>Call Chain = _printf_c &rArr; _printf_char &rArr; _printf_cs_common &rArr; _printf_str &rArr; _printf_post_padding
</UL>
<BR>[Calls]<UL><LI><a href="#[b7]">&gt;&gt;</a>&nbsp;&nbsp;&nbsp;_printf_char
</UL>

<P><STRONG><a name="[b8]"></a>_printf_s</STRONG> (Thumb, 0 bytes, Stack size unknown bytes, _printf_s.o(.ARM.Collect$$_printf_percent$$00000014))
<BR><BR>[Stack]<UL><LI>Max Depth = 40 + Unknown Stack Size
<LI>Call Chain = _printf_s &rArr; _printf_string &rArr; _printf_cs_common &rArr; _printf_str &rArr; _printf_post_padding
</UL>
<BR>[Calls]<UL><LI><a href="#[b9]">&gt;&gt;</a>&nbsp;&nbsp;&nbsp;_printf_string
</UL>

<P><STRONG><a name="[ba]"></a>_printf_lc</STRONG> (Thumb, 0 bytes, Stack size unknown bytes, _printf_lc.o(.ARM.Collect$$_printf_percent$$00000015))
<BR><BR>[Stack]<UL><LI>Max Depth = 88 + Unknown Stack Size
<LI>Call Chain = _printf_lc &rArr; _printf_wchar &rArr; _printf_lcs_common &rArr; _printf_wctomb &rArr; _wcrtomb
</UL>
<BR>[Calls]<UL><LI><a href="#[bb]">&gt;&gt;</a>&nbsp;&nbsp;&nbsp;_printf_wchar
</UL>

<P><STRONG><a name="[bc]"></a>_printf_ls</STRONG> (Thumb, 0 bytes, Stack size unknown bytes, _printf_ls.o(.ARM.Collect$$_printf_percent$$00000016))
<BR><BR>[Stack]<UL><LI>Max Depth = 88 + Unknown Stack Size
<LI>Call Chain = _printf_ls &rArr; _printf_wstring &rArr; _printf_lcs_common &rArr; _printf_wctomb &rArr; _wcrtomb
</UL>
<BR>[Calls]<UL><LI><a href="#[bd]">&gt;&gt;</a>&nbsp;&nbsp;&nbsp;_printf_wstring
</UL>

<P><STRONG><a name="[208]"></a>_printf_percent_end</STRONG> (Thumb, 0 bytes, Stack size unknown bytes, _printf_percent_end.o(.ARM.Collect$$_printf_percent$$00000017))

<P><STRONG><a name="[cd]"></a>__rt_lib_init</STRONG> (Thumb, 0 bytes, Stack size unknown bytes, libinit.o(.ARM.Collect$$libinit$$00000000))
<BR><BR>[Called By]<UL><LI><a href="#[cc]">&gt;&gt;</a>&nbsp;&nbsp;&nbsp;__rt_entry_li
</UL>

<P><STRONG><a name="[be]"></a>__rt_lib_init_fp_1</STRONG> (Thumb, 0 bytes, Stack size unknown bytes, libinit2.o(.ARM.Collect$$libinit$$00000001))
<BR><BR>[Calls]<UL><LI><a href="#[bf]">&gt;&gt;</a>&nbsp;&nbsp;&nbsp;_fp_init
</UL>

<P><STRONG><a name="[c0]"></a>__rt_lib_init_heap_2</STRONG> (Thumb, 0 bytes, Stack size unknown bytes, libinit2.o(.ARM.Collect$$libinit$$00000007))
<BR><BR>[Stack]<UL><LI>Max Depth = 64 + Unknown Stack Size
<LI>Call Chain = __rt_lib_init_heap_2 &rArr; _init_alloc &rArr; __rt_SIGRTMEM &rArr; __rt_SIGRTMEM_inner &rArr; __default_signal_display &rArr; _ttywrch
</UL>
<BR>[Calls]<UL><LI><a href="#[c1]">&gt;&gt;</a>&nbsp;&nbsp;&nbsp;_init_alloc
</UL>

<P><STRONG><a name="[209]"></a>__rt_lib_init_preinit_1</STRONG> (Thumb, 0 bytes, Stack size unknown bytes, libinit2.o(.ARM.Collect$$libinit$$00000006))

<P><STRONG><a name="[20a]"></a>__rt_lib_init_relocate_pie_1</STRONG> (Thumb, 0 bytes, Stack size unknown bytes, libinit2.o(.ARM.Collect$$libinit$$00000004))

<P><STRONG><a name="[20b]"></a>__rt_lib_init_heap_1</STRONG> (Thumb, 0 bytes, Stack size unknown bytes, libinit2.o(.ARM.Collect$$libinit$$0000000C))

<P><STRONG><a name="[c2]"></a>__rt_lib_init_lc_common</STRONG> (Thumb, 0 bytes, Stack size unknown bytes, libinit2.o(.ARM.Collect$$libinit$$00000011))
<BR><BR>[Calls]<UL><LI><a href="#[c3]">&gt;&gt;</a>&nbsp;&nbsp;&nbsp;__rt_locale
</UL>

<P><STRONG><a name="[20c]"></a>__rt_lib_init_rand_1</STRONG> (Thumb, 0 bytes, Stack size unknown bytes, libinit2.o(.ARM.Collect$$libinit$$00000010))

<P><STRONG><a name="[20d]"></a>__rt_lib_init_user_alloc_1</STRONG> (Thumb, 0 bytes, Stack size unknown bytes, libinit2.o(.ARM.Collect$$libinit$$0000000E))

<P><STRONG><a name="[20e]"></a>__rt_lib_init_lc_collate_1</STRONG> (Thumb, 0 bytes, Stack size unknown bytes, libinit2.o(.ARM.Collect$$libinit$$00000013))

<P><STRONG><a name="[c4]"></a>__rt_lib_init_lc_ctype_2</STRONG> (Thumb, 0 bytes, Stack size unknown bytes, libinit2.o(.ARM.Collect$$libinit$$00000014))
<BR><BR>[Stack]<UL><LI>Max Depth = 16 + Unknown Stack Size
<LI>Call Chain = __rt_lib_init_lc_ctype_2 &rArr; _get_lc_ctype &rArr; strcmp
</UL>
<BR>[Calls]<UL><LI><a href="#[55]">&gt;&gt;</a>&nbsp;&nbsp;&nbsp;_get_lc_ctype
</UL>

<P><STRONG><a name="[20f]"></a>__rt_lib_init_lc_ctype_1</STRONG> (Thumb, 0 bytes, Stack size unknown bytes, libinit2.o(.ARM.Collect$$libinit$$00000015))

<P><STRONG><a name="[210]"></a>__rt_lib_init_lc_monetary_1</STRONG> (Thumb, 0 bytes, Stack size unknown bytes, libinit2.o(.ARM.Collect$$libinit$$00000017))

<P><STRONG><a name="[c5]"></a>__rt_lib_init_lc_numeric_2</STRONG> (Thumb, 0 bytes, Stack size unknown bytes, libinit2.o(.ARM.Collect$$libinit$$00000018))
<BR><BR>[Stack]<UL><LI>Max Depth = 16 + Unknown Stack Size
<LI>Call Chain = __rt_lib_init_lc_numeric_2 &rArr; _get_lc_numeric &rArr; strcmp
</UL>
<BR>[Calls]<UL><LI><a href="#[c6]">&gt;&gt;</a>&nbsp;&nbsp;&nbsp;_get_lc_numeric
</UL>

<P><STRONG><a name="[211]"></a>__rt_lib_init_alloca_1</STRONG> (Thumb, 0 bytes, Stack size unknown bytes, libinit2.o(.ARM.Collect$$libinit$$00000030))

<P><STRONG><a name="[212]"></a>__rt_lib_init_argv_1</STRONG> (Thumb, 0 bytes, Stack size unknown bytes, libinit2.o(.ARM.Collect$$libinit$$0000002E))

<P><STRONG><a name="[213]"></a>__rt_lib_init_atexit_1</STRONG> (Thumb, 0 bytes, Stack size unknown bytes, libinit2.o(.ARM.Collect$$libinit$$0000001D))

<P><STRONG><a name="[214]"></a>__rt_lib_init_clock_1</STRONG> (Thumb, 0 bytes, Stack size unknown bytes, libinit2.o(.ARM.Collect$$libinit$$00000023))

<P><STRONG><a name="[c7]"></a>__rt_lib_init_cpp_2</STRONG> (Thumb, 0 bytes, Stack size unknown bytes, libinit2.o(.ARM.Collect$$libinit$$00000033))
<BR><BR>[Stack]<UL><LI>Max Depth = 16 + Unknown Stack Size
<LI>Call Chain = __rt_lib_init_cpp_2 &rArr; __cpp_initialize__aeabi_
</UL>
<BR>[Calls]<UL><LI><a href="#[98]">&gt;&gt;</a>&nbsp;&nbsp;&nbsp;__cpp_initialize__aeabi_
</UL>

<P><STRONG><a name="[215]"></a>__rt_lib_init_exceptions_1</STRONG> (Thumb, 0 bytes, Stack size unknown bytes, libinit2.o(.ARM.Collect$$libinit$$00000032))

<P><STRONG><a name="[216]"></a>__rt_lib_init_fp_trap_1</STRONG> (Thumb, 0 bytes, Stack size unknown bytes, libinit2.o(.ARM.Collect$$libinit$$00000021))

<P><STRONG><a name="[217]"></a>__rt_lib_init_getenv_1</STRONG> (Thumb, 0 bytes, Stack size unknown bytes, libinit2.o(.ARM.Collect$$libinit$$00000025))

<P><STRONG><a name="[218]"></a>__rt_lib_init_lc_numeric_1</STRONG> (Thumb, 0 bytes, Stack size unknown bytes, libinit2.o(.ARM.Collect$$libinit$$00000019))

<P><STRONG><a name="[219]"></a>__rt_lib_init_lc_time_1</STRONG> (Thumb, 0 bytes, Stack size unknown bytes, libinit2.o(.ARM.Collect$$libinit$$0000001B))

<P><STRONG><a name="[21a]"></a>__rt_lib_init_signal_1</STRONG> (Thumb, 0 bytes, Stack size unknown bytes, libinit2.o(.ARM.Collect$$libinit$$0000001F))

<P><STRONG><a name="[21b]"></a>__rt_lib_init_stdio_1</STRONG> (Thumb, 0 bytes, Stack size unknown bytes, libinit2.o(.ARM.Collect$$libinit$$00000027))

<P><STRONG><a name="[21c]"></a>__rt_lib_init_cpp_1</STRONG> (Thumb, 0 bytes, Stack size unknown bytes, libinit2.o(.ARM.Collect$$libinit$$00000034))

<P><STRONG><a name="[21d]"></a>__rt_lib_init_return</STRONG> (Thumb, 0 bytes, Stack size unknown bytes, libinit2.o(.ARM.Collect$$libinit$$00000035))

<P><STRONG><a name="[d2]"></a>__rt_lib_shutdown</STRONG> (Thumb, 0 bytes, Stack size unknown bytes, libshutdown.o(.ARM.Collect$$libshutdown$$00000000))
<BR><BR>[Called By]<UL><LI><a href="#[e2]">&gt;&gt;</a>&nbsp;&nbsp;&nbsp;abort
<LI><a href="#[d1]">&gt;&gt;</a>&nbsp;&nbsp;&nbsp;__rt_exit_ls
</UL>

<P><STRONG><a name="[c8]"></a>__rt_lib_shutdown_cpp_2</STRONG> (Thumb, 0 bytes, Stack size unknown bytes, libshutdown2.o(.ARM.Collect$$libshutdown$$00000001))
<BR><BR>[Stack]<UL><LI>Max Depth = 40 + Unknown Stack Size
<LI>Call Chain = __rt_lib_shutdown_cpp_2 &rArr; __cxa_finalize &rArr; free
</UL>
<BR>[Calls]<UL><LI><a href="#[c9]">&gt;&gt;</a>&nbsp;&nbsp;&nbsp;__cxa_finalize
</UL>

<P><STRONG><a name="[21e]"></a>__rt_lib_shutdown_cpp_1</STRONG> (Thumb, 0 bytes, Stack size unknown bytes, libshutdown2.o(.ARM.Collect$$libshutdown$$00000002))

<P><STRONG><a name="[21f]"></a>__rt_lib_shutdown_fp_trap_1</STRONG> (Thumb, 0 bytes, Stack size unknown bytes, libshutdown2.o(.ARM.Collect$$libshutdown$$00000007))

<P><STRONG><a name="[220]"></a>__rt_lib_shutdown_heap_1</STRONG> (Thumb, 0 bytes, Stack size unknown bytes, libshutdown2.o(.ARM.Collect$$libshutdown$$0000000F))

<P><STRONG><a name="[221]"></a>__rt_lib_shutdown_return</STRONG> (Thumb, 0 bytes, Stack size unknown bytes, libshutdown2.o(.ARM.Collect$$libshutdown$$00000010))

<P><STRONG><a name="[222]"></a>__rt_lib_shutdown_signal_1</STRONG> (Thumb, 0 bytes, Stack size unknown bytes, libshutdown2.o(.ARM.Collect$$libshutdown$$0000000A))

<P><STRONG><a name="[223]"></a>__rt_lib_shutdown_stdio_1</STRONG> (Thumb, 0 bytes, Stack size unknown bytes, libshutdown2.o(.ARM.Collect$$libshutdown$$00000004))

<P><STRONG><a name="[224]"></a>__rt_lib_shutdown_user_alloc_1</STRONG> (Thumb, 0 bytes, Stack size unknown bytes, libshutdown2.o(.ARM.Collect$$libshutdown$$0000000C))

<P><STRONG><a name="[9a]"></a>__rt_entry</STRONG> (Thumb, 0 bytes, Stack size unknown bytes, __rtentry.o(.ARM.Collect$$rtentry$$00000000))
<BR><BR>[Called By]<UL><LI><a href="#[52]">&gt;&gt;</a>&nbsp;&nbsp;&nbsp;__main
<LI><a href="#[9b]">&gt;&gt;</a>&nbsp;&nbsp;&nbsp;__scatterload_rt2
</UL>

<P><STRONG><a name="[225]"></a>__rt_entry_presh_1</STRONG> (Thumb, 0 bytes, Stack size unknown bytes, __rtentry2.o(.ARM.Collect$$rtentry$$00000002))

<P><STRONG><a name="[ca]"></a>__rt_entry_sh</STRONG> (Thumb, 0 bytes, Stack size unknown bytes, __rtentry4.o(.ARM.Collect$$rtentry$$00000004))
<BR><BR>[Stack]<UL><LI>Max Depth = 8 + Unknown Stack Size
<LI>Call Chain = __rt_entry_sh &rArr; __user_setup_stackheap
</UL>
<BR>[Calls]<UL><LI><a href="#[cb]">&gt;&gt;</a>&nbsp;&nbsp;&nbsp;__user_setup_stackheap
</UL>

<P><STRONG><a name="[cc]"></a>__rt_entry_li</STRONG> (Thumb, 0 bytes, Stack size unknown bytes, __rtentry2.o(.ARM.Collect$$rtentry$$0000000A))
<BR><BR>[Calls]<UL><LI><a href="#[cd]">&gt;&gt;</a>&nbsp;&nbsp;&nbsp;__rt_lib_init
</UL>

<P><STRONG><a name="[226]"></a>__rt_entry_postsh_1</STRONG> (Thumb, 0 bytes, Stack size unknown bytes, __rtentry2.o(.ARM.Collect$$rtentry$$00000009))

<P><STRONG><a name="[ce]"></a>__rt_entry_main</STRONG> (Thumb, 0 bytes, Stack size unknown bytes, __rtentry2.o(.ARM.Collect$$rtentry$$0000000D))
<BR><BR>[Stack]<UL><LI>Max Depth = 260 + Unknown Stack Size
<LI>Call Chain = __rt_entry_main &rArr; main &rArr; osKernelStart &rArr; vTaskStartScheduler &rArr; xTimerCreateTimerTask &rArr; xTaskCreateStatic &rArr; prvInitialiseNewTask &rArr; __aeabi_memset4 &rArr; _memset_w
</UL>
<BR>[Calls]<UL><LI><a href="#[d0]">&gt;&gt;</a>&nbsp;&nbsp;&nbsp;exit
<LI><a href="#[cf]">&gt;&gt;</a>&nbsp;&nbsp;&nbsp;main
</UL>

<P><STRONG><a name="[227]"></a>__rt_entry_postli_1</STRONG> (Thumb, 0 bytes, Stack size unknown bytes, __rtentry2.o(.ARM.Collect$$rtentry$$0000000C))

<P><STRONG><a name="[10c]"></a>__rt_exit</STRONG> (Thumb, 0 bytes, Stack size unknown bytes, rtexit.o(.ARM.Collect$$rtexit$$00000000))
<BR><BR>[Called By]<UL><LI><a href="#[d0]">&gt;&gt;</a>&nbsp;&nbsp;&nbsp;exit
</UL>

<P><STRONG><a name="[d1]"></a>__rt_exit_ls</STRONG> (Thumb, 0 bytes, Stack size unknown bytes, rtexit2.o(.ARM.Collect$$rtexit$$00000003))
<BR><BR>[Calls]<UL><LI><a href="#[d2]">&gt;&gt;</a>&nbsp;&nbsp;&nbsp;__rt_lib_shutdown
</UL>

<P><STRONG><a name="[228]"></a>__rt_exit_prels_1</STRONG> (Thumb, 0 bytes, Stack size unknown bytes, rtexit2.o(.ARM.Collect$$rtexit$$00000002))

<P><STRONG><a name="[d3]"></a>__rt_exit_exit</STRONG> (Thumb, 0 bytes, Stack size unknown bytes, rtexit2.o(.ARM.Collect$$rtexit$$00000004))
<BR><BR>[Calls]<UL><LI><a href="#[d4]">&gt;&gt;</a>&nbsp;&nbsp;&nbsp;_sys_exit
</UL>

<P><STRONG><a name="[1]"></a>Reset_Handler</STRONG> (Thumb, 8 bytes, Stack size 0 bytes, startup_stm32g431xx.o(.text))
<BR>[Address Reference Count : 1]<UL><LI> startup_stm32g431xx.o(RESET)
</UL>
<P><STRONG><a name="[1c]"></a>ADC1_2_IRQHandler</STRONG> (Thumb, 0 bytes, Stack size 0 bytes, startup_stm32g431xx.o(.text))
<BR><BR>[Calls]<UL><LI><a href="#[1c]">&gt;&gt;</a>&nbsp;&nbsp;&nbsp;ADC1_2_IRQHandler
</UL>
<BR>[Called By]<UL><LI><a href="#[1c]">&gt;&gt;</a>&nbsp;&nbsp;&nbsp;ADC1_2_IRQHandler
</UL>
<BR>[Address Reference Count : 1]<UL><LI> startup_stm32g431xx.o(RESET)
</UL>
<P><STRONG><a name="[44]"></a>COMP1_2_3_IRQHandler</STRONG> (Thumb, 0 bytes, Stack size 0 bytes, startup_stm32g431xx.o(.text))
<BR>[Address Reference Count : 1]<UL><LI> startup_stm32g431xx.o(RESET)
</UL>
<P><STRONG><a name="[45]"></a>COMP4_IRQHandler</STRONG> (Thumb, 0 bytes, Stack size 0 bytes, startup_stm32g431xx.o(.text))
<BR>[Address Reference Count : 1]<UL><LI> startup_stm32g431xx.o(RESET)
</UL>
<P><STRONG><a name="[4f]"></a>CORDIC_IRQHandler</STRONG> (Thumb, 0 bytes, Stack size 0 bytes, startup_stm32g431xx.o(.text))
<BR>[Address Reference Count : 1]<UL><LI> startup_stm32g431xx.o(RESET)
</UL>
<P><STRONG><a name="[46]"></a>CRS_IRQHandler</STRONG> (Thumb, 0 bytes, Stack size 0 bytes, startup_stm32g431xx.o(.text))
<BR>[Address Reference Count : 1]<UL><LI> startup_stm32g431xx.o(RESET)
</UL>
<P><STRONG><a name="[3f]"></a>DMA2_Channel2_IRQHandler</STRONG> (Thumb, 0 bytes, Stack size 0 bytes, startup_stm32g431xx.o(.text))
<BR>[Address Reference Count : 1]<UL><LI> startup_stm32g431xx.o(RESET)
</UL>
<P><STRONG><a name="[40]"></a>DMA2_Channel3_IRQHandler</STRONG> (Thumb, 0 bytes, Stack size 0 bytes, startup_stm32g431xx.o(.text))
<BR>[Address Reference Count : 1]<UL><LI> startup_stm32g431xx.o(RESET)
</UL>
<P><STRONG><a name="[41]"></a>DMA2_Channel4_IRQHandler</STRONG> (Thumb, 0 bytes, Stack size 0 bytes, startup_stm32g431xx.o(.text))
<BR>[Address Reference Count : 1]<UL><LI> startup_stm32g431xx.o(RESET)
</UL>
<P><STRONG><a name="[42]"></a>DMA2_Channel5_IRQHandler</STRONG> (Thumb, 0 bytes, Stack size 0 bytes, startup_stm32g431xx.o(.text))
<BR>[Address Reference Count : 1]<UL><LI> startup_stm32g431xx.o(RESET)
</UL>
<P><STRONG><a name="[4e]"></a>DMA2_Channel6_IRQHandler</STRONG> (Thumb, 0 bytes, Stack size 0 bytes, startup_stm32g431xx.o(.text))
<BR>[Address Reference Count : 1]<UL><LI> startup_stm32g431xx.o(RESET)
</UL>
<P><STRONG><a name="[4d]"></a>DMAMUX_OVR_IRQHandler</STRONG> (Thumb, 0 bytes, Stack size 0 bytes, startup_stm32g431xx.o(.text))
<BR>[Address Reference Count : 1]<UL><LI> startup_stm32g431xx.o(RESET)
</UL>
<P><STRONG><a name="[11]"></a>EXTI0_IRQHandler</STRONG> (Thumb, 0 bytes, Stack size 0 bytes, startup_stm32g431xx.o(.text))
<BR>[Address Reference Count : 1]<UL><LI> startup_stm32g431xx.o(RESET)
</UL>
<P><STRONG><a name="[32]"></a>EXTI15_10_IRQHandler</STRONG> (Thumb, 0 bytes, Stack size 0 bytes, startup_stm32g431xx.o(.text))
<BR>[Address Reference Count : 1]<UL><LI> startup_stm32g431xx.o(RESET)
</UL>
<P><STRONG><a name="[12]"></a>EXTI1_IRQHandler</STRONG> (Thumb, 0 bytes, Stack size 0 bytes, startup_stm32g431xx.o(.text))
<BR>[Address Reference Count : 1]<UL><LI> startup_stm32g431xx.o(RESET)
</UL>
<P><STRONG><a name="[13]"></a>EXTI2_IRQHandler</STRONG> (Thumb, 0 bytes, Stack size 0 bytes, startup_stm32g431xx.o(.text))
<BR>[Address Reference Count : 1]<UL><LI> startup_stm32g431xx.o(RESET)
</UL>
<P><STRONG><a name="[14]"></a>EXTI3_IRQHandler</STRONG> (Thumb, 0 bytes, Stack size 0 bytes, startup_stm32g431xx.o(.text))
<BR>[Address Reference Count : 1]<UL><LI> startup_stm32g431xx.o(RESET)
</UL>
<P><STRONG><a name="[15]"></a>EXTI4_IRQHandler</STRONG> (Thumb, 0 bytes, Stack size 0 bytes, startup_stm32g431xx.o(.text))
<BR>[Address Reference Count : 1]<UL><LI> startup_stm32g431xx.o(RESET)
</UL>
<P><STRONG><a name="[1f]"></a>FDCAN1_IT0_IRQHandler</STRONG> (Thumb, 0 bytes, Stack size 0 bytes, startup_stm32g431xx.o(.text))
<BR>[Address Reference Count : 1]<UL><LI> startup_stm32g431xx.o(RESET)
</UL>
<P><STRONG><a name="[20]"></a>FDCAN1_IT1_IRQHandler</STRONG> (Thumb, 0 bytes, Stack size 0 bytes, startup_stm32g431xx.o(.text))
<BR>[Address Reference Count : 1]<UL><LI> startup_stm32g431xx.o(RESET)
</UL>
<P><STRONG><a name="[f]"></a>FLASH_IRQHandler</STRONG> (Thumb, 0 bytes, Stack size 0 bytes, startup_stm32g431xx.o(.text))
<BR>[Address Reference Count : 1]<UL><LI> startup_stm32g431xx.o(RESET)
</UL>
<P><STRONG><a name="[50]"></a>FMAC_IRQHandler</STRONG> (Thumb, 0 bytes, Stack size 0 bytes, startup_stm32g431xx.o(.text))
<BR>[Address Reference Count : 1]<UL><LI> startup_stm32g431xx.o(RESET)
</UL>
<P><STRONG><a name="[48]"></a>FPU_IRQHandler</STRONG> (Thumb, 0 bytes, Stack size 0 bytes, startup_stm32g431xx.o(.text))
<BR>[Address Reference Count : 1]<UL><LI> startup_stm32g431xx.o(RESET)
</UL>
<P><STRONG><a name="[2a]"></a>I2C1_ER_IRQHandler</STRONG> (Thumb, 0 bytes, Stack size 0 bytes, startup_stm32g431xx.o(.text))
<BR>[Address Reference Count : 1]<UL><LI> startup_stm32g431xx.o(RESET)
</UL>
<P><STRONG><a name="[29]"></a>I2C1_EV_IRQHandler</STRONG> (Thumb, 0 bytes, Stack size 0 bytes, startup_stm32g431xx.o(.text))
<BR>[Address Reference Count : 1]<UL><LI> startup_stm32g431xx.o(RESET)
</UL>
<P><STRONG><a name="[2c]"></a>I2C2_ER_IRQHandler</STRONG> (Thumb, 0 bytes, Stack size 0 bytes, startup_stm32g431xx.o(.text))
<BR>[Address Reference Count : 1]<UL><LI> startup_stm32g431xx.o(RESET)
</UL>
<P><STRONG><a name="[2b]"></a>I2C2_EV_IRQHandler</STRONG> (Thumb, 0 bytes, Stack size 0 bytes, startup_stm32g431xx.o(.text))
<BR>[Address Reference Count : 1]<UL><LI> startup_stm32g431xx.o(RESET)
</UL>
<P><STRONG><a name="[39]"></a>LPTIM1_IRQHandler</STRONG> (Thumb, 0 bytes, Stack size 0 bytes, startup_stm32g431xx.o(.text))
<BR>[Address Reference Count : 1]<UL><LI> startup_stm32g431xx.o(RESET)
</UL>
<P><STRONG><a name="[4a]"></a>LPUART1_IRQHandler</STRONG> (Thumb, 0 bytes, Stack size 0 bytes, startup_stm32g431xx.o(.text))
<BR>[Address Reference Count : 1]<UL><LI> startup_stm32g431xx.o(RESET)
</UL>
<P><STRONG><a name="[c]"></a>PVD_PVM_IRQHandler</STRONG> (Thumb, 0 bytes, Stack size 0 bytes, startup_stm32g431xx.o(.text))
<BR>[Address Reference Count : 1]<UL><LI> startup_stm32g431xx.o(RESET)
</UL>
<P><STRONG><a name="[10]"></a>RCC_IRQHandler</STRONG> (Thumb, 0 bytes, Stack size 0 bytes, startup_stm32g431xx.o(.text))
<BR>[Address Reference Count : 1]<UL><LI> startup_stm32g431xx.o(RESET)
</UL>
<P><STRONG><a name="[49]"></a>RNG_IRQHandler</STRONG> (Thumb, 0 bytes, Stack size 0 bytes, startup_stm32g431xx.o(.text))
<BR>[Address Reference Count : 1]<UL><LI> startup_stm32g431xx.o(RESET)
</UL>
<P><STRONG><a name="[33]"></a>RTC_Alarm_IRQHandler</STRONG> (Thumb, 0 bytes, Stack size 0 bytes, startup_stm32g431xx.o(.text))
<BR>[Address Reference Count : 1]<UL><LI> startup_stm32g431xx.o(RESET)
</UL>
<P><STRONG><a name="[d]"></a>RTC_TAMP_LSECSS_IRQHandler</STRONG> (Thumb, 0 bytes, Stack size 0 bytes, startup_stm32g431xx.o(.text))
<BR>[Address Reference Count : 1]<UL><LI> startup_stm32g431xx.o(RESET)
</UL>
<P><STRONG><a name="[e]"></a>RTC_WKUP_IRQHandler</STRONG> (Thumb, 0 bytes, Stack size 0 bytes, startup_stm32g431xx.o(.text))
<BR>[Address Reference Count : 1]<UL><LI> startup_stm32g431xx.o(RESET)
</UL>
<P><STRONG><a name="[47]"></a>SAI1_IRQHandler</STRONG> (Thumb, 0 bytes, Stack size 0 bytes, startup_stm32g431xx.o(.text))
<BR>[Address Reference Count : 1]<UL><LI> startup_stm32g431xx.o(RESET)
</UL>
<P><STRONG><a name="[2d]"></a>SPI1_IRQHandler</STRONG> (Thumb, 0 bytes, Stack size 0 bytes, startup_stm32g431xx.o(.text))
<BR>[Address Reference Count : 1]<UL><LI> startup_stm32g431xx.o(RESET)
</UL>
<P><STRONG><a name="[2e]"></a>SPI2_IRQHandler</STRONG> (Thumb, 0 bytes, Stack size 0 bytes, startup_stm32g431xx.o(.text))
<BR>[Address Reference Count : 1]<UL><LI> startup_stm32g431xx.o(RESET)
</UL>
<P><STRONG><a name="[3a]"></a>SPI3_IRQHandler</STRONG> (Thumb, 0 bytes, Stack size 0 bytes, startup_stm32g431xx.o(.text))
<BR>[Address Reference Count : 1]<UL><LI> startup_stm32g431xx.o(RESET)
</UL>
<P><STRONG><a name="[22]"></a>TIM1_BRK_TIM15_IRQHandler</STRONG> (Thumb, 0 bytes, Stack size 0 bytes, startup_stm32g431xx.o(.text))
<BR>[Address Reference Count : 1]<UL><LI> startup_stm32g431xx.o(RESET)
</UL>
<P><STRONG><a name="[25]"></a>TIM1_CC_IRQHandler</STRONG> (Thumb, 0 bytes, Stack size 0 bytes, startup_stm32g431xx.o(.text))
<BR>[Address Reference Count : 1]<UL><LI> startup_stm32g431xx.o(RESET)
</UL>
<P><STRONG><a name="[24]"></a>TIM1_TRG_COM_TIM17_IRQHandler</STRONG> (Thumb, 0 bytes, Stack size 0 bytes, startup_stm32g431xx.o(.text))
<BR>[Address Reference Count : 1]<UL><LI> startup_stm32g431xx.o(RESET)
</UL>
<P><STRONG><a name="[26]"></a>TIM2_IRQHandler</STRONG> (Thumb, 0 bytes, Stack size 0 bytes, startup_stm32g431xx.o(.text))
<BR>[Address Reference Count : 1]<UL><LI> startup_stm32g431xx.o(RESET)
</UL>
<P><STRONG><a name="[27]"></a>TIM3_IRQHandler</STRONG> (Thumb, 0 bytes, Stack size 0 bytes, startup_stm32g431xx.o(.text))
<BR>[Address Reference Count : 1]<UL><LI> startup_stm32g431xx.o(RESET)
</UL>
<P><STRONG><a name="[28]"></a>TIM4_IRQHandler</STRONG> (Thumb, 0 bytes, Stack size 0 bytes, startup_stm32g431xx.o(.text))
<BR>[Address Reference Count : 1]<UL><LI> startup_stm32g431xx.o(RESET)
</UL>
<P><STRONG><a name="[35]"></a>TIM8_BRK_IRQHandler</STRONG> (Thumb, 0 bytes, Stack size 0 bytes, startup_stm32g431xx.o(.text))
<BR>[Address Reference Count : 1]<UL><LI> startup_stm32g431xx.o(RESET)
</UL>
<P><STRONG><a name="[38]"></a>TIM8_CC_IRQHandler</STRONG> (Thumb, 0 bytes, Stack size 0 bytes, startup_stm32g431xx.o(.text))
<BR>[Address Reference Count : 1]<UL><LI> startup_stm32g431xx.o(RESET)
</UL>
<P><STRONG><a name="[37]"></a>TIM8_TRG_COM_IRQHandler</STRONG> (Thumb, 0 bytes, Stack size 0 bytes, startup_stm32g431xx.o(.text))
<BR>[Address Reference Count : 1]<UL><LI> startup_stm32g431xx.o(RESET)
</UL>
<P><STRONG><a name="[36]"></a>TIM8_UP_IRQHandler</STRONG> (Thumb, 0 bytes, Stack size 0 bytes, startup_stm32g431xx.o(.text))
<BR>[Address Reference Count : 1]<UL><LI> startup_stm32g431xx.o(RESET)
</UL>
<P><STRONG><a name="[3b]"></a>UART4_IRQHandler</STRONG> (Thumb, 0 bytes, Stack size 0 bytes, startup_stm32g431xx.o(.text))
<BR>[Address Reference Count : 1]<UL><LI> startup_stm32g431xx.o(RESET)
</UL>
<P><STRONG><a name="[30]"></a>USART2_IRQHandler</STRONG> (Thumb, 0 bytes, Stack size 0 bytes, startup_stm32g431xx.o(.text))
<BR>[Address Reference Count : 1]<UL><LI> startup_stm32g431xx.o(RESET)
</UL>
<P><STRONG><a name="[34]"></a>USBWakeUp_IRQHandler</STRONG> (Thumb, 0 bytes, Stack size 0 bytes, startup_stm32g431xx.o(.text))
<BR>[Address Reference Count : 1]<UL><LI> startup_stm32g431xx.o(RESET)
</UL>
<P><STRONG><a name="[1d]"></a>USB_HP_IRQHandler</STRONG> (Thumb, 0 bytes, Stack size 0 bytes, startup_stm32g431xx.o(.text))
<BR>[Address Reference Count : 1]<UL><LI> startup_stm32g431xx.o(RESET)
</UL>
<P><STRONG><a name="[b]"></a>WWDG_IRQHandler</STRONG> (Thumb, 0 bytes, Stack size 0 bytes, startup_stm32g431xx.o(.text))
<BR>[Address Reference Count : 1]<UL><LI> startup_stm32g431xx.o(RESET)
</UL>
<P><STRONG><a name="[10b]"></a>__user_initial_stackheap</STRONG> (Thumb, 0 bytes, Stack size unknown bytes, startup_stm32g431xx.o(.text))
<BR><BR>[Called By]<UL><LI><a href="#[cb]">&gt;&gt;</a>&nbsp;&nbsp;&nbsp;__user_setup_stackheap
</UL>

<P><STRONG><a name="[d5]"></a>malloc</STRONG> (Thumb, 94 bytes, Stack size 16 bytes, h1_alloc.o(.text))
<BR><BR>[Stack]<UL><LI>Max Depth = 48<LI>Call Chain = malloc &rArr; __Heap_Full &rArr; __Heap_ProvideMemory &rArr; free
</UL>
<BR>[Calls]<UL><LI><a href="#[d7]">&gt;&gt;</a>&nbsp;&nbsp;&nbsp;__Heap_Full
<LI><a href="#[d6]">&gt;&gt;</a>&nbsp;&nbsp;&nbsp;__rt_heap_descriptor
</UL>
<BR>[Called By]<UL><LI><a href="#[165]">&gt;&gt;</a>&nbsp;&nbsp;&nbsp;USBPD_CAD_Init
<LI><a href="#[166]">&gt;&gt;</a>&nbsp;&nbsp;&nbsp;USBPD_PE_Init
<LI><a href="#[145]">&gt;&gt;</a>&nbsp;&nbsp;&nbsp;operator new(unsigned int)
<LI><a href="#[17f]">&gt;&gt;</a>&nbsp;&nbsp;&nbsp;pvPortMalloc
<LI><a href="#[1f3]">&gt;&gt;</a>&nbsp;&nbsp;&nbsp;USBPD_PRL_Init
<LI><a href="#[e5]">&gt;&gt;</a>&nbsp;&nbsp;&nbsp;__aeabi_atexit
</UL>

<P><STRONG><a name="[d8]"></a>free</STRONG> (Thumb, 78 bytes, Stack size 16 bytes, h1_free.o(.text))
<BR><BR>[Stack]<UL><LI>Max Depth = 16<LI>Call Chain = free
</UL>
<BR>[Calls]<UL><LI><a href="#[d6]">&gt;&gt;</a>&nbsp;&nbsp;&nbsp;__rt_heap_descriptor
</UL>
<BR>[Called By]<UL><LI><a href="#[147]">&gt;&gt;</a>&nbsp;&nbsp;&nbsp;operator delete(void*)
<LI><a href="#[182]">&gt;&gt;</a>&nbsp;&nbsp;&nbsp;vPortFree
<LI><a href="#[c9]">&gt;&gt;</a>&nbsp;&nbsp;&nbsp;__cxa_finalize
<LI><a href="#[ec]">&gt;&gt;</a>&nbsp;&nbsp;&nbsp;__Heap_ProvideMemory
</UL>

<P><STRONG><a name="[d9]"></a>vsnprintf</STRONG> (Thumb, 56 bytes, Stack size 24 bytes, vsnprintf.o(.text))
<BR><BR>[Stack]<UL><LI>Max Depth = 128 + Unknown Stack Size
<LI>Call Chain = vsnprintf &rArr; _printf_char_common &rArr; __printf
</UL>
<BR>[Calls]<UL><LI><a href="#[da]">&gt;&gt;</a>&nbsp;&nbsp;&nbsp;_printf_char_common
</UL>
<BR>[Called By]<UL><LI><a href="#[157]">&gt;&gt;</a>&nbsp;&nbsp;&nbsp;Console::verbose(char const*, ...)
<LI><a href="#[156]">&gt;&gt;</a>&nbsp;&nbsp;&nbsp;Console::info(char const*, ...)
<LI><a href="#[10f]">&gt;&gt;</a>&nbsp;&nbsp;&nbsp;PWR_DEBUG_TRACE
<LI><a href="#[111]">&gt;&gt;</a>&nbsp;&nbsp;&nbsp;DPM_USER_DEBUG_TRACE
<LI><a href="#[144]">&gt;&gt;</a>&nbsp;&nbsp;&nbsp;Console::error(char const*, ...)
<LI><a href="#[13e]">&gt;&gt;</a>&nbsp;&nbsp;&nbsp;Console::debug(char const*, ...)
</UL>

<P><STRONG><a name="[db]"></a>__2snprintf</STRONG> (Thumb, 58 bytes, Stack size 32 bytes, __2snprintf.o(.text))
<BR><BR>[Stack]<UL><LI>Max Depth = 136 + Unknown Stack Size
<LI>Call Chain = __2snprintf &rArr; _printf_char_common &rArr; __printf
</UL>
<BR>[Calls]<UL><LI><a href="#[da]">&gt;&gt;</a>&nbsp;&nbsp;&nbsp;_printf_char_common
</UL>
<BR>[Called By]<UL><LI><a href="#[157]">&gt;&gt;</a>&nbsp;&nbsp;&nbsp;Console::verbose(char const*, ...)
<LI><a href="#[156]">&gt;&gt;</a>&nbsp;&nbsp;&nbsp;Console::info(char const*, ...)
<LI><a href="#[10f]">&gt;&gt;</a>&nbsp;&nbsp;&nbsp;PWR_DEBUG_TRACE
<LI><a href="#[111]">&gt;&gt;</a>&nbsp;&nbsp;&nbsp;DPM_USER_DEBUG_TRACE
<LI><a href="#[144]">&gt;&gt;</a>&nbsp;&nbsp;&nbsp;Console::error(char const*, ...)
<LI><a href="#[13e]">&gt;&gt;</a>&nbsp;&nbsp;&nbsp;Console::debug(char const*, ...)
</UL>

<P><STRONG><a name="[f1]"></a>_printf_pre_padding</STRONG> (Thumb, 44 bytes, Stack size 16 bytes, _printf_pad.o(.text))
<BR><BR>[Stack]<UL><LI>Max Depth = 16<LI>Call Chain = _printf_pre_padding
</UL>
<BR>[Called By]<UL><LI><a href="#[102]">&gt;&gt;</a>&nbsp;&nbsp;&nbsp;_printf_fp_infnan
<LI><a href="#[103]">&gt;&gt;</a>&nbsp;&nbsp;&nbsp;_printf_fp_hex_real
<LI><a href="#[100]">&gt;&gt;</a>&nbsp;&nbsp;&nbsp;_printf_fp_dec_real
<LI><a href="#[f3]">&gt;&gt;</a>&nbsp;&nbsp;&nbsp;_printf_wctomb
<LI><a href="#[de]">&gt;&gt;</a>&nbsp;&nbsp;&nbsp;_printf_int_common
<LI><a href="#[f0]">&gt;&gt;</a>&nbsp;&nbsp;&nbsp;_printf_str
</UL>

<P><STRONG><a name="[f2]"></a>_printf_post_padding</STRONG> (Thumb, 34 bytes, Stack size 16 bytes, _printf_pad.o(.text))
<BR><BR>[Stack]<UL><LI>Max Depth = 16<LI>Call Chain = _printf_post_padding
</UL>
<BR>[Called By]<UL><LI><a href="#[102]">&gt;&gt;</a>&nbsp;&nbsp;&nbsp;_printf_fp_infnan
<LI><a href="#[103]">&gt;&gt;</a>&nbsp;&nbsp;&nbsp;_printf_fp_hex_real
<LI><a href="#[100]">&gt;&gt;</a>&nbsp;&nbsp;&nbsp;_printf_fp_dec_real
<LI><a href="#[f3]">&gt;&gt;</a>&nbsp;&nbsp;&nbsp;_printf_wctomb
<LI><a href="#[de]">&gt;&gt;</a>&nbsp;&nbsp;&nbsp;_printf_int_common
<LI><a href="#[f0]">&gt;&gt;</a>&nbsp;&nbsp;&nbsp;_printf_str
</UL>

<P><STRONG><a name="[a7]"></a>_printf_int_dec</STRONG> (Thumb, 104 bytes, Stack size 24 bytes, _printf_dec.o(.text))
<BR><BR>[Stack]<UL><LI>Max Depth = 72<LI>Call Chain = _printf_int_dec &rArr; _printf_int_common &rArr; _printf_post_padding
</UL>
<BR>[Calls]<UL><LI><a href="#[de]">&gt;&gt;</a>&nbsp;&nbsp;&nbsp;_printf_int_common
<LI><a href="#[dd]">&gt;&gt;</a>&nbsp;&nbsp;&nbsp;_printf_truncate_unsigned
<LI><a href="#[dc]">&gt;&gt;</a>&nbsp;&nbsp;&nbsp;_printf_truncate_signed
</UL>
<BR>[Called By]<UL><LI><a href="#[a9]">&gt;&gt;</a>&nbsp;&nbsp;&nbsp;_printf_u
<LI><a href="#[a8]">&gt;&gt;</a>&nbsp;&nbsp;&nbsp;_printf_d
<LI><a href="#[a6]">&gt;&gt;</a>&nbsp;&nbsp;&nbsp;_printf_i
</UL>

<P><STRONG><a name="[df]"></a>__printf</STRONG> (Thumb, 388 bytes, Stack size 40 bytes, __printf_flags_ss_wp.o(.text))
<BR><BR>[Stack]<UL><LI>Max Depth = 40 + Unknown Stack Size
<LI>Call Chain = __printf
</UL>
<BR>[Calls]<UL><LI><a href="#[e1]">&gt;&gt;</a>&nbsp;&nbsp;&nbsp;_printf_percent
<LI><a href="#[e0]">&gt;&gt;</a>&nbsp;&nbsp;&nbsp;_is_digit
</UL>
<BR>[Called By]<UL><LI><a href="#[da]">&gt;&gt;</a>&nbsp;&nbsp;&nbsp;_printf_char_common
</UL>

<P><STRONG><a name="[e2]"></a>abort</STRONG> (Thumb, 22 bytes, Stack size 8 bytes, abort.o(.text))
<BR><BR>[Stack]<UL><LI>Max Depth = 48 + Unknown Stack Size
<LI>Call Chain = abort &rArr; __rt_SIGABRT &rArr; __rt_SIGABRT_inner &rArr; __default_signal_display &rArr; _ttywrch
</UL>
<BR>[Calls]<UL><LI><a href="#[d4]">&gt;&gt;</a>&nbsp;&nbsp;&nbsp;_sys_exit
<LI><a href="#[d2]">&gt;&gt;</a>&nbsp;&nbsp;&nbsp;__rt_lib_shutdown
<LI><a href="#[e3]">&gt;&gt;</a>&nbsp;&nbsp;&nbsp;__rt_SIGABRT
</UL>
<BR>[Called By]<UL><LI><a href="#[81]">&gt;&gt;</a>&nbsp;&nbsp;&nbsp;USBPD_DPM_SetDataInfo
<LI><a href="#[148]">&gt;&gt;</a>&nbsp;&nbsp;&nbsp;std::__throw_bad_array_new_length[abi:v16000]()
</UL>

<P><STRONG><a name="[e4]"></a>__cxa_atexit</STRONG> (Thumb, 10 bytes, Stack size 0 bytes, cxa_atexit.o(.text))
<BR><BR>[Stack]<UL><LI>Max Depth = 72<LI>Call Chain = __cxa_atexit &rArr; __aeabi_atexit &rArr; malloc &rArr; __Heap_Full &rArr; __Heap_ProvideMemory &rArr; free
</UL>
<BR>[Calls]<UL><LI><a href="#[e5]">&gt;&gt;</a>&nbsp;&nbsp;&nbsp;__aeabi_atexit
</UL>
<BR>[Called By]<UL><LI><a href="#[97]">&gt;&gt;</a>&nbsp;&nbsp;&nbsp;_GLOBAL__sub_I_onboard_resource.cpp
</UL>

<P><STRONG><a name="[1a3]"></a>__aeabi_memcpy</STRONG> (Thumb, 0 bytes, Stack size 0 bytes, rt_memcpy_v6.o(.text))
<BR><BR>[Called By]<UL><LI><a href="#[16e]">&gt;&gt;</a>&nbsp;&nbsp;&nbsp;xQueueReceiveFromISR
<LI><a href="#[16f]">&gt;&gt;</a>&nbsp;&nbsp;&nbsp;xQueueReceive
<LI><a href="#[176]">&gt;&gt;</a>&nbsp;&nbsp;&nbsp;xQueueGenericSendFromISR
<LI><a href="#[177]">&gt;&gt;</a>&nbsp;&nbsp;&nbsp;xQueueGenericSend
<LI><a href="#[1bb]">&gt;&gt;</a>&nbsp;&nbsp;&nbsp;PE_PRL_PostReceiveEventCopy
</UL>

<P><STRONG><a name="[e6]"></a>__rt_memcpy</STRONG> (Thumb, 138 bytes, Stack size 0 bytes, rt_memcpy_v6.o(.text), UNUSED)
<BR><BR>[Calls]<UL><LI><a href="#[e7]">&gt;&gt;</a>&nbsp;&nbsp;&nbsp;__aeabi_memcpy4
</UL>

<P><STRONG><a name="[229]"></a>_memcpy_lastbytes</STRONG> (Thumb, 0 bytes, Stack size unknown bytes, rt_memcpy_v6.o(.text), UNUSED)

<P><STRONG><a name="[e7]"></a>__aeabi_memcpy4</STRONG> (Thumb, 0 bytes, Stack size 8 bytes, rt_memcpy_w.o(.text), UNUSED)
<BR><BR>[Called By]<UL><LI><a href="#[e6]">&gt;&gt;</a>&nbsp;&nbsp;&nbsp;__rt_memcpy
<LI><a href="#[10e]">&gt;&gt;</a>&nbsp;&nbsp;&nbsp;__rt_memmove_w
</UL>

<P><STRONG><a name="[22a]"></a>__aeabi_memcpy8</STRONG> (Thumb, 0 bytes, Stack size 8 bytes, rt_memcpy_w.o(.text), UNUSED)

<P><STRONG><a name="[22b]"></a>__rt_memcpy_w</STRONG> (Thumb, 100 bytes, Stack size 8 bytes, rt_memcpy_w.o(.text), UNUSED)

<P><STRONG><a name="[22c]"></a>_memcpy_lastbytes_aligned</STRONG> (Thumb, 0 bytes, Stack size unknown bytes, rt_memcpy_w.o(.text), UNUSED)

<P><STRONG><a name="[e8]"></a>__aeabi_memset</STRONG> (Thumb, 16 bytes, Stack size 0 bytes, aeabi_memset.o(.text))
<BR><BR>[Stack]<UL><LI>Max Depth = 4<LI>Call Chain = __aeabi_memset &rArr; _memset &rArr; _memset_w
</UL>
<BR>[Calls]<UL><LI><a href="#[e9]">&gt;&gt;</a>&nbsp;&nbsp;&nbsp;_memset
</UL>
<BR>[Called By]<UL><LI><a href="#[1c5]">&gt;&gt;</a>&nbsp;&nbsp;&nbsp;USBPD_PRL_SendMessage
<LI><a href="#[1ca]">&gt;&gt;</a>&nbsp;&nbsp;&nbsp;USBPD_PRL_ResetRequestProcess
<LI><a href="#[1c2]">&gt;&gt;</a>&nbsp;&nbsp;&nbsp;USBPD_PRL_Reset
<LI><a href="#[1f3]">&gt;&gt;</a>&nbsp;&nbsp;&nbsp;USBPD_PRL_Init
<LI><a href="#[76]">&gt;&gt;</a>&nbsp;&nbsp;&nbsp;PRL_ResetIndicate
<LI><a href="#[75]">&gt;&gt;</a>&nbsp;&nbsp;&nbsp;PRL_Received
</UL>

<P><STRONG><a name="[ea]"></a>__aeabi_memset4</STRONG> (Thumb, 16 bytes, Stack size 0 bytes, aeabi_memset4.o(.text))
<BR><BR>[Stack]<UL><LI>Max Depth = 4<LI>Call Chain = __aeabi_memset4 &rArr; _memset_w
</UL>
<BR>[Calls]<UL><LI><a href="#[eb]">&gt;&gt;</a>&nbsp;&nbsp;&nbsp;_memset_w
</UL>
<BR>[Called By]<UL><LI><a href="#[189]">&gt;&gt;</a>&nbsp;&nbsp;&nbsp;prvInitialiseNewTask
</UL>

<P><STRONG><a name="[22d]"></a>__aeabi_memset8</STRONG> (Thumb, 0 bytes, Stack size 0 bytes, aeabi_memset4.o(.text), UNUSED)

<P><STRONG><a name="[22e]"></a>__aeabi_memclr</STRONG> (Thumb, 0 bytes, Stack size unknown bytes, rt_memclr.o(.text), UNUSED)

<P><STRONG><a name="[22f]"></a>__rt_memclr</STRONG> (Thumb, 0 bytes, Stack size unknown bytes, rt_memclr.o(.text), UNUSED)

<P><STRONG><a name="[e9]"></a>_memset</STRONG> (Thumb, 64 bytes, Stack size 0 bytes, rt_memclr.o(.text))
<BR><BR>[Stack]<UL><LI>Max Depth = 4<LI>Call Chain = _memset &rArr; _memset_w
</UL>
<BR>[Calls]<UL><LI><a href="#[eb]">&gt;&gt;</a>&nbsp;&nbsp;&nbsp;_memset_w
</UL>
<BR>[Called By]<UL><LI><a href="#[e8]">&gt;&gt;</a>&nbsp;&nbsp;&nbsp;__aeabi_memset
</UL>

<P><STRONG><a name="[114]"></a>__aeabi_memclr4</STRONG> (Thumb, 0 bytes, Stack size unknown bytes, rt_memclr_w.o(.text))
<BR><BR>[Called By]<UL><LI><a href="#[166]">&gt;&gt;</a>&nbsp;&nbsp;&nbsp;USBPD_PE_Init
<LI><a href="#[1bf]">&gt;&gt;</a>&nbsp;&nbsp;&nbsp;PE_Reset_ZI
<LI><a href="#[1f3]">&gt;&gt;</a>&nbsp;&nbsp;&nbsp;USBPD_PRL_Init
<LI><a href="#[69]">&gt;&gt;</a>&nbsp;&nbsp;&nbsp;user_main
<LI><a href="#[cf]">&gt;&gt;</a>&nbsp;&nbsp;&nbsp;main
<LI><a href="#[12b]">&gt;&gt;</a>&nbsp;&nbsp;&nbsp;HAL_UART_Init
<LI><a href="#[113]">&gt;&gt;</a>&nbsp;&nbsp;&nbsp;HAL_ADC_Init
<LI><a href="#[6a]">&gt;&gt;</a>&nbsp;&nbsp;&nbsp;gui_thread
</UL>

<P><STRONG><a name="[230]"></a>__aeabi_memclr8</STRONG> (Thumb, 0 bytes, Stack size unknown bytes, rt_memclr_w.o(.text), UNUSED)

<P><STRONG><a name="[231]"></a>__rt_memclr_w</STRONG> (Thumb, 0 bytes, Stack size unknown bytes, rt_memclr_w.o(.text), UNUSED)

<P><STRONG><a name="[eb]"></a>_memset_w</STRONG> (Thumb, 74 bytes, Stack size 4 bytes, rt_memclr_w.o(.text))
<BR><BR>[Stack]<UL><LI>Max Depth = 4<LI>Call Chain = _memset_w
</UL>
<BR>[Called By]<UL><LI><a href="#[e9]">&gt;&gt;</a>&nbsp;&nbsp;&nbsp;_memset
<LI><a href="#[ea]">&gt;&gt;</a>&nbsp;&nbsp;&nbsp;__aeabi_memset4
</UL>

<P><STRONG><a name="[232]"></a>__use_two_region_memory</STRONG> (Thumb, 2 bytes, Stack size 0 bytes, heapauxi.o(.text), UNUSED)

<P><STRONG><a name="[233]"></a>__rt_heap_escrow</STRONG> (Thumb, 2 bytes, Stack size 0 bytes, heapauxi.o(.text), UNUSED)

<P><STRONG><a name="[234]"></a>__rt_heap_expand</STRONG> (Thumb, 2 bytes, Stack size 0 bytes, heapauxi.o(.text), UNUSED)

<P><STRONG><a name="[d4]"></a>_sys_exit</STRONG> (Thumb, 8 bytes, Stack size 0 bytes, sys_exit.o(.text))
<BR><BR>[Called By]<UL><LI><a href="#[e2]">&gt;&gt;</a>&nbsp;&nbsp;&nbsp;abort
<LI><a href="#[d3]">&gt;&gt;</a>&nbsp;&nbsp;&nbsp;__rt_exit_exit
<LI><a href="#[fa]">&gt;&gt;</a>&nbsp;&nbsp;&nbsp;__sig_exit
</UL>

<P><STRONG><a name="[d6]"></a>__rt_heap_descriptor</STRONG> (Thumb, 8 bytes, Stack size 0 bytes, rt_heap_descriptor_intlibspace.o(.text))
<BR><BR>[Called By]<UL><LI><a href="#[c1]">&gt;&gt;</a>&nbsp;&nbsp;&nbsp;_init_alloc
<LI><a href="#[d8]">&gt;&gt;</a>&nbsp;&nbsp;&nbsp;free
<LI><a href="#[d5]">&gt;&gt;</a>&nbsp;&nbsp;&nbsp;malloc
</UL>

<P><STRONG><a name="[235]"></a>__use_no_heap</STRONG> (Thumb, 2 bytes, Stack size 0 bytes, hguard.o(.text), UNUSED)

<P><STRONG><a name="[236]"></a>__heap$guard</STRONG> (Thumb, 2 bytes, Stack size 0 bytes, hguard.o(.text), UNUSED)

<P><STRONG><a name="[237]"></a>_terminate_user_alloc</STRONG> (Thumb, 2 bytes, Stack size 0 bytes, init_alloc.o(.text), UNUSED)

<P><STRONG><a name="[238]"></a>_init_user_alloc</STRONG> (Thumb, 2 bytes, Stack size 0 bytes, init_alloc.o(.text), UNUSED)

<P><STRONG><a name="[d7]"></a>__Heap_Full</STRONG> (Thumb, 34 bytes, Stack size 16 bytes, init_alloc.o(.text))
<BR><BR>[Stack]<UL><LI>Max Depth = 32<LI>Call Chain = __Heap_Full &rArr; __Heap_ProvideMemory &rArr; free
</UL>
<BR>[Calls]<UL><LI><a href="#[ec]">&gt;&gt;</a>&nbsp;&nbsp;&nbsp;__Heap_ProvideMemory
</UL>
<BR>[Called By]<UL><LI><a href="#[d5]">&gt;&gt;</a>&nbsp;&nbsp;&nbsp;malloc
</UL>

<P><STRONG><a name="[ed]"></a>__Heap_Broken</STRONG> (Thumb, 6 bytes, Stack size 0 bytes, init_alloc.o(.text), UNUSED)
<BR><BR>[Calls]<UL><LI><a href="#[ee]">&gt;&gt;</a>&nbsp;&nbsp;&nbsp;__rt_SIGRTMEM
</UL>

<P><STRONG><a name="[c1]"></a>_init_alloc</STRONG> (Thumb, 94 bytes, Stack size 24 bytes, init_alloc.o(.text))
<BR><BR>[Stack]<UL><LI>Max Depth = 64<LI>Call Chain = _init_alloc &rArr; __rt_SIGRTMEM &rArr; __rt_SIGRTMEM_inner &rArr; __default_signal_display &rArr; _ttywrch
</UL>
<BR>[Calls]<UL><LI><a href="#[ef]">&gt;&gt;</a>&nbsp;&nbsp;&nbsp;__Heap_Initialize
<LI><a href="#[d6]">&gt;&gt;</a>&nbsp;&nbsp;&nbsp;__rt_heap_descriptor
<LI><a href="#[ee]">&gt;&gt;</a>&nbsp;&nbsp;&nbsp;__rt_SIGRTMEM
<LI><a href="#[ec]">&gt;&gt;</a>&nbsp;&nbsp;&nbsp;__Heap_ProvideMemory
</UL>
<BR>[Called By]<UL><LI><a href="#[c0]">&gt;&gt;</a>&nbsp;&nbsp;&nbsp;__rt_lib_init_heap_2
</UL>

<P><STRONG><a name="[ef]"></a>__Heap_Initialize</STRONG> (Thumb, 10 bytes, Stack size 0 bytes, h1_init.o(.text))
<BR><BR>[Called By]<UL><LI><a href="#[c1]">&gt;&gt;</a>&nbsp;&nbsp;&nbsp;_init_alloc
</UL>

<P><STRONG><a name="[239]"></a>__Heap_DescSize</STRONG> (Thumb, 4 bytes, Stack size 0 bytes, h1_init.o(.text), UNUSED)

<P><STRONG><a name="[dc]"></a>_printf_truncate_signed</STRONG> (Thumb, 18 bytes, Stack size 0 bytes, _printf_truncate.o(.text))
<BR><BR>[Called By]<UL><LI><a href="#[a7]">&gt;&gt;</a>&nbsp;&nbsp;&nbsp;_printf_int_dec
</UL>

<P><STRONG><a name="[dd]"></a>_printf_truncate_unsigned</STRONG> (Thumb, 18 bytes, Stack size 0 bytes, _printf_truncate.o(.text))
<BR><BR>[Called By]<UL><LI><a href="#[a7]">&gt;&gt;</a>&nbsp;&nbsp;&nbsp;_printf_int_dec
<LI><a href="#[ad]">&gt;&gt;</a>&nbsp;&nbsp;&nbsp;_printf_int_hex
<LI><a href="#[ab]">&gt;&gt;</a>&nbsp;&nbsp;&nbsp;_printf_int_oct
</UL>

<P><STRONG><a name="[f0]"></a>_printf_str</STRONG> (Thumb, 82 bytes, Stack size 16 bytes, _printf_str.o(.text))
<BR><BR>[Stack]<UL><LI>Max Depth = 32<LI>Call Chain = _printf_str &rArr; _printf_post_padding
</UL>
<BR>[Calls]<UL><LI><a href="#[f2]">&gt;&gt;</a>&nbsp;&nbsp;&nbsp;_printf_post_padding
<LI><a href="#[f1]">&gt;&gt;</a>&nbsp;&nbsp;&nbsp;_printf_pre_padding
</UL>
<BR>[Called By]<UL><LI><a href="#[104]">&gt;&gt;</a>&nbsp;&nbsp;&nbsp;_printf_cs_common
</UL>

<P><STRONG><a name="[de]"></a>_printf_int_common</STRONG> (Thumb, 178 bytes, Stack size 32 bytes, _printf_intcommon.o(.text))
<BR><BR>[Stack]<UL><LI>Max Depth = 48<LI>Call Chain = _printf_int_common &rArr; _printf_post_padding
</UL>
<BR>[Calls]<UL><LI><a href="#[f2]">&gt;&gt;</a>&nbsp;&nbsp;&nbsp;_printf_post_padding
<LI><a href="#[f1]">&gt;&gt;</a>&nbsp;&nbsp;&nbsp;_printf_pre_padding
</UL>
<BR>[Called By]<UL><LI><a href="#[a7]">&gt;&gt;</a>&nbsp;&nbsp;&nbsp;_printf_int_dec
<LI><a href="#[f7]">&gt;&gt;</a>&nbsp;&nbsp;&nbsp;_printf_longlong_hex
<LI><a href="#[f6]">&gt;&gt;</a>&nbsp;&nbsp;&nbsp;_printf_longlong_oct
<LI><a href="#[af]">&gt;&gt;</a>&nbsp;&nbsp;&nbsp;_printf_longlong_dec
</UL>

<P><STRONG><a name="[9d]"></a>_printf_charcount</STRONG> (Thumb, 40 bytes, Stack size 0 bytes, _printf_charcount.o(.text))
<BR><BR>[Called By]<UL><LI><a href="#[9c]">&gt;&gt;</a>&nbsp;&nbsp;&nbsp;_printf_n
</UL>

<P><STRONG><a name="[da]"></a>_printf_char_common</STRONG> (Thumb, 32 bytes, Stack size 64 bytes, _printf_char_common.o(.text))
<BR><BR>[Stack]<UL><LI>Max Depth = 104 + Unknown Stack Size
<LI>Call Chain = _printf_char_common &rArr; __printf
</UL>
<BR>[Calls]<UL><LI><a href="#[df]">&gt;&gt;</a>&nbsp;&nbsp;&nbsp;__printf
</UL>
<BR>[Called By]<UL><LI><a href="#[db]">&gt;&gt;</a>&nbsp;&nbsp;&nbsp;__2snprintf
<LI><a href="#[d9]">&gt;&gt;</a>&nbsp;&nbsp;&nbsp;vsnprintf
</UL>

<P><STRONG><a name="[53]"></a>_snputc</STRONG> (Thumb, 16 bytes, Stack size 0 bytes, _snputc.o(.text))
<BR>[Address Reference Count : 2]<UL><LI> vsnprintf.o(.text)
<LI> __2snprintf.o(.text)
</UL>
<P><STRONG><a name="[f3]"></a>_printf_wctomb</STRONG> (Thumb, 182 bytes, Stack size 56 bytes, _printf_wctomb.o(.text))
<BR><BR>[Stack]<UL><LI>Max Depth = 80<LI>Call Chain = _printf_wctomb &rArr; _wcrtomb
</UL>
<BR>[Calls]<UL><LI><a href="#[f2]">&gt;&gt;</a>&nbsp;&nbsp;&nbsp;_printf_post_padding
<LI><a href="#[f1]">&gt;&gt;</a>&nbsp;&nbsp;&nbsp;_printf_pre_padding
<LI><a href="#[f4]">&gt;&gt;</a>&nbsp;&nbsp;&nbsp;_wcrtomb
</UL>
<BR>[Called By]<UL><LI><a href="#[105]">&gt;&gt;</a>&nbsp;&nbsp;&nbsp;_printf_lcs_common
</UL>

<P><STRONG><a name="[af]"></a>_printf_longlong_dec</STRONG> (Thumb, 108 bytes, Stack size 24 bytes, _printf_longlong_dec.o(.text))
<BR><BR>[Stack]<UL><LI>Max Depth = 72<LI>Call Chain = _printf_longlong_dec &rArr; _printf_int_common &rArr; _printf_post_padding
</UL>
<BR>[Calls]<UL><LI><a href="#[f5]">&gt;&gt;</a>&nbsp;&nbsp;&nbsp;_ll_udiv10
<LI><a href="#[de]">&gt;&gt;</a>&nbsp;&nbsp;&nbsp;_printf_int_common
</UL>
<BR>[Called By]<UL><LI><a href="#[b1]">&gt;&gt;</a>&nbsp;&nbsp;&nbsp;_printf_llu
<LI><a href="#[b0]">&gt;&gt;</a>&nbsp;&nbsp;&nbsp;_printf_lld
<LI><a href="#[ae]">&gt;&gt;</a>&nbsp;&nbsp;&nbsp;_printf_lli
</UL>

<P><STRONG><a name="[f6]"></a>_printf_longlong_oct</STRONG> (Thumb, 68 bytes, Stack size 8 bytes, _printf_oct_int_ll.o(.text))
<BR><BR>[Stack]<UL><LI>Max Depth = 56<LI>Call Chain = _printf_longlong_oct &rArr; _printf_int_common &rArr; _printf_post_padding
</UL>
<BR>[Calls]<UL><LI><a href="#[de]">&gt;&gt;</a>&nbsp;&nbsp;&nbsp;_printf_int_common
</UL>
<BR>[Called By]<UL><LI><a href="#[b3]">&gt;&gt;</a>&nbsp;&nbsp;&nbsp;_printf_ll_oct
<LI><a href="#[ab]">&gt;&gt;</a>&nbsp;&nbsp;&nbsp;_printf_int_oct
</UL>

<P><STRONG><a name="[ab]"></a>_printf_int_oct</STRONG> (Thumb, 24 bytes, Stack size 8 bytes, _printf_oct_int_ll.o(.text))
<BR><BR>[Stack]<UL><LI>Max Depth = 64<LI>Call Chain = _printf_int_oct &rArr; _printf_longlong_oct &rArr; _printf_int_common &rArr; _printf_post_padding
</UL>
<BR>[Calls]<UL><LI><a href="#[f6]">&gt;&gt;</a>&nbsp;&nbsp;&nbsp;_printf_longlong_oct
<LI><a href="#[dd]">&gt;&gt;</a>&nbsp;&nbsp;&nbsp;_printf_truncate_unsigned
</UL>
<BR>[Called By]<UL><LI><a href="#[aa]">&gt;&gt;</a>&nbsp;&nbsp;&nbsp;_printf_o
</UL>

<P><STRONG><a name="[b3]"></a>_printf_ll_oct</STRONG> (Thumb, 12 bytes, Stack size 0 bytes, _printf_oct_int_ll.o(.text))
<BR><BR>[Stack]<UL><LI>Max Depth = 56<LI>Call Chain = _printf_ll_oct &rArr; _printf_longlong_oct &rArr; _printf_int_common &rArr; _printf_post_padding
</UL>
<BR>[Calls]<UL><LI><a href="#[f6]">&gt;&gt;</a>&nbsp;&nbsp;&nbsp;_printf_longlong_oct
</UL>
<BR>[Called By]<UL><LI><a href="#[b2]">&gt;&gt;</a>&nbsp;&nbsp;&nbsp;_printf_llo
</UL>

<P><STRONG><a name="[f7]"></a>_printf_longlong_hex</STRONG> (Thumb, 86 bytes, Stack size 16 bytes, _printf_hex_int_ll_ptr.o(.text))
<BR><BR>[Stack]<UL><LI>Max Depth = 64<LI>Call Chain = _printf_longlong_hex &rArr; _printf_int_common &rArr; _printf_post_padding
</UL>
<BR>[Calls]<UL><LI><a href="#[de]">&gt;&gt;</a>&nbsp;&nbsp;&nbsp;_printf_int_common
</UL>
<BR>[Called By]<UL><LI><a href="#[9f]">&gt;&gt;</a>&nbsp;&nbsp;&nbsp;_printf_hex_ptr
<LI><a href="#[b5]">&gt;&gt;</a>&nbsp;&nbsp;&nbsp;_printf_ll_hex
<LI><a href="#[ad]">&gt;&gt;</a>&nbsp;&nbsp;&nbsp;_printf_int_hex
</UL>

<P><STRONG><a name="[ad]"></a>_printf_int_hex</STRONG> (Thumb, 28 bytes, Stack size 16 bytes, _printf_hex_int_ll_ptr.o(.text))
<BR><BR>[Stack]<UL><LI>Max Depth = 80<LI>Call Chain = _printf_int_hex &rArr; _printf_longlong_hex &rArr; _printf_int_common &rArr; _printf_post_padding
</UL>
<BR>[Calls]<UL><LI><a href="#[f7]">&gt;&gt;</a>&nbsp;&nbsp;&nbsp;_printf_longlong_hex
<LI><a href="#[dd]">&gt;&gt;</a>&nbsp;&nbsp;&nbsp;_printf_truncate_unsigned
</UL>
<BR>[Called By]<UL><LI><a href="#[ac]">&gt;&gt;</a>&nbsp;&nbsp;&nbsp;_printf_x
</UL>

<P><STRONG><a name="[b5]"></a>_printf_ll_hex</STRONG> (Thumb, 12 bytes, Stack size 0 bytes, _printf_hex_int_ll_ptr.o(.text))
<BR><BR>[Stack]<UL><LI>Max Depth = 64<LI>Call Chain = _printf_ll_hex &rArr; _printf_longlong_hex &rArr; _printf_int_common &rArr; _printf_post_padding
</UL>
<BR>[Calls]<UL><LI><a href="#[f7]">&gt;&gt;</a>&nbsp;&nbsp;&nbsp;_printf_longlong_hex
</UL>
<BR>[Called By]<UL><LI><a href="#[b4]">&gt;&gt;</a>&nbsp;&nbsp;&nbsp;_printf_llx
</UL>

<P><STRONG><a name="[9f]"></a>_printf_hex_ptr</STRONG> (Thumb, 18 bytes, Stack size 0 bytes, _printf_hex_int_ll_ptr.o(.text))
[...]
</UL>
<P><STRONG><a name="[135]"></a>SystemClock_Config</STRONG> (Thumb, 250 bytes, Stack size 88 bytes, lto-llvm-1dc57d.o(.text.SystemClock_Config))
<BR><BR>[Stack]<UL><LI>Max Depth = 160<LI>Call Chain = SystemClock_Config &rArr; HAL_RCC_OscConfig &rArr; HAL_InitTick &rArr; HAL_TIM_Base_Init &rArr; TIM_Base_SetConfig
</UL>
<BR>[Calls]<UL><LI><a href="#[121]">&gt;&gt;</a>&nbsp;&nbsp;&nbsp;HAL_RCC_ClockConfig
<LI><a href="#[122]">&gt;&gt;</a>&nbsp;&nbsp;&nbsp;HAL_RCC_OscConfig
</UL>
<BR>[Called By]<UL><LI><a href="#[1e]">&gt;&gt;</a>&nbsp;&nbsp;&nbsp;USB_LP_IRQHandler
</UL>

<P><STRONG><a name="[7e]"></a>USBPD_DPM_Notification</STRONG> (Thumb, 64 bytes, Stack size 0 bytes, lto-llvm-1dc57d.o(.text.USBPD_DPM_Notification))
<BR><BR>[Stack]<UL><LI>Max Depth = 176 + Unknown Stack Size
<LI>Call Chain = USBPD_DPM_Notification &rArr; Console::debug(char const*, ...) &rArr; __2snprintf &rArr; _printf_char_common &rArr; __printf
</UL>
<BR>[Calls]<UL><LI><a href="#[13e]">&gt;&gt;</a>&nbsp;&nbsp;&nbsp;Console::debug(char const*, ...)
</UL>
<BR>[Address Reference Count : 1]<UL><LI> lto-llvm-1dc57d.o(.rodata.USBPD_DPM_InitCore.dpmCallbacks)
</UL>
<P><STRONG><a name="[7d]"></a>USBPD_DPM_HardReset</STRONG> (Thumb, 8 bytes, Stack size 0 bytes, lto-llvm-1dc57d.o(.text.USBPD_DPM_HardReset))
<BR><BR>[Stack]<UL><LI>Max Depth = 176 + Unknown Stack Size
<LI>Call Chain = USBPD_DPM_HardReset &rArr; DPM_USER_DEBUG_TRACE &rArr; __2snprintf &rArr; _printf_char_common &rArr; __printf
</UL>
<BR>[Calls]<UL><LI><a href="#[111]">&gt;&gt;</a>&nbsp;&nbsp;&nbsp;DPM_USER_DEBUG_TRACE
</UL>
<BR>[Address Reference Count : 1]<UL><LI> lto-llvm-1dc57d.o(.rodata.USBPD_DPM_InitCore.dpmCallbacks)
</UL>
<P><STRONG><a name="[80]"></a>USBPD_DPM_GetDataInfo</STRONG> (Thumb, 8 bytes, Stack size 0 bytes, lto-llvm-1dc57d.o(.text.USBPD_DPM_GetDataInfo))
<BR><BR>[Stack]<UL><LI>Max Depth = 176 + Unknown Stack Size
<LI>Call Chain = USBPD_DPM_GetDataInfo &rArr; Console::debug(char const*, ...) &rArr; __2snprintf &rArr; _printf_char_common &rArr; __printf
</UL>
<BR>[Calls]<UL><LI><a href="#[13e]">&gt;&gt;</a>&nbsp;&nbsp;&nbsp;Console::debug(char const*, ...)
</UL>
<BR>[Address Reference Count : 1]<UL><LI> lto-llvm-1dc57d.o(.rodata.USBPD_DPM_InitCore.dpmCallbacks)
</UL>
<P><STRONG><a name="[81]"></a>USBPD_DPM_SetDataInfo</STRONG> (Thumb, 268 bytes, Stack size 40 bytes, lto-llvm-1dc57d.o(.text.USBPD_DPM_SetDataInfo))
<BR><BR>[Stack]<UL><LI>Max Depth = 272 + Unknown Stack Size
<LI>Call Chain = USBPD_DPM_SetDataInfo &rArr; USBPD::log_src_pdo(unsigned int, USBPD_PDO_TypeDef) &rArr; Console::debug(char const*, ...) &rArr; __2snprintf &rArr; _printf_char_common &rArr; __printf
</UL>
<BR>[Calls]<UL><LI><a href="#[147]">&gt;&gt;</a>&nbsp;&nbsp;&nbsp;operator delete(void*)
<LI><a href="#[145]">&gt;&gt;</a>&nbsp;&nbsp;&nbsp;operator new(unsigned int)
<LI><a href="#[e2]">&gt;&gt;</a>&nbsp;&nbsp;&nbsp;abort
<LI><a href="#[146]">&gt;&gt;</a>&nbsp;&nbsp;&nbsp;__aeabi_memmove4
<LI><a href="#[148]">&gt;&gt;</a>&nbsp;&nbsp;&nbsp;std::__throw_bad_array_new_length[abi:v16000]()
<LI><a href="#[111]">&gt;&gt;</a>&nbsp;&nbsp;&nbsp;DPM_USER_DEBUG_TRACE
<LI><a href="#[143]">&gt;&gt;</a>&nbsp;&nbsp;&nbsp;USBPD::log_src_pdo(unsigned int, USBPD_PDO_TypeDef)
<LI><a href="#[13e]">&gt;&gt;</a>&nbsp;&nbsp;&nbsp;Console::debug(char const*, ...)
</UL>
<BR>[Address Reference Count : 1]<UL><LI> lto-llvm-1dc57d.o(.rodata.USBPD_DPM_InitCore.dpmCallbacks)
</UL>
<P><STRONG><a name="[82]"></a>USBPD_DPM_SNK_EvaluateCapabilities</STRONG> (Thumb, 456 bytes, Stack size 48 bytes, lto-llvm-1dc57d.o(.text.USBPD_DPM_SNK_EvaluateCapabilities))
<BR><BR>[Stack]<UL><LI>Max Depth = 280 + Unknown Stack Size
<LI>Call Chain = USBPD_DPM_SNK_EvaluateCapabilities &rArr; USBPD::log_src_pdo(unsigned int, USBPD_PDO_TypeDef) &rArr; Console::debug(char const*, ...) &rArr; __2snprintf &rArr; _printf_char_common &rArr; __printf
</UL>
<BR>[Calls]<UL><LI><a href="#[142]">&gt;&gt;</a>&nbsp;&nbsp;&nbsp;__aeabi_f2d
<LI><a href="#[143]">&gt;&gt;</a>&nbsp;&nbsp;&nbsp;USBPD::log_src_pdo(unsigned int, USBPD_PDO_TypeDef)
<LI><a href="#[141]">&gt;&gt;</a>&nbsp;&nbsp;&nbsp;USBPD::find_best_matched_src_pdo(std::__2::vector&lang;USBPD_PDO_TypeDef, std::__2::allocator&lang;USBPD_PDO_TypeDef&rang;&rang; const&, float, float, float, unsigned int*, float*)
<LI><a href="#[144]">&gt;&gt;</a>&nbsp;&nbsp;&nbsp;Console::error(char const*, ...)
<LI><a href="#[13e]">&gt;&gt;</a>&nbsp;&nbsp;&nbsp;Console::debug(char const*, ...)
</UL>
<BR>[Address Reference Count : 1]<UL><LI> lto-llvm-1dc57d.o(.rodata.USBPD_DPM_InitCore.dpmCallbacks)
</UL>
<P><STRONG><a name="[7f]"></a>USBPD_DPM_ExtendedMessageReceived</STRONG> (Thumb, 2 bytes, Stack size 0 bytes, lto-llvm-1dc57d.o(.text.USBPD_DPM_ExtendedMessageReceived))
<BR>[Address Reference Count : 1]<UL><LI> lto-llvm-1dc57d.o(.rodata.USBPD_DPM_InitCore.dpmCallbacks)
</UL>
<P><STRONG><a name="[84]"></a>USBPD_DPM_EnterErrorRecovery</STRONG> (Thumb, 4 bytes, Stack size 0 bytes, lto-llvm-1dc57d.o(.text.USBPD_DPM_EnterErrorRecovery))
<BR><BR>[Calls]<UL><LI><a href="#[140]">&gt;&gt;</a>&nbsp;&nbsp;&nbsp;USBPD_CAD_EnterErrorRecovery
</UL>
<BR>[Address Reference Count : 1]<UL><LI> lto-llvm-1dc57d.o(.rodata.USBPD_DPM_InitCore.dpmCallbacks)
</UL>
<P><STRONG><a name="[85]"></a>USBPD_DPM_EvaluateDataRoleSwap</STRONG> (Thumb, 4 bytes, Stack size 0 bytes, lto-llvm-1dc57d.o(.text.USBPD_DPM_EvaluateDataRoleSwap))
<BR>[Address Reference Count : 1]<UL><LI> lto-llvm-1dc57d.o(.rodata.USBPD_DPM_InitCore.dpmCallbacks)
</UL>
<P><STRONG><a name="[86]"></a>USBPD_DPM_IsPowerReady</STRONG> (Thumb, 100 bytes, Stack size 0 bytes, lto-llvm-1dc57d.o(.text.USBPD_DPM_IsPowerReady))
<BR>[Address Reference Count : 1]<UL><LI> lto-llvm-1dc57d.o(.rodata.USBPD_DPM_InitCore.dpmCallbacks)
</UL>
<P><STRONG><a name="[83]"></a>USBPD_PE_TaskWakeUp</STRONG> (Thumb, 36 bytes, Stack size 16 bytes, lto-llvm-1dc57d.o(.text.USBPD_PE_TaskWakeUp))
<BR><BR>[Stack]<UL><LI>Max Depth = 144<LI>Call Chain = USBPD_PE_TaskWakeUp &rArr; osMessageQueuePut &rArr; xQueueGenericSend &rArr; xTaskResumeAll &rArr; xTaskIncrementTick
</UL>
<BR>[Calls]<UL><LI><a href="#[112]">&gt;&gt;</a>&nbsp;&nbsp;&nbsp;osMessageQueuePut
</UL>
<BR>[Address Reference Count : 1]<UL><LI> lto-llvm-1dc57d.o(.rodata.USBPD_DPM_InitCore.dpmCallbacks)
</UL>
<P><STRONG><a name="[7b]"></a>USBPD_DPM_CADCallback</STRONG> (Thumb, 952 bytes, Stack size 16 bytes, lto-llvm-1dc57d.o(.text.USBPD_DPM_CADCallback))
<BR><BR>[Stack]<UL><LI>Max Depth = 192 + Unknown Stack Size
<LI>Call Chain = USBPD_DPM_CADCallback &rArr; Console::debug(char const*, ...) &rArr; __2snprintf &rArr; _printf_char_common &rArr; __printf
</UL>
<BR>[Calls]<UL><LI><a href="#[13b]">&gt;&gt;</a>&nbsp;&nbsp;&nbsp;eTaskGetState
<LI><a href="#[13a]">&gt;&gt;</a>&nbsp;&nbsp;&nbsp;USBPD_PE_IsCableConnected
<LI><a href="#[13f]">&gt;&gt;</a>&nbsp;&nbsp;&nbsp;osThreadNew
<LI><a href="#[13c]">&gt;&gt;</a>&nbsp;&nbsp;&nbsp;osDelay
<LI><a href="#[13d]">&gt;&gt;</a>&nbsp;&nbsp;&nbsp;osThreadTerminate
<LI><a href="#[13e]">&gt;&gt;</a>&nbsp;&nbsp;&nbsp;Console::debug(char const*, ...)
</UL>
<BR>[Address Reference Count : 1]<UL><LI> lto-llvm-1dc57d.o(.rodata.USBPD_DPM_InitCore.CAD_cbs)
</UL>
<P><STRONG><a name="[60]"></a>USBPD_PE_Task_P0</STRONG> (Thumb, 34 bytes, Stack size 8 bytes, lto-llvm-1dc57d.o(.text.USBPD_PE_Task_P0))
<BR><BR>[Stack]<UL><LI>Max Depth = 376 + Unknown Stack Size
<LI>Call Chain = USBPD_PE_Task_P0 &rArr; USBPD_PE_StateMachine_SNK &rArr; PE_StateMachine_VDM &rArr; PE_Send_DataMessage &rArr; USBPD_PRL_SendMessage &rArr; PRL_StateTXConstructMessage &rArr; USBPD_PHY_SendMessage &rArr; USBPD_HW_IF_SendBuffer
</UL>
<BR>[Calls]<UL><LI><a href="#[149]">&gt;&gt;</a>&nbsp;&nbsp;&nbsp;USBPD_PE_StateMachine_SNK
<LI><a href="#[139]">&gt;&gt;</a>&nbsp;&nbsp;&nbsp;osMessageQueueGet
</UL>
<BR>[Address Reference Count : 1]<UL><LI> lto-llvm-1dc57d.o(.text.USBPD_DPM_CADCallback)
</UL>
<P><STRONG><a name="[61]"></a>USBPD_PE_Task_P1</STRONG> (Thumb, 34 bytes, Stack size 8 bytes, lto-llvm-1dc57d.o(.text.USBPD_PE_Task_P1))
<BR><BR>[Stack]<UL><LI>Max Depth = 376 + Unknown Stack Size
<LI>Call Chain = USBPD_PE_Task_P1 &rArr; USBPD_PE_StateMachine_SNK &rArr; PE_StateMachine_VDM &rArr; PE_Send_DataMessage &rArr; USBPD_PRL_SendMessage &rArr; PRL_StateTXConstructMessage &rArr; USBPD_PHY_SendMessage &rArr; USBPD_HW_IF_SendBuffer
</UL>
<BR>[Calls]<UL><LI><a href="#[149]">&gt;&gt;</a>&nbsp;&nbsp;&nbsp;USBPD_PE_StateMachine_SNK
<LI><a href="#[139]">&gt;&gt;</a>&nbsp;&nbsp;&nbsp;osMessageQueueGet
</UL>
<BR>[Address Reference Count : 1]<UL><LI> lto-llvm-1dc57d.o(.text.USBPD_DPM_CADCallback)
</UL>
<P><STRONG><a name="[7c]"></a>USBPD_DPM_CADTaskWakeUp</STRONG> (Thumb, 34 bytes, Stack size 16 bytes, lto-llvm-1dc57d.o(.text.USBPD_DPM_CADTaskWakeUp))
<BR><BR>[Stack]<UL><LI>Max Depth = 144<LI>Call Chain = USBPD_DPM_CADTaskWakeUp &rArr; osMessageQueuePut &rArr; xQueueGenericSend &rArr; xTaskResumeAll &rArr; xTaskIncrementTick
</UL>
<BR>[Calls]<UL><LI><a href="#[112]">&gt;&gt;</a>&nbsp;&nbsp;&nbsp;osMessageQueuePut
</UL>
<BR>[Address Reference Count : 1]<UL><LI> lto-llvm-1dc57d.o(.rodata.USBPD_DPM_InitCore.CAD_cbs)
</UL>
<P><STRONG><a name="[120]"></a>HAL_PCD_SetupStageCallback</STRONG> (Thumb, 3700 bytes, Stack size 32 bytes, lto-llvm-1dc57d.o(.text.HAL_PCD_SetupStageCallback))
<BR><BR>[Stack]<UL><LI>Max Depth = 76<LI>Call Chain = HAL_PCD_SetupStageCallback &rArr; USB_EPStartXfer
</UL>
<BR>[Calls]<UL><LI><a href="#[11e]">&gt;&gt;</a>&nbsp;&nbsp;&nbsp;USB_EPStartXfer
</UL>
<BR>[Called By]<UL><LI><a href="#[1e]">&gt;&gt;</a>&nbsp;&nbsp;&nbsp;USB_LP_IRQHandler
</UL>

<P><STRONG><a name="[11e]"></a>USB_EPStartXfer</STRONG> (Thumb, 1626 bytes, Stack size 44 bytes, lto-llvm-1dc57d.o(.text.USB_EPStartXfer))
<BR><BR>[Stack]<UL><LI>Max Depth = 44<LI>Call Chain = USB_EPStartXfer
</UL>
<BR>[Called By]<UL><LI><a href="#[1e]">&gt;&gt;</a>&nbsp;&nbsp;&nbsp;USB_LP_IRQHandler
<LI><a href="#[11d]">&gt;&gt;</a>&nbsp;&nbsp;&nbsp;HAL_PCD_DataInStageCallback
<LI><a href="#[11f]">&gt;&gt;</a>&nbsp;&nbsp;&nbsp;HAL_PCD_DataOutStageCallback
<LI><a href="#[120]">&gt;&gt;</a>&nbsp;&nbsp;&nbsp;HAL_PCD_SetupStageCallback
</UL>

<P><STRONG><a name="[11f]"></a>HAL_PCD_DataOutStageCallback</STRONG> (Thumb, 184 bytes, Stack size 8 bytes, lto-llvm-1dc57d.o(.text.HAL_PCD_DataOutStageCallback))
<BR><BR>[Stack]<UL><LI>Max Depth = 52<LI>Call Chain = HAL_PCD_DataOutStageCallback &rArr; USB_EPStartXfer
</UL>
<BR>[Calls]<UL><LI><a href="#[11e]">&gt;&gt;</a>&nbsp;&nbsp;&nbsp;USB_EPStartXfer
</UL>
<BR>[Called By]<UL><LI><a href="#[1e]">&gt;&gt;</a>&nbsp;&nbsp;&nbsp;USB_LP_IRQHandler
</UL>

<P><STRONG><a name="[11d]"></a>HAL_PCD_DataInStageCallback</STRONG> (Thumb, 292 bytes, Stack size 16 bytes, lto-llvm-1dc57d.o(.text.HAL_PCD_DataInStageCallback))
<BR><BR>[Stack]<UL><LI>Max Depth = 60<LI>Call Chain = HAL_PCD_DataInStageCallback &rArr; USB_EPStartXfer
</UL>
<BR>[Calls]<UL><LI><a href="#[11e]">&gt;&gt;</a>&nbsp;&nbsp;&nbsp;USB_EPStartXfer
</UL>
<BR>[Called By]<UL><LI><a href="#[1e]">&gt;&gt;</a>&nbsp;&nbsp;&nbsp;USB_LP_IRQHandler
</UL>

<P><STRONG><a name="[14f]"></a>USBD_LL_OpenEP</STRONG> (Thumb, 618 bytes, Stack size 16 bytes, lto-llvm-1dc57d.o(.text.USBD_LL_OpenEP))
<BR><BR>[Stack]<UL><LI>Max Depth = 16<LI>Call Chain = USBD_LL_OpenEP
</UL>
<BR>[Called By]<UL><LI><a href="#[1e]">&gt;&gt;</a>&nbsp;&nbsp;&nbsp;USB_LP_IRQHandler
</UL>

<P><STRONG><a name="[110]"></a>HAL_DMA_IRQHandler</STRONG> (Thumb, 166 bytes, Stack size 16 bytes, lto-llvm-1dc57d.o(.text.HAL_DMA_IRQHandler))
<BR><BR>[Stack]<UL><LI>Max Depth = 16<LI>Call Chain = HAL_DMA_IRQHandler
</UL>
<BR>[Called By]<UL><LI><a href="#[3e]">&gt;&gt;</a>&nbsp;&nbsp;&nbsp;DMA2_Channel1_IRQHandler
<LI><a href="#[1b]">&gt;&gt;</a>&nbsp;&nbsp;&nbsp;DMA1_Channel6_IRQHandler
<LI><a href="#[18]">&gt;&gt;</a>&nbsp;&nbsp;&nbsp;DMA1_Channel3_IRQHandler
<LI><a href="#[17]">&gt;&gt;</a>&nbsp;&nbsp;&nbsp;DMA1_Channel2_IRQHandler
<LI><a href="#[16]">&gt;&gt;</a>&nbsp;&nbsp;&nbsp;DMA1_Channel1_IRQHandler
</UL>

<P><STRONG><a name="[14d]"></a>USB_ReadPMA</STRONG> (Thumb, 148 bytes, Stack size 16 bytes, lto-llvm-1dc57d.o(.text.USB_ReadPMA))
<BR><BR>[Stack]<UL><LI>Max Depth = 16<LI>Call Chain = USB_ReadPMA
</UL>
<BR>[Called By]<UL><LI><a href="#[1e]">&gt;&gt;</a>&nbsp;&nbsp;&nbsp;USB_LP_IRQHandler
</UL>

<P><STRONG><a name="[14e]"></a>USB_WritePMA</STRONG> (Thumb, 130 bytes, Stack size 16 bytes, lto-llvm-1dc57d.o(.text.USB_WritePMA))
<BR><BR>[Stack]<UL><LI>Max Depth = 16<LI>Call Chain = USB_WritePMA
</UL>
<BR>[Called By]<UL><LI><a href="#[1e]">&gt;&gt;</a>&nbsp;&nbsp;&nbsp;USB_LP_IRQHandler
</UL>

<P><STRONG><a name="[136]"></a>HAL_TIM_IRQHandler</STRONG> (Thumb, 342 bytes, Stack size 8 bytes, lto-llvm-1dc57d.o(.text.HAL_TIM_IRQHandler))
<BR><BR>[Stack]<UL><LI>Max Depth = 8<LI>Call Chain = HAL_TIM_IRQHandler
</UL>
<BR>[Called By]<UL><LI><a href="#[3d]">&gt;&gt;</a>&nbsp;&nbsp;&nbsp;TIM7_IRQHandler
<LI><a href="#[3c]">&gt;&gt;</a>&nbsp;&nbsp;&nbsp;TIM6_DAC_IRQHandler
<LI><a href="#[23]">&gt;&gt;</a>&nbsp;&nbsp;&nbsp;TIM1_UP_TIM16_IRQHandler
</UL>

<P><STRONG><a name="[128]"></a>HAL_UART_IRQHandler</STRONG> (Thumb, 1686 bytes, Stack size 16 bytes, lto-llvm-1dc57d.o(.text.HAL_UART_IRQHandler))
<BR><BR>[Stack]<UL><LI>Max Depth = 72<LI>Call Chain = HAL_UART_IRQHandler &rArr; osThreadFlagsSet &rArr; xTaskGenericNotifyFromISR
</UL>
<BR>[Calls]<UL><LI><a href="#[129]">&gt;&gt;</a>&nbsp;&nbsp;&nbsp;osThreadFlagsSet
<LI><a href="#[12a]">&gt;&gt;</a>&nbsp;&nbsp;&nbsp;HAL_DMA_Abort_IT
</UL>
<BR>[Called By]<UL><LI><a href="#[31]">&gt;&gt;</a>&nbsp;&nbsp;&nbsp;USART3_IRQHandler
<LI><a href="#[2f]">&gt;&gt;</a>&nbsp;&nbsp;&nbsp;USART1_IRQHandler
</UL>

<P><STRONG><a name="[12e]"></a>I2C_ITError</STRONG> (Thumb, 508 bytes, Stack size 8 bytes, lto-llvm-1dc57d.o(.text.I2C_ITError))
<BR><BR>[Stack]<UL><LI>Max Depth = 8<LI>Call Chain = I2C_ITError
</UL>
<BR>[Calls]<UL><LI><a href="#[5f]">&gt;&gt;</a>&nbsp;&nbsp;&nbsp;I2C_DMAAbort
</UL>
<BR>[Called By]<UL><LI><a href="#[4c]">&gt;&gt;</a>&nbsp;&nbsp;&nbsp;I2C3_ER_IRQHandler
<LI><a href="#[5e]">&gt;&gt;</a>&nbsp;&nbsp;&nbsp;I2C_Slave_ISR_IT
<LI><a href="#[70]">&gt;&gt;</a>&nbsp;&nbsp;&nbsp;I2C_Master_ISR_IT
</UL>

<P><STRONG><a name="[12a]"></a>HAL_DMA_Abort_IT</STRONG> (Thumb, 122 bytes, Stack size 8 bytes, lto-llvm-1dc57d.o(.text.HAL_DMA_Abort_IT))
<BR><BR>[Stack]<UL><LI>Max Depth = 8<LI>Call Chain = HAL_DMA_Abort_IT
</UL>
<BR>[Called By]<UL><LI><a href="#[128]">&gt;&gt;</a>&nbsp;&nbsp;&nbsp;HAL_UART_IRQHandler
</UL>

<P><STRONG><a name="[57]"></a>ADC_DMAConvCplt</STRONG> (Thumb, 82 bytes, Stack size 0 bytes, lto-llvm-1dc57d.o(.text.ADC_DMAConvCplt))
<BR>[Address Reference Count : 1]<UL><LI> lto-llvm-1dc57d.o(.text.HAL_ADC_Start_DMA)
</UL>
<P><STRONG><a name="[58]"></a>ADC_DMAHalfConvCplt</STRONG> (Thumb, 2 bytes, Stack size 0 bytes, lto-llvm-1dc57d.o(.text.ADC_DMAHalfConvCplt))
<BR>[Address Reference Count : 1]<UL><LI> lto-llvm-1dc57d.o(.text.HAL_ADC_Start_DMA)
</UL>
<P><STRONG><a name="[59]"></a>ADC_DMAError</STRONG> (Thumb, 20 bytes, Stack size 0 bytes, lto-llvm-1dc57d.o(.text.ADC_DMAError))
<BR>[Address Reference Count : 1]<UL><LI> lto-llvm-1dc57d.o(.text.HAL_ADC_Start_DMA)
</UL>
<P><STRONG><a name="[12f]"></a>I2C_ITMasterSeqCplt</STRONG> (Thumb, 128 bytes, Stack size 0 bytes, lto-llvm-1dc57d.o(.text.I2C_ITMasterSeqCplt))
<BR><BR>[Called By]<UL><LI><a href="#[70]">&gt;&gt;</a>&nbsp;&nbsp;&nbsp;I2C_Master_ISR_IT
</UL>

<P><STRONG><a name="[5e]"></a>I2C_Slave_ISR_IT</STRONG> (Thumb, 1306 bytes, Stack size 16 bytes, lto-llvm-1dc57d.o(.text.I2C_Slave_ISR_IT))
<BR><BR>[Stack]<UL><LI>Max Depth = 24<LI>Call Chain = I2C_Slave_ISR_IT &rArr; I2C_ITError
</UL>
<BR>[Calls]<UL><LI><a href="#[130]">&gt;&gt;</a>&nbsp;&nbsp;&nbsp;I2C_ITSlaveSeqCplt
<LI><a href="#[12e]">&gt;&gt;</a>&nbsp;&nbsp;&nbsp;I2C_ITError
</UL>
<BR>[Address Reference Count : 1]<UL><LI> lto-llvm-1dc57d.o(.text.I2C_ITError)
</UL>
<P><STRONG><a name="[5f]"></a>I2C_DMAAbort</STRONG> (Thumb, 82 bytes, Stack size 0 bytes, lto-llvm-1dc57d.o(.text.I2C_DMAAbort))
<BR><BR>[Called By]<UL><LI><a href="#[12e]">&gt;&gt;</a>&nbsp;&nbsp;&nbsp;I2C_ITError
</UL>
<BR>[Address Reference Count : 1]<UL><LI> lto-llvm-1dc57d.o(.text.I2C_ITError)
</UL>
<P><STRONG><a name="[130]"></a>I2C_ITSlaveSeqCplt</STRONG> (Thumb, 130 bytes, Stack size 0 bytes, lto-llvm-1dc57d.o(.text.I2C_ITSlaveSeqCplt))
<BR><BR>[Called By]<UL><LI><a href="#[5e]">&gt;&gt;</a>&nbsp;&nbsp;&nbsp;I2C_Slave_ISR_IT
</UL>

<P><STRONG><a name="[132]"></a>SPI_WaitFifoStateUntilTimeout</STRONG> (Thumb, 242 bytes, Stack size 24 bytes, lto-llvm-1dc57d.o(.text.SPI_WaitFifoStateUntilTimeout))
<BR><BR>[Stack]<UL><LI>Max Depth = 24<LI>Call Chain = SPI_WaitFifoStateUntilTimeout
</UL>
<BR>[Called By]<UL><LI><a href="#[5b]">&gt;&gt;</a>&nbsp;&nbsp;&nbsp;SPI_DMATransmitCplt
</UL>

<P><STRONG><a name="[5a]"></a>SPI_DMAHalfTransmitCplt</STRONG> (Thumb, 2 bytes, Stack size 0 bytes, lto-llvm-1dc57d.o(.text.SPI_DMAHalfTransmitCplt))
<BR>[Address Reference Count : 1]<UL><LI> lto-llvm-1dc57d.o(.text.HAL_SPI_Transmit_DMA)
</UL>
<P><STRONG><a name="[5b]"></a>SPI_DMATransmitCplt</STRONG> (Thumb, 316 bytes, Stack size 32 bytes, lto-llvm-1dc57d.o(.text.SPI_DMATransmitCplt))
<BR><BR>[Stack]<UL><LI>Max Depth = 88<LI>Call Chain = SPI_DMATransmitCplt &rArr; osThreadFlagsSet &rArr; xTaskGenericNotifyFromISR
</UL>
<BR>[Calls]<UL><LI><a href="#[129]">&gt;&gt;</a>&nbsp;&nbsp;&nbsp;osThreadFlagsSet
<LI><a href="#[132]">&gt;&gt;</a>&nbsp;&nbsp;&nbsp;SPI_WaitFifoStateUntilTimeout
</UL>
<BR>[Address Reference Count : 1]<UL><LI> lto-llvm-1dc57d.o(.text.HAL_SPI_Transmit_DMA)
</UL>
<P><STRONG><a name="[5c]"></a>SPI_DMAError</STRONG> (Thumb, 58 bytes, Stack size 0 bytes, lto-llvm-1dc57d.o(.text.SPI_DMAError))
<BR><BR>[Stack]<UL><LI>Max Depth = 56<LI>Call Chain = SPI_DMAError &rArr; osThreadFlagsSet &rArr; xTaskGenericNotifyFromISR
</UL>
<BR>[Calls]<UL><LI><a href="#[129]">&gt;&gt;</a>&nbsp;&nbsp;&nbsp;osThreadFlagsSet
</UL>
<BR>[Address Reference Count : 1]<UL><LI> lto-llvm-1dc57d.o(.text.HAL_SPI_Transmit_DMA)
</UL>
<P><STRONG><a name="[12d]"></a>UART_WaitOnFlagUntilTimeout</STRONG> (Thumb, 600 bytes, Stack size 8 bytes, lto-llvm-1dc57d.o(.text.UART_WaitOnFlagUntilTimeout))
<BR><BR>[Stack]<UL><LI>Max Depth = 8<LI>Call Chain = UART_WaitOnFlagUntilTimeout
</UL>
<BR>[Called By]<UL><LI><a href="#[12b]">&gt;&gt;</a>&nbsp;&nbsp;&nbsp;HAL_UART_Init
</UL>

<P><STRONG><a name="[5d]"></a>UART_DMAAbortOnError</STRONG> (Thumb, 40 bytes, Stack size 0 bytes, lto-llvm-1dc57d.o(.text.UART_DMAAbortOnError))
<BR><BR>[Stack]<UL><LI>Max Depth = 56<LI>Call Chain = UART_DMAAbortOnError &rArr; osThreadFlagsSet &rArr; xTaskGenericNotifyFromISR
</UL>
<BR>[Calls]<UL><LI><a href="#[129]">&gt;&gt;</a>&nbsp;&nbsp;&nbsp;osThreadFlagsSet
</UL>
<BR>[Address Reference Count : 1]<UL><LI> lto-llvm-1dc57d.o(.text.HAL_UART_IRQHandler)
</UL>
<P><STRONG><a name="[56]"></a>CAD_StateMachine_SNK</STRONG> (Thumb, 1420 bytes, Stack size 56 bytes, lto-llvm-1dc57d.o(.text.CAD_StateMachine_SNK))
<BR><BR>[Stack]<UL><LI>Max Depth = 224 + Unknown Stack Size
<LI>Call Chain = CAD_StateMachine_SNK &rArr; PWR_DEBUG_TRACE &rArr; __2snprintf &rArr; _printf_char_common &rArr; __printf
</UL>
<BR>[Calls]<UL><LI><a href="#[10f]">&gt;&gt;</a>&nbsp;&nbsp;&nbsp;PWR_DEBUG_TRACE
</UL>
<BR>[Address Reference Count : 1]<UL><LI> lto-llvm-1dc57d.o(.text.CAD_Init)
</UL>
<P><STRONG><a name="[62]"></a>PHY_Rx_Completed</STRONG> (Thumb, 88 bytes, Stack size 0 bytes, lto-llvm-1dc57d.o(.text.PHY_Rx_Completed))
<BR>[Address Reference Count : 1]<UL><LI> lto-llvm-1dc57d.o(.text.USBPD_PHY_Init)
</UL>
<P><STRONG><a name="[14b]"></a>USBPD_HW_IF_SendBuffer</STRONG> (Thumb, 252 bytes, Stack size 16 bytes, lto-llvm-1dc57d.o(.text.USBPD_HW_IF_SendBuffer))
<BR><BR>[Stack]<UL><LI>Max Depth = 16<LI>Call Chain = USBPD_HW_IF_SendBuffer
</UL>
<BR>[Called By]<UL><LI><a href="#[14c]">&gt;&gt;</a>&nbsp;&nbsp;&nbsp;USBPD_PHY_SendMessage
<LI><a href="#[14a]">&gt;&gt;</a>&nbsp;&nbsp;&nbsp;USBPD_PHY_ResetRequest
</UL>
<P>
<H3>
Undefined Global Symbols
</H3><HR></body></html>
