<html>
<body>
<pre>
<h1>礦ision Build Log</h1>
<h2>Tool Versions:</h2>
IDE-Version: μVision V5.38.0.0
Copyright (C) 2022 ARM Ltd and ARM Germany GmbH. All rights reserved.
License Information: 汪汪队 记大过, -, LIC=FYKYW-QAUJP-56WQ2-9PSDP-97MGF-B3RIE
 
Tool Versions:
Toolchain:       MDK-ARM Plus  Version: 5.38.0.0
Toolchain Path:  C:\Keil_v5\ARM\ARMCLANG\Bin
C Compiler:      ArmClang.exe V6.19
Assembler:       Armasm.exe V6.19
Linker/Locator:  ArmLink.exe V6.19
Library Manager: ArmAr.exe V6.19
Hex Converter:   FromElf.exe V6.19
CPU DLL:         SARMCM3.DLL V5.38.0.0
Dialog DLL:      DCM.DLL V1.17.5.0
Target DLL:      STLink\ST-LINKIII-KEIL_SWO.dll V3.1.0.0
Dialog DLL:      TCM.DLL V1.56.4.0
 
<h2>Project:</h2>
C:\Users\CHALLENGER\Documents\KeXieData\Project\DigitalPower\mcu\main\MDK-ARM\DigitalPowerNew.uvprojx
Project File Date:  03/03/2025

<h2>Output:</h2>
*** Using Compiler 'V6.19', folder: 'C:\Keil_v5\ARM\ARMCLANG\Bin'
Build target 'DigitalPowerNew'
Note: source file '../Src/usbpd.c' - object file renamed from 'DigitalPowerNew\usbpd.o' to 'DigitalPowerNew\usbpd_1.o'.
compiling impl_usbpd_pwr_if.cpp...
compiling power_sample.cpp...
compiling buzzer.cpp...
compiling drawing_interface.cpp...
../Hardware/usb_bridge.cpp(1): warning: In file included from...
../Hardware/usb_bridge.hpp(9): warning: class 'UsbBridge' does not declare any constructor to initialize its non-modifiable members
class UsbBridge {
      ^
../Hardware/usb_bridge.hpp(79): note: reference member 'handle' will never be initialized
    USART_HandleTypeDef &handle;
                         ^
1 warning generated.
compiling usb_bridge.cpp...
compiling console.cpp...
compiling lcd.cpp...
compiling font.cpp...
compiling offset.cpp...
compiling size.cpp...
compiling utf8_parser.cpp...
compiling RGB565.cpp...
compiling font_DIN_COROS_32px_w500_gs2bit.cpp...
compiling power_control_timer_handle.cpp...
compiling font_DIN_COROS_56px_w500_gs2bit.cpp...
compiling font_DIN_COROS_64px_w500_gs2bit.cpp...
compiling tmp102.cpp...
compiling font_Jetbrains_Mono_20px_w800_gs2bit.cpp...
compiling impl_usbpd_pwr_user.cpp...
compiling impl_usbpd_dpm_user.cpp...
compiling font_MiSans_10px_w700_gs4bit.cpp...
compiling user_main.cpp...
compiling font_MiSans_16px_w500_gs2bit.cpp...
compiling font_MiSans_12px_w500_gs4bit.cpp...
compiling usb_thread.cpp...
compiling usbpd.cpp...
compiling onboad_interrupt_binder.cpp...
compiling onboard_resource.cpp...
compiling font_Source_Han_Serif_16px_w500_gs2bit.cpp...
compiling font_MiSans_20px_w500_gs2bit.cpp...
compiling gui_thread.cpp...
compiling font_Source_Han_Sans_16px_w500_gs2bit.cpp...
assembling startup_stm32g431xx.s...
compiling gpio.c...
compiling app_freertos.c...
compiling adc.c...
compiling main.c...
compiling comp.c...
compiling dac.c...
compiling i2c.c...
compiling dma.c...
compiling opamp.c...
compiling spi.c...
compiling tim.c...
compiling usbpd_pwr_user.c...
compiling usart.c...
compiling ucpd.c...
compiling usbpd.c...
compiling usbpd_dpm_user.c...
compiling usbpd_vdm_user.c...
compiling usbpd_dpm_core.c...
compiling usb_device.c...
compiling usbd_conf.c...
compiling usbpd_pwr_if.c...
compiling usbd_custom_hid_if.c...
compiling usbd_desc.c...
compiling stm32g4xx_hal_timebase_tim.c...
compiling stm32g4xx_hal_msp.c...
compiling stm32g4xx_it.c...
compiling stm32g4xx_ll_utils.c...
compiling stm32g4xx_ll_exti.c...
compiling stm32g4xx_hal_pcd_ex.c...
compiling stm32g4xx_hal.c...
compiling stm32g4xx_hal_tim_ex.c...
compiling stm32g4xx_hal_pcd.c...
compiling stm32g4xx_hal_flash_ramfunc.c...
compiling stm32g4xx_hal_rcc.c...
compiling stm32g4xx_hal_flash.c...
compiling stm32g4xx_ll_usb.c...
compiling stm32g4xx_hal_rcc_ex.c...
compiling stm32g4xx_hal_exti.c...
compiling stm32g4xx_hal_gpio.c...
compiling stm32g4xx_hal_dma_ex.c...
compiling stm32g4xx_hal_pwr.c...
compiling stm32g4xx_hal_flash_ex.c...
compiling stm32g4xx_hal_dma.c...
compiling stm32g4xx_hal_tim.c...
compiling stm32g4xx_hal_cortex.c...
compiling stm32g4xx_hal_pwr_ex.c...
compiling stm32g4xx_hal_comp.c...
compiling stm32g4xx_ll_adc.c...
compiling stm32g4xx_hal_dac_ex.c...
compiling stm32g4xx_hal_dac.c...
compiling stm32g4xx_hal_i2c_ex.c...
compiling stm32g4xx_hal_opamp_ex.c...
compiling stm32g4xx_hal_opamp.c...
compiling stm32g4xx_hal_spi_ex.c...
compiling stm32g4xx_hal_adc_ex.c...
compiling stm32g4xx_ll_ucpd.c...
compiling stm32g4xx_ll_gpio.c...
compiling stm32g4xx_hal_adc.c...
compiling croutine.c...
compiling list.c...
compiling stm32g4xx_ll_dma.c...
compiling stm32g4xx_hal_spi.c...
compiling event_groups.c...
compiling stm32g4xx_hal_uart_ex.c...
compiling system_stm32g4xx.c...
compiling heap_3.c...
compiling stm32g4xx_ll_tim.c...
compiling stm32g4xx_hal_i2c.c...
compiling stream_buffer.c...
compiling timers.c...
compiling port.c...
compiling usbpd_trace.c...
compiling queue.c...
compiling stm32g4xx_hal_uart.c...
compiling usbpd_hw.c...
compiling usbpd_hw_if_it.c...
compiling usbpd_cad_hw_if.c...
compiling usbpd_phy.c...
compiling usbd_core.c...
compiling tasks.c...
compiling usbpd_phy_hw_if.c...
compiling usbd_ioreq.c...
compiling cmsis_os2.c...
compiling usbd_ctlreq.c...
compiling usbpd_pwr_hw_if.c...
compiling usbd_customhid.c...
compiling usbpd_timersserver.c...
linking...
Program Size: Code=93280 RO-data=19712 RW-data=3648 ZI-data=23408  
FromELF: creating hex file...
"DigitalPowerNew\DigitalPowerNew.axf" - 0 Error(s), 1 Warning(s).

<h2>Software Packages used:</h2>

Package Vendor: ARM
                http://www.keil.com/pack/ARM.CMSIS.5.9.0.pack
                ARM.CMSIS.5.9.0
                CMSIS (Common Microcontroller Software Interface Standard)
   * Component: CORE Version: 5.6.0

Package Vendor: Keil
                https://www.keil.com/pack/Keil.STM32G4xx_DFP.1.5.0.pack
                Keil.STM32G4xx_DFP.1.5.0
                STMicroelectronics STM32G4 Series Device Support, Drivers and Examples

<h2>Collection of Component include folders:</h2>
  ./RTE/_DigitalPowerNew
  C:/Users/CHALLENGER/AppData/Local/Arm/Packs/ARM/CMSIS/5.9.0/CMSIS/Core/Include
  C:/Users/CHALLENGER/AppData/Local/Arm/Packs/Keil/STM32G4xx_DFP/1.5.0/Drivers/CMSIS/Device/ST/STM32G4xx/Include

<h2>Collection of Component Files used:</h2>

   * Component: ARM::CMSIS:CORE:5.6.0
      Include file:  CMSIS/Core/Include/tz_context.h
Build Time Elapsed:  00:00:08
</pre>
</body>
</html>
