<html>
<body>
<pre>
<h1>礦ision Build Log</h1>
<h2>Tool Versions:</h2>
IDE-Version: μVision V5.38.0.0
Copyright (C) 2022 ARM Ltd and ARM Germany GmbH. All rights reserved.
License Information: 汪汪队 记大过, -, LIC=FYKYW-QAUJP-56WQ2-9PSDP-97MGF-B3RIE
 
Tool Versions:
Toolchain:       MDK-ARM Plus  Version: 5.38.0.0
Toolchain Path:  C:\Keil_v5\ARM\ARMCLANG\Bin
C Compiler:      ArmClang.exe V6.19
Assembler:       Armasm.exe V6.19
Linker/Locator:  ArmLink.exe V6.19
Library Manager: ArmAr.exe V6.19
Hex Converter:   FromElf.exe V6.19
CPU DLL:         SARMCM3.DLL V5.38.0.0
Dialog DLL:      DCM.DLL V1.17.5.0
Target DLL:      STLink\ST-LINKIII-KEIL_SWO.dll V3.1.0.0
Dialog DLL:      TCM.DLL V1.56.4.0
 
<h2>Project:</h2>
C:\Users\CHALLENGER\Documents\KeXieData\Project\DigitalPower\mcu\main\MDK-ARM\DigitalPowerNew.uvprojx
Project File Date:  03/12/2025

<h2>Output:</h2>
*** Using Compiler 'V6.19', folder: 'C:\Keil_v5\ARM\ARMCLANG\Bin'
Build target 'DigitalPowerNew'
Note: source file '../Src/usbpd.c' - object file renamed from 'DigitalPowerNew\usbpd.o' to 'DigitalPowerNew\usbpd_1.o'.
compiling power_control.cpp...
compiling power_control_timer_handle.cpp...
compiling impl_usbpd_pwr_user.cpp...
compiling gui_thread.cpp...
compiling usb_thread.cpp...
compiling usbpd.cpp...
compiling onboad_interrupt_binder.cpp...
compiling tmp102.cpp...
compiling user_main.cpp...
compiling impl_usbpd_dpm_user.cpp...
compiling onboard_resource.cpp...
compiling ui_resource.cpp...
compiling main_ui.cpp...
linking...
Program Size: Code=89288 RO-data=8856 RW-data=8512 ZI-data=23984  
FromELF: creating hex file...
"DigitalPowerNew\DigitalPowerNew.axf" - 0 Error(s), 0 Warning(s).

<h2>Software Packages used:</h2>

Package Vendor: ARM
                http://www.keil.com/pack/ARM.CMSIS.5.9.0.pack
                ARM.CMSIS.5.9.0
                CMSIS (Common Microcontroller Software Interface Standard)
   * Component: CORE Version: 5.6.0

Package Vendor: Keil
                https://www.keil.com/pack/Keil.STM32G4xx_DFP.1.5.0.pack
                Keil.STM32G4xx_DFP.1.5.0
                STMicroelectronics STM32G4 Series Device Support, Drivers and Examples

<h2>Collection of Component include folders:</h2>
  ./RTE/_DigitalPowerNew
  C:/Users/CHALLENGER/AppData/Local/Arm/Packs/ARM/CMSIS/5.9.0/CMSIS/Core/Include
  C:/Users/CHALLENGER/AppData/Local/Arm/Packs/Keil/STM32G4xx_DFP/1.5.0/Drivers/CMSIS/Device/ST/STM32G4xx/Include

<h2>Collection of Component Files used:</h2>

   * Component: ARM::CMSIS:CORE:5.6.0
      Include file:  CMSIS/Core/Include/tz_context.h
Build Time Elapsed:  00:00:06
</pre>
</body>
</html>
